2026-08-09 13:35:37,123 - INFO - Matplotlib 字体设置：使用回退字体列表，首选可用字体: Noto Sans CJK SC
2026-08-09 13:35:38,968 - INFO - 使用指定 ChromeDriver: /usr/bin/chromedriver
2026-08-09 13:35:39,039 - INFO - ddddocr 识别器初始化成功
2026-08-09 13:35:39,133 - INFO - captcha-recognizer 滑块识别模型初始化成功
2026-08-09 13:35:39,133 - INFO - 开始南京大学电费监控流程（自动无头模式）
2026-08-09 13:35:39,133 - INFO - 已初始化并清空验证码图片目录: /home/runner/work/nju_electric_monitor/nju_electric_monitor/src/../data/captcha_workflow
2026-08-09 13:35:39,133 - INFO - 正在打开页面: https://epay.nju.edu.cn/epay/h5/nju/electric/index
2026-08-09 13:35:46,793 - INFO - 等待登录表单加载...
2026-08-09 13:35:46,805 - INFO - 登录表单已加载
2026-08-09 13:35:46,805 - INFO - 开始填写登录表单...
2026-08-09 13:35:46,892 - INFO - 用户名填写完成
2026-08-09 13:35:46,967 - INFO - 密码填写完成
2026-08-09 13:35:47,006 - INFO - 未检测到任何验证方式
2026-08-09 13:35:47,006 - INFO - 登录前验证方式检测: none
2026-08-09 13:35:47,006 - INFO - 未检测到传统验证码，点击登录按钮...
2026-08-09 13:35:47,006 - INFO - 查找并点击登录按钮...
2026-08-09 13:35:47,028 - INFO - 通过 ID=login_submit 找到登录按钮
2026-08-09 13:35:47,082 - INFO - 已点击登录按钮
2026-08-09 13:35:54,108 - INFO - 检测到滑块验证（sliderDiv）
2026-08-09 13:35:54,108 - INFO - 登录后验证方式检测: slider
2026-08-09 13:35:54,108 - INFO - 开始处理滑块验证...
2026-08-09 13:35:55,622 - INFO - 滑块验证第 1/3 轮尝试
2026-08-09 13:35:55,943 - INFO - 滑块缺口 box=[148,51,190,89], confidence=0.957, 截图=278px, DOM=278px, 缩放=1.00x, 拖拽偏移=148px
2026-08-09 13:35:55,944 - INFO - 滑块拖拽尝试 1/2 (偏移=148px)
2026-08-09 13:36:16,163 - INFO - 滑块验证通过（sliderDiv 元素不存在）
2026-08-09 13:36:16,163 - INFO - 滑块验证第 1 轮成功
2026-08-09 13:36:16,163 - INFO - 等待登录成功...
2026-08-09 13:36:16,175 - INFO - 检测到已跳转到电费页面: https://epay.nju.edu.cn/epay/h5/nju/electric/index
2026-08-09 13:36:16,175 - INFO - 尝试选择房间: 4幢/4A211
2026-08-09 13:36:16,185 - INFO - 房间列表已加载
2026-08-09 13:36:16,193 - INFO - 共找到 5 个房间
2026-08-09 13:36:16,211 - INFO - 找到匹配房间: 仙林校区 4幢 4A211 (索引 0)
2026-08-09 13:36:16,271 - INFO - 已点击房间 0 的 label
2026-08-09 13:36:16,276 - INFO - 已通过 Vue check(0) 同步房间选择状态
2026-08-09 13:36:16,276 - INFO - 房间选择完成: 4幢/4A211
2026-08-09 13:36:16,276 - INFO - 查找'去充值'按钮（第 1 次）...
2026-08-09 13:36:16,301 - INFO - 通过文本包含 '去充值' 找到充值按钮
2026-08-09 13:36:17,460 - INFO - 已点击充值按钮
2026-08-09 13:36:20,460 - INFO - 开始提取剩余电量信息...
2026-08-09 13:36:20,471 - WARNING - 未找到电量信息元素，尝试其他方法...
2026-08-09 13:36:20,479 - WARNING - 未找到i标签中的电量信息，尝试其他方法...
2026-08-09 13:36:20,481 - INFO - 在页面源码中查找电量信息...
2026-08-09 13:36:20,492 - WARNING - 未能提取到剩余电量信息
2026-08-09 13:36:20,492 - WARNING - 电量提取第 1 次失败，等待 5s 后重试
2026-08-09 13:36:25,492 - INFO - 开始提取剩余电量信息...
2026-08-09 13:36:25,499 - WARNING - 未找到电量信息元素，尝试其他方法...
2026-08-09 13:36:25,505 - WARNING - 未找到i标签中的电量信息，尝试其他方法...
2026-08-09 13:36:25,507 - INFO - 在页面源码中查找电量信息...
2026-08-09 13:36:25,514 - WARNING - 未能提取到剩余电量信息
2026-08-09 13:36:25,514 - WARNING - 电量提取第 2 次失败，等待 5s 后重试
2026-08-09 13:36:30,514 - INFO - 开始提取剩余电量信息...
2026-08-09 13:36:30,521 - WARNING - 未找到电量信息元素，尝试其他方法...
2026-08-09 13:36:30,526 - WARNING - 未找到i标签中的电量信息，尝试其他方法...
2026-08-09 13:36:30,528 - INFO - 在页面源码中查找电量信息...
2026-08-09 13:36:30,535 - WARNING - 未能提取到剩余电量信息
2026-08-09 13:36:30,535 - ERROR - 提取剩余电量失败（重试耗尽），认为本次监控流程未成功
2026-08-09 13:37:01,464 - INFO - Matplotlib 字体设置：使用回退字体列表，首选可用字体: Noto Sans CJK SC
2026-08-09 13:37:02,287 - INFO - 使用指定 ChromeDriver: /usr/bin/chromedriver
2026-08-09 13:37:02,396 - INFO - ddddocr 识别器初始化成功
2026-08-09 13:37:02,495 - INFO - captcha-recognizer 滑块识别模型初始化成功
2026-08-09 13:37:02,495 - INFO - 开始南京大学电费监控流程（自动无头模式）
2026-08-09 13:37:02,496 - INFO - 已初始化并清空验证码图片目录: /home/runner/work/nju_electric_monitor/nju_electric_monitor/src/../data/captcha_workflow
2026-08-09 13:37:02,496 - INFO - 正在打开页面: https://epay.nju.edu.cn/epay/h5/nju/electric/index
2026-08-09 13:37:12,147 - INFO - 等待登录表单加载...
2026-08-09 13:37:12,157 - INFO - 登录表单已加载
2026-08-09 13:37:12,157 - INFO - 开始填写登录表单...
2026-08-09 13:37:12,244 - INFO - 用户名填写完成
2026-08-09 13:37:12,316 - INFO - 密码填写完成
2026-08-09 13:37:12,355 - INFO - 未检测到任何验证方式
2026-08-09 13:37:12,355 - INFO - 登录前验证方式检测: none
2026-08-09 13:37:12,355 - INFO - 未检测到传统验证码，点击登录按钮...
2026-08-09 13:37:12,355 - INFO - 查找并点击登录按钮...
2026-08-09 13:37:12,377 - INFO - 通过 ID=login_submit 找到登录按钮
2026-08-09 13:37:12,428 - INFO - 已点击登录按钮
2026-08-09 13:37:19,454 - INFO - 检测到滑块验证（sliderDiv）
2026-08-09 13:37:19,454 - INFO - 登录后验证方式检测: slider
2026-08-09 13:37:19,454 - INFO - 开始处理滑块验证...
2026-08-09 13:37:20,968 - INFO - 滑块验证第 1/3 轮尝试
2026-08-09 13:37:21,309 - INFO - 滑块缺口 box=[184,12,225,49], confidence=0.959, 截图=278px, DOM=278px, 缩放=1.00x, 拖拽偏移=184px
2026-08-09 13:37:21,310 - INFO - 滑块拖拽尝试 1/2 (偏移=184px)
2026-08-09 13:37:39,621 - WARNING - 滑块拖拽第 1 次未通过验证
2026-08-09 13:37:40,622 - INFO - 滑块拖拽尝试 2/2 (偏移=184px)
2026-08-09 13:37:58,806 - WARNING - 滑块拖拽第 2 次未通过验证
2026-08-09 13:37:58,806 - ERROR - 滑块验证 2 次尝试均失败
2026-08-09 13:37:58,806 - WARNING - 第 1 轮滑块拖拽失败
2026-08-09 13:37:59,806 - INFO - 滑块验证第 2/3 轮尝试
2026-08-09 13:38:00,130 - INFO - 滑块缺口 box=[102,52,143,90], confidence=0.956, 截图=280px, DOM=280px, 缩放=1.00x, 拖拽偏移=102px
2026-08-09 13:38:00,130 - INFO - 滑块拖拽尝试 1/2 (偏移=102px)
2026-08-09 13:38:19,009 - INFO - 滑块验证通过（sliderDiv 元素不存在）
2026-08-09 13:38:19,009 - INFO - 滑块验证第 2 轮成功
2026-08-09 13:38:19,009 - INFO - 等待登录成功...
2026-08-09 13:38:19,019 - INFO - 检测到已跳转到电费页面: https://epay.nju.edu.cn/epay/h5/nju/electric/index
2026-08-09 13:38:19,019 - INFO - 尝试选择房间: 4幢/4A211
2026-08-09 13:38:19,027 - INFO - 房间列表已加载
2026-08-09 13:38:19,035 - INFO - 共找到 5 个房间
2026-08-09 13:38:19,054 - INFO - 找到匹配房间: 仙林校区 4幢 4A211 (索引 0)
2026-08-09 13:38:19,115 - INFO - 已点击房间 0 的 label
2026-08-09 13:38:19,121 - INFO - 已通过 Vue check(0) 同步房间选择状态
2026-08-09 13:38:19,121 - INFO - 房间选择完成: 4幢/4A211
2026-08-09 13:38:19,121 - INFO - 查找'去充值'按钮（第 1 次）...
2026-08-09 13:38:19,146 - INFO - 通过文本包含 '去充值' 找到充值按钮
2026-08-09 13:38:20,343 - INFO - 已点击充值按钮
2026-08-09 13:38:23,344 - INFO - 开始提取剩余电量信息...
2026-08-09 13:38:23,355 - WARNING - 未找到电量信息元素，尝试其他方法...
2026-08-09 13:38:23,364 - WARNING - 未找到i标签中的电量信息，尝试其他方法...
2026-08-09 13:38:23,366 - INFO - 在页面源码中查找电量信息...
2026-08-09 13:38:23,377 - WARNING - 未能提取到剩余电量信息
2026-08-09 13:38:23,377 - WARNING - 电量提取第 1 次失败，等待 5s 后重试
2026-08-09 13:38:28,377 - INFO - 开始提取剩余电量信息...
2026-08-09 13:38:28,384 - WARNING - 未找到电量信息元素，尝试其他方法...
2026-08-09 13:38:28,390 - WARNING - 未找到i标签中的电量信息，尝试其他方法...
2026-08-09 13:38:28,392 - INFO - 在页面源码中查找电量信息...
2026-08-09 13:38:28,399 - WARNING - 未能提取到剩余电量信息
2026-08-09 13:38:28,399 - WARNING - 电量提取第 2 次失败，等待 5s 后重试
2026-08-09 13:38:33,399 - INFO - 开始提取剩余电量信息...
2026-08-09 13:38:33,407 - WARNING - 未找到电量信息元素，尝试其他方法...
2026-08-09 13:38:33,413 - WARNING - 未找到i标签中的电量信息，尝试其他方法...
2026-08-09 13:38:33,415 - INFO - 在页面源码中查找电量信息...
2026-08-09 13:38:33,422 - WARNING - 未能提取到剩余电量信息
2026-08-09 13:38:33,422 - ERROR - 提取剩余电量失败（重试耗尽），认为本次监控流程未成功
2026-08-09 13:39:04,356 - INFO - Matplotlib 字体设置：使用回退字体列表，首选可用字体: Noto Sans CJK SC
2026-08-09 13:39:05,189 - INFO - 使用指定 ChromeDriver: /usr/bin/chromedriver
2026-08-09 13:39:05,259 - INFO - ddddocr 识别器初始化成功
2026-08-09 13:39:05,368 - INFO - captcha-recognizer 滑块识别模型初始化成功
2026-08-09 13:39:05,368 - INFO - 开始南京大学电费监控流程（自动无头模式）
2026-08-09 13:39:05,368 - INFO - 已初始化并清空验证码图片目录: /home/runner/work/nju_electric_monitor/nju_electric_monitor/src/../data/captcha_workflow
2026-08-09 13:39:05,368 - INFO - 正在打开页面: https://epay.nju.edu.cn/epay/h5/nju/electric/index
2026-08-09 13:39:12,374 - INFO - 等待登录表单加载...
2026-08-09 13:39:12,385 - INFO - 登录表单已加载
2026-08-09 13:39:12,385 - INFO - 开始填写登录表单...
2026-08-09 13:39:12,472 - INFO - 用户名填写完成
2026-08-09 13:39:12,548 - INFO - 密码填写完成
2026-08-09 13:39:12,588 - INFO - 未检测到任何验证方式
2026-08-09 13:39:12,588 - INFO - 登录前验证方式检测: none
2026-08-09 13:39:12,588 - INFO - 未检测到传统验证码，点击登录按钮...
2026-08-09 13:39:12,588 - INFO - 查找并点击登录按钮...
2026-08-09 13:39:12,611 - INFO - 通过 ID=login_submit 找到登录按钮
2026-08-09 13:39:12,664 - INFO - 已点击登录按钮
2026-08-09 13:39:19,690 - INFO - 检测到滑块验证（sliderDiv）
2026-08-09 13:39:19,690 - INFO - 登录后验证方式检测: slider
2026-08-09 13:39:19,690 - INFO - 开始处理滑块验证...
2026-08-09 13:39:21,203 - INFO - 滑块验证第 1/3 轮尝试
2026-08-09 13:39:21,530 - INFO - 滑块缺口 box=[87,51,129,90], confidence=0.951, 截图=278px, DOM=278px, 缩放=1.00x, 拖拽偏移=87px
2026-08-09 13:39:21,530 - INFO - 滑块拖拽尝试 1/2 (偏移=87px)
2026-08-09 13:39:38,657 - INFO - 滑块验证通过（sliderDiv 元素不存在）
2026-08-09 13:39:38,657 - INFO - 滑块验证第 1 轮成功
2026-08-09 13:39:38,657 - INFO - 等待登录成功...
2026-08-09 13:39:38,666 - INFO - 检测到已跳转到电费页面: https://epay.nju.edu.cn/epay/h5/nju/electric/index
2026-08-09 13:39:38,667 - INFO - 尝试选择房间: 4幢/4A211
2026-08-09 13:39:38,674 - INFO - 房间列表已加载
2026-08-09 13:39:38,682 - INFO - 共找到 5 个房间
2026-08-09 13:39:38,700 - INFO - 找到匹配房间: 仙林校区 4幢 4A211 (索引 0)
2026-08-09 13:39:38,762 - INFO - 已点击房间 0 的 label
2026-08-09 13:39:38,767 - INFO - 已通过 Vue check(0) 同步房间选择状态
2026-08-09 13:39:38,767 - INFO - 房间选择完成: 4幢/4A211
2026-08-09 13:39:38,767 - INFO - 查找'去充值'按钮（第 1 次）...
2026-08-09 13:39:38,792 - INFO - 通过文本包含 '去充值' 找到充值按钮
2026-08-09 13:39:39,941 - INFO - 已点击充值按钮
2026-08-09 13:39:42,941 - INFO - 开始提取剩余电量信息...
2026-08-09 13:39:42,952 - WARNING - 未找到电量信息元素，尝试其他方法...
2026-08-09 13:39:42,960 - WARNING - 未找到i标签中的电量信息，尝试其他方法...
2026-08-09 13:39:42,962 - INFO - 在页面源码中查找电量信息...
2026-08-09 13:39:42,973 - WARNING - 未能提取到剩余电量信息
2026-08-09 13:39:42,973 - WARNING - 电量提取第 1 次失败，等待 5s 后重试
2026-08-09 13:39:47,973 - INFO - 开始提取剩余电量信息...
2026-08-09 13:39:47,980 - WARNING - 未找到电量信息元素，尝试其他方法...
2026-08-09 13:39:47,986 - WARNING - 未找到i标签中的电量信息，尝试其他方法...
2026-08-09 13:39:47,988 - INFO - 在页面源码中查找电量信息...
2026-08-09 13:39:47,995 - WARNING - 未能提取到剩余电量信息
2026-08-09 13:39:47,995 - WARNING - 电量提取第 2 次失败，等待 5s 后重试
2026-08-09 13:39:52,995 - INFO - 开始提取剩余电量信息...
2026-08-09 13:39:53,002 - WARNING - 未找到电量信息元素，尝试其他方法...
2026-08-09 13:39:53,007 - WARNING - 未找到i标签中的电量信息，尝试其他方法...
2026-08-09 13:39:53,009 - INFO - 在页面源码中查找电量信息...
2026-08-09 13:39:53,016 - WARNING - 未能提取到剩余电量信息
2026-08-09 13:39:53,016 - ERROR - 提取剩余电量失败（重试耗尽），认为本次监控流程未成功
