2026-08-10 02:57:28,840 - INFO - Matplotlib 字体设置：使用回退字体列表，首选可用字体: Noto Sans CJK SC
2026-08-10 02:57:30,044 - INFO - 使用指定 ChromeDriver: /usr/bin/chromedriver
2026-08-10 02:57:30,090 - INFO - ddddocr 识别器初始化成功
2026-08-10 02:57:30,176 - INFO - captcha-recognizer 滑块识别模型初始化成功
2026-08-10 02:57:30,176 - INFO - 开始南京大学电费监控流程（自动无头模式）
2026-08-10 02:57:30,177 - INFO - 已初始化并清空验证码图片目录: /home/runner/work/nju_electric_monitor/nju_electric_monitor/src/../data/captcha_workflow
2026-08-10 02:57:30,177 - INFO - 正在打开页面: https://epay.nju.edu.cn/epay/h5/nju/electric/index
2026-08-10 02:57:40,259 - INFO - 等待登录表单加载...
2026-08-10 02:57:40,268 - INFO - 登录表单已加载
2026-08-10 02:57:40,268 - INFO - 开始填写登录表单...
2026-08-10 02:57:40,343 - INFO - 用户名填写完成
2026-08-10 02:57:40,401 - INFO - 密码填写完成
2026-08-10 02:57:40,434 - INFO - 未检测到任何验证方式
2026-08-10 02:57:40,434 - INFO - 登录前验证方式检测: none
2026-08-10 02:57:40,434 - INFO - 未检测到传统验证码，点击登录按钮...
2026-08-10 02:57:40,434 - INFO - 查找并点击登录按钮...
2026-08-10 02:57:40,452 - INFO - 通过 ID=login_submit 找到登录按钮
2026-08-10 02:57:40,495 - INFO - 已点击登录按钮
2026-08-10 02:57:47,517 - INFO - 检测到滑块验证（sliderDiv）
2026-08-10 02:57:47,518 - INFO - 登录后验证方式检测: slider
2026-08-10 02:57:47,518 - INFO - 开始处理滑块验证...
2026-08-10 02:57:49,030 - INFO - 滑块验证第 1/3 轮尝试
2026-08-10 02:57:49,276 - INFO - 滑块缺口 box=[70,12,111,50], confidence=0.947, 截图=278px, DOM=278px, 缩放=1.00x, 拖拽偏移=70px
2026-08-10 02:57:49,276 - INFO - 滑块拖拽尝试 1/2 (偏移=70px)
2026-08-10 02:58:05,203 - INFO - 滑块验证通过（sliderDiv 元素不存在）
2026-08-10 02:58:05,203 - INFO - 滑块验证第 1 轮成功
2026-08-10 02:58:05,203 - INFO - 等待登录成功...
2026-08-10 02:58:05,211 - INFO - 检测到已跳转到电费页面: https://epay.nju.edu.cn/epay/h5/nju/electric/index
2026-08-10 02:58:05,211 - INFO - 尝试选择房间: 4幢/4A211
2026-08-10 02:58:05,218 - INFO - 房间列表已加载
2026-08-10 02:58:05,225 - INFO - 共找到 5 个房间
2026-08-10 02:58:05,240 - INFO - 找到匹配房间: 仙林校区 4幢 4A211 (索引 0)
2026-08-10 02:58:05,294 - INFO - 已点击房间 0 的 label
2026-08-10 02:58:05,298 - INFO - 已通过 Vue check(0) 同步房间选择状态
2026-08-10 02:58:05,298 - INFO - 房间选择完成: 4幢/4A211
2026-08-10 02:58:05,298 - INFO - 查找'去充值'按钮（第 1 次）...
2026-08-10 02:58:05,318 - INFO - 通过文本包含 '去充值' 找到充值按钮
2026-08-10 02:58:06,685 - INFO - 已点击充值按钮
2026-08-10 02:58:09,685 - INFO - 开始提取剩余电量信息...
2026-08-10 02:58:09,696 - WARNING - 未找到电量信息元素，尝试其他方法...
2026-08-10 02:58:09,704 - WARNING - 未找到i标签中的电量信息，尝试其他方法...
2026-08-10 02:58:09,706 - INFO - 在页面源码中查找电量信息...
2026-08-10 02:58:09,715 - WARNING - 未能提取到剩余电量信息
2026-08-10 02:58:09,715 - WARNING - 电量提取第 1 次失败，等待 5s 后重试
2026-08-10 02:58:14,715 - INFO - 开始提取剩余电量信息...
2026-08-10 02:58:14,721 - WARNING - 未找到电量信息元素，尝试其他方法...
2026-08-10 02:58:14,727 - WARNING - 未找到i标签中的电量信息，尝试其他方法...
2026-08-10 02:58:14,729 - INFO - 在页面源码中查找电量信息...
2026-08-10 02:58:14,735 - WARNING - 未能提取到剩余电量信息
2026-08-10 02:58:14,735 - WARNING - 电量提取第 2 次失败，等待 5s 后重试
2026-08-10 02:58:19,735 - INFO - 开始提取剩余电量信息...
2026-08-10 02:58:19,742 - WARNING - 未找到电量信息元素，尝试其他方法...
2026-08-10 02:58:19,747 - WARNING - 未找到i标签中的电量信息，尝试其他方法...
2026-08-10 02:58:19,749 - INFO - 在页面源码中查找电量信息...
2026-08-10 02:58:19,755 - WARNING - 未能提取到剩余电量信息
2026-08-10 02:58:19,755 - ERROR - 提取剩余电量失败（重试耗尽），认为本次监控流程未成功
2026-08-10 02:58:50,549 - INFO - Matplotlib 字体设置：使用回退字体列表，首选可用字体: Noto Sans CJK SC
2026-08-10 02:58:51,270 - INFO - 使用指定 ChromeDriver: /usr/bin/chromedriver
2026-08-10 02:58:51,314 - INFO - ddddocr 识别器初始化成功
2026-08-10 02:58:51,403 - INFO - captcha-recognizer 滑块识别模型初始化成功
2026-08-10 02:58:51,404 - INFO - 开始南京大学电费监控流程（自动无头模式）
2026-08-10 02:58:51,404 - INFO - 已初始化并清空验证码图片目录: /home/runner/work/nju_electric_monitor/nju_electric_monitor/src/../data/captcha_workflow
2026-08-10 02:58:51,404 - INFO - 正在打开页面: https://epay.nju.edu.cn/epay/h5/nju/electric/index
2026-08-10 02:58:58,981 - INFO - 等待登录表单加载...
2026-08-10 02:58:59,213 - INFO - 登录表单已加载
2026-08-10 02:58:59,213 - INFO - 开始填写登录表单...
2026-08-10 02:58:59,288 - INFO - 用户名填写完成
2026-08-10 02:58:59,352 - INFO - 密码填写完成
2026-08-10 02:58:59,383 - INFO - 未检测到任何验证方式
2026-08-10 02:58:59,383 - INFO - 登录前验证方式检测: none
2026-08-10 02:58:59,383 - INFO - 未检测到传统验证码，点击登录按钮...
2026-08-10 02:58:59,383 - INFO - 查找并点击登录按钮...
2026-08-10 02:58:59,400 - INFO - 通过 ID=login_submit 找到登录按钮
2026-08-10 02:58:59,444 - INFO - 已点击登录按钮
2026-08-10 02:59:06,466 - INFO - 检测到滑块验证（sliderDiv）
2026-08-10 02:59:06,467 - INFO - 登录后验证方式检测: slider
2026-08-10 02:59:06,467 - INFO - 开始处理滑块验证...
2026-08-10 02:59:07,979 - INFO - 滑块验证第 1/3 轮尝试
2026-08-10 02:59:08,211 - INFO - 滑块缺口 box=[180,87,223,126], confidence=0.949, 截图=278px, DOM=278px, 缩放=1.00x, 拖拽偏移=180px
2026-08-10 02:59:08,211 - INFO - 滑块拖拽尝试 1/2 (偏移=180px)
2026-08-10 02:59:26,196 - WARNING - 滑块拖拽第 1 次未通过验证
2026-08-10 02:59:27,196 - INFO - 滑块拖拽尝试 2/2 (偏移=180px)
2026-08-10 02:59:45,166 - WARNING - 滑块拖拽第 2 次未通过验证
2026-08-10 02:59:45,166 - ERROR - 滑块验证 2 次尝试均失败
2026-08-10 02:59:45,166 - WARNING - 第 1 轮滑块拖拽失败
2026-08-10 02:59:46,166 - INFO - 滑块验证第 2/3 轮尝试
2026-08-10 02:59:46,395 - INFO - 滑块缺口 box=[117,67,158,105], confidence=0.959, 截图=280px, DOM=280px, 缩放=1.00x, 拖拽偏移=117px
2026-08-10 02:59:46,395 - INFO - 滑块拖拽尝试 1/2 (偏移=117px)
2026-08-10 03:00:05,699 - INFO - 滑块验证通过（sliderDiv 元素不存在）
2026-08-10 03:00:05,699 - INFO - 滑块验证第 2 轮成功
2026-08-10 03:00:05,699 - INFO - 等待登录成功...
2026-08-10 03:00:05,707 - INFO - 检测到已跳转到电费页面: https://epay.nju.edu.cn/epay/h5/nju/electric/index
2026-08-10 03:00:05,708 - INFO - 尝试选择房间: 4幢/4A211
2026-08-10 03:00:05,714 - INFO - 房间列表已加载
2026-08-10 03:00:05,721 - INFO - 共找到 5 个房间
2026-08-10 03:00:05,738 - INFO - 找到匹配房间: 仙林校区 4幢 4A211 (索引 0)
2026-08-10 03:00:05,786 - INFO - 已点击房间 0 的 label
2026-08-10 03:00:05,791 - INFO - 已通过 Vue check(0) 同步房间选择状态
2026-08-10 03:00:05,791 - INFO - 房间选择完成: 4幢/4A211
2026-08-10 03:00:05,791 - INFO - 查找'去充值'按钮（第 1 次）...
2026-08-10 03:00:05,812 - INFO - 通过文本包含 '去充值' 找到充值按钮
2026-08-10 03:00:06,950 - INFO - 已点击充值按钮
2026-08-10 03:00:09,950 - INFO - 开始提取剩余电量信息...
2026-08-10 03:00:09,960 - WARNING - 未找到电量信息元素，尝试其他方法...
2026-08-10 03:00:09,969 - WARNING - 未找到i标签中的电量信息，尝试其他方法...
2026-08-10 03:00:09,970 - INFO - 在页面源码中查找电量信息...
2026-08-10 03:00:09,979 - WARNING - 未能提取到剩余电量信息
2026-08-10 03:00:09,979 - WARNING - 电量提取第 1 次失败，等待 5s 后重试
2026-08-10 03:00:14,980 - INFO - 开始提取剩余电量信息...
2026-08-10 03:00:14,986 - WARNING - 未找到电量信息元素，尝试其他方法...
2026-08-10 03:00:14,991 - WARNING - 未找到i标签中的电量信息，尝试其他方法...
2026-08-10 03:00:14,993 - INFO - 在页面源码中查找电量信息...
2026-08-10 03:00:15,000 - WARNING - 未能提取到剩余电量信息
2026-08-10 03:00:15,001 - WARNING - 电量提取第 2 次失败，等待 5s 后重试
2026-08-10 03:00:20,001 - INFO - 开始提取剩余电量信息...
2026-08-10 03:00:20,007 - WARNING - 未找到电量信息元素，尝试其他方法...
2026-08-10 03:00:20,012 - WARNING - 未找到i标签中的电量信息，尝试其他方法...
2026-08-10 03:00:20,014 - INFO - 在页面源码中查找电量信息...
2026-08-10 03:00:20,020 - WARNING - 未能提取到剩余电量信息
2026-08-10 03:00:20,020 - ERROR - 提取剩余电量失败（重试耗尽），认为本次监控流程未成功
