2026-08-09 10:09:19,205 - INFO - Matplotlib 字体设置：使用回退字体列表，首选可用字体: Noto Sans CJK SC
2026-08-09 10:09:21,109 - INFO - 使用指定 ChromeDriver: /usr/bin/chromedriver
2026-08-09 10:09:21,189 - INFO - ddddocr 识别器初始化成功
2026-08-09 10:09:21,295 - INFO - captcha-recognizer 滑块识别模型初始化成功
2026-08-09 10:09:21,295 - INFO - 开始南京大学电费监控流程（自动无头模式）
2026-08-09 10:09:21,296 - INFO - 已初始化并清空验证码图片目录: /home/runner/work/nju_electric_monitor/nju_electric_monitor/src/../data/captcha_workflow
2026-08-09 10:09:21,296 - INFO - 正在打开页面: https://epay.nju.edu.cn/epay/h5/nju/electric/index
2026-08-09 10:09:36,464 - INFO - 等待登录表单加载...
2026-08-09 10:09:36,474 - INFO - 登录表单已加载
2026-08-09 10:09:36,474 - INFO - 开始填写登录表单...
2026-08-09 10:09:36,561 - INFO - 用户名填写完成
2026-08-09 10:09:36,632 - INFO - 密码填写完成
2026-08-09 10:09:36,671 - INFO - 未检测到任何验证方式
2026-08-09 10:09:36,671 - INFO - 登录前验证方式检测: none
2026-08-09 10:09:36,671 - INFO - 未检测到传统验证码，点击登录按钮...
2026-08-09 10:09:36,671 - INFO - 查找并点击登录按钮...
2026-08-09 10:09:36,692 - INFO - 通过 ID=login_submit 找到登录按钮
2026-08-09 10:09:36,743 - INFO - 已点击登录按钮
2026-08-09 10:09:43,771 - INFO - 检测到滑块验证（sliderDiv）
2026-08-09 10:09:43,771 - INFO - 登录后验证方式检测: slider
2026-08-09 10:09:43,771 - INFO - 开始处理滑块验证...
2026-08-09 10:09:45,285 - INFO - 滑块验证第 1/3 轮尝试
2026-08-09 10:09:45,622 - INFO - 滑块缺口 box=[151,52,192,89], confidence=0.954, 截图=278px, DOM=278px, 缩放=1.00x, 拖拽偏移=151px
2026-08-09 10:09:45,622 - INFO - 滑块拖拽尝试 1/2 (偏移=151px)
2026-08-09 10:10:06,442 - INFO - 滑块验证通过（sliderDiv 元素不存在）
2026-08-09 10:10:06,442 - INFO - 滑块验证第 1 轮成功
2026-08-09 10:10:06,442 - INFO - 等待登录成功...
2026-08-09 10:10:06,451 - INFO - 检测到已跳转到电费页面: https://epay.nju.edu.cn/epay/h5/nju/electric/index
2026-08-09 10:10:06,451 - INFO - 尝试选择房间: 4幢/4A211
2026-08-09 10:10:06,460 - INFO - 房间列表已加载
2026-08-09 10:10:06,468 - INFO - 共找到 5 个房间
2026-08-09 10:10:06,486 - INFO - 找到匹配房间: 仙林校区 4幢 4A211 (索引 0)
2026-08-09 10:10:06,546 - INFO - 已点击房间 0 的 label
2026-08-09 10:10:06,550 - INFO - 已通过 Vue check(0) 同步房间选择状态
2026-08-09 10:10:06,551 - INFO - 房间选择完成: 4幢/4A211
2026-08-09 10:10:06,551 - INFO - 查找'去充值'按钮（第 1 次）...
2026-08-09 10:10:06,576 - INFO - 通过文本包含 '去充值' 找到充值按钮
2026-08-09 10:10:08,607 - INFO - 已点击充值按钮
2026-08-09 10:10:11,608 - INFO - 开始提取剩余电量信息...
2026-08-09 10:10:17,614 - WARNING - 未找到电量信息元素，尝试其他方法...
2026-08-09 10:10:17,624 - WARNING - 未找到i标签中的电量信息，尝试其他方法...
2026-08-09 10:10:17,626 - INFO - 在页面源码中查找电量信息...
2026-08-09 10:10:17,637 - WARNING - 未能提取到剩余电量信息
2026-08-09 10:10:17,637 - WARNING - 电量提取第 1 次失败，等待 5s 后重试
2026-08-09 10:10:22,637 - INFO - 开始提取剩余电量信息...
2026-08-09 10:10:22,645 - WARNING - 未找到电量信息元素，尝试其他方法...
2026-08-09 10:10:22,651 - WARNING - 未找到i标签中的电量信息，尝试其他方法...
2026-08-09 10:10:22,653 - INFO - 在页面源码中查找电量信息...
2026-08-09 10:10:22,660 - WARNING - 未能提取到剩余电量信息
2026-08-09 10:10:22,660 - WARNING - 电量提取第 2 次失败，等待 5s 后重试
2026-08-09 10:10:27,660 - INFO - 开始提取剩余电量信息...
2026-08-09 10:10:27,668 - WARNING - 未找到电量信息元素，尝试其他方法...
2026-08-09 10:10:27,673 - WARNING - 未找到i标签中的电量信息，尝试其他方法...
2026-08-09 10:10:27,675 - INFO - 在页面源码中查找电量信息...
2026-08-09 10:10:27,682 - WARNING - 未能提取到剩余电量信息
2026-08-09 10:10:27,683 - ERROR - 提取剩余电量失败（重试耗尽），认为本次监控流程未成功
2026-08-09 10:10:58,695 - INFO - Matplotlib 字体设置：使用回退字体列表，首选可用字体: Noto Sans CJK SC
2026-08-09 10:10:59,547 - INFO - 使用指定 ChromeDriver: /usr/bin/chromedriver
2026-08-09 10:10:59,650 - INFO - ddddocr 识别器初始化成功
2026-08-09 10:10:59,759 - INFO - captcha-recognizer 滑块识别模型初始化成功
2026-08-09 10:10:59,759 - INFO - 开始南京大学电费监控流程（自动无头模式）
2026-08-09 10:10:59,759 - INFO - 已初始化并清空验证码图片目录: /home/runner/work/nju_electric_monitor/nju_electric_monitor/src/../data/captcha_workflow
2026-08-09 10:10:59,759 - INFO - 正在打开页面: https://epay.nju.edu.cn/epay/h5/nju/electric/index
2026-08-09 10:11:10,802 - INFO - 等待登录表单加载...
2026-08-09 10:11:10,813 - INFO - 登录表单已加载
2026-08-09 10:11:10,813 - INFO - 开始填写登录表单...
2026-08-09 10:11:10,903 - INFO - 用户名填写完成
2026-08-09 10:11:10,979 - INFO - 密码填写完成
2026-08-09 10:11:11,021 - INFO - 未检测到任何验证方式
2026-08-09 10:11:11,021 - INFO - 登录前验证方式检测: none
2026-08-09 10:11:11,021 - INFO - 未检测到传统验证码，点击登录按钮...
2026-08-09 10:11:11,021 - INFO - 查找并点击登录按钮...
2026-08-09 10:11:11,045 - INFO - 通过 ID=login_submit 找到登录按钮
2026-08-09 10:11:11,099 - INFO - 已点击登录按钮
2026-08-09 10:11:18,128 - INFO - 检测到滑块验证（sliderDiv）
2026-08-09 10:11:18,128 - INFO - 登录后验证方式检测: slider
2026-08-09 10:11:18,128 - INFO - 开始处理滑块验证...
2026-08-09 10:11:19,642 - INFO - 滑块验证第 1/3 轮尝试
2026-08-09 10:11:19,997 - INFO - 滑块缺口 box=[120,67,161,105], confidence=0.948, 截图=278px, DOM=278px, 缩放=1.00x, 拖拽偏移=120px
2026-08-09 10:11:19,997 - INFO - 滑块拖拽尝试 1/2 (偏移=120px)
2026-08-09 10:11:39,824 - INFO - 滑块验证通过（sliderDiv 元素不存在）
2026-08-09 10:11:39,824 - INFO - 滑块验证第 1 轮成功
2026-08-09 10:11:39,824 - INFO - 等待登录成功...
2026-08-09 10:11:39,834 - INFO - 检测到已跳转到电费页面: https://epay.nju.edu.cn/epay/h5/nju/electric/index
2026-08-09 10:11:39,834 - INFO - 尝试选择房间: 4幢/4A211
2026-08-09 10:11:39,842 - INFO - 房间列表已加载
2026-08-09 10:11:39,850 - INFO - 共找到 5 个房间
2026-08-09 10:11:39,868 - INFO - 找到匹配房间: 仙林校区 4幢 4A211 (索引 0)
2026-08-09 10:11:39,928 - INFO - 已点击房间 0 的 label
2026-08-09 10:11:39,932 - INFO - 已通过 Vue check(0) 同步房间选择状态
2026-08-09 10:11:39,932 - INFO - 房间选择完成: 4幢/4A211
2026-08-09 10:11:39,932 - INFO - 查找'去充值'按钮（第 1 次）...
2026-08-09 10:11:39,959 - INFO - 通过文本包含 '去充值' 找到充值按钮
2026-08-09 10:11:41,327 - INFO - 已点击充值按钮
2026-08-09 10:11:44,328 - INFO - 开始提取剩余电量信息...
2026-08-09 10:11:44,339 - WARNING - 未找到电量信息元素，尝试其他方法...
2026-08-09 10:11:44,347 - WARNING - 未找到i标签中的电量信息，尝试其他方法...
2026-08-09 10:11:44,349 - INFO - 在页面源码中查找电量信息...
2026-08-09 10:11:44,360 - WARNING - 未能提取到剩余电量信息
2026-08-09 10:11:44,360 - WARNING - 电量提取第 1 次失败，等待 5s 后重试
2026-08-09 10:11:49,360 - INFO - 开始提取剩余电量信息...
2026-08-09 10:11:49,367 - WARNING - 未找到电量信息元素，尝试其他方法...
2026-08-09 10:11:49,372 - WARNING - 未找到i标签中的电量信息，尝试其他方法...
2026-08-09 10:11:49,374 - INFO - 在页面源码中查找电量信息...
2026-08-09 10:11:49,381 - WARNING - 未能提取到剩余电量信息
2026-08-09 10:11:49,381 - WARNING - 电量提取第 2 次失败，等待 5s 后重试
2026-08-09 10:11:54,382 - INFO - 开始提取剩余电量信息...
2026-08-09 10:11:54,389 - WARNING - 未找到电量信息元素，尝试其他方法...
2026-08-09 10:11:54,394 - WARNING - 未找到i标签中的电量信息，尝试其他方法...
2026-08-09 10:11:54,396 - INFO - 在页面源码中查找电量信息...
2026-08-09 10:11:54,403 - WARNING - 未能提取到剩余电量信息
2026-08-09 10:11:54,403 - ERROR - 提取剩余电量失败（重试耗尽），认为本次监控流程未成功
2026-08-09 10:12:25,344 - INFO - Matplotlib 字体设置：使用回退字体列表，首选可用字体: Noto Sans CJK SC
2026-08-09 10:12:26,179 - INFO - 使用指定 ChromeDriver: /usr/bin/chromedriver
2026-08-09 10:12:26,305 - INFO - ddddocr 识别器初始化成功
2026-08-09 10:12:26,419 - INFO - captcha-recognizer 滑块识别模型初始化成功
2026-08-09 10:12:26,419 - INFO - 开始南京大学电费监控流程（自动无头模式）
2026-08-09 10:12:26,419 - INFO - 已初始化并清空验证码图片目录: /home/runner/work/nju_electric_monitor/nju_electric_monitor/src/../data/captcha_workflow
2026-08-09 10:12:26,419 - INFO - 正在打开页面: https://epay.nju.edu.cn/epay/h5/nju/electric/index
2026-08-09 10:12:38,056 - INFO - 等待登录表单加载...
2026-08-09 10:12:38,067 - INFO - 登录表单已加载
2026-08-09 10:12:38,067 - INFO - 开始填写登录表单...
2026-08-09 10:12:38,152 - INFO - 用户名填写完成
2026-08-09 10:12:38,223 - INFO - 密码填写完成
2026-08-09 10:12:38,261 - INFO - 未检测到任何验证方式
2026-08-09 10:12:38,261 - INFO - 登录前验证方式检测: none
2026-08-09 10:12:38,262 - INFO - 未检测到传统验证码，点击登录按钮...
2026-08-09 10:12:38,262 - INFO - 查找并点击登录按钮...
2026-08-09 10:12:38,283 - INFO - 通过 ID=login_submit 找到登录按钮
2026-08-09 10:12:38,334 - INFO - 已点击登录按钮
2026-08-09 10:12:45,360 - INFO - 检测到滑块验证（sliderDiv）
2026-08-09 10:12:45,361 - INFO - 登录后验证方式检测: slider
2026-08-09 10:12:45,361 - INFO - 开始处理滑块验证...
2026-08-09 10:12:46,874 - INFO - 滑块验证第 1/3 轮尝试
2026-08-09 10:12:47,221 - INFO - 滑块缺口 box=[107,87,147,125], confidence=0.956, 截图=278px, DOM=278px, 缩放=1.00x, 拖拽偏移=107px
2026-08-09 10:12:47,221 - INFO - 滑块拖拽尝试 1/2 (偏移=107px)
2026-08-09 10:13:05,638 - INFO - 滑块验证通过（sliderDiv 元素不存在）
2026-08-09 10:13:05,638 - INFO - 滑块验证第 1 轮成功
2026-08-09 10:13:05,638 - INFO - 等待登录成功...
2026-08-09 10:13:05,648 - INFO - 检测到已跳转到电费页面: https://epay.nju.edu.cn/epay/h5/nju/electric/index
2026-08-09 10:13:05,648 - INFO - 尝试选择房间: 4幢/4A211
2026-08-09 10:13:05,656 - INFO - 房间列表已加载
2026-08-09 10:13:05,664 - INFO - 共找到 5 个房间
2026-08-09 10:13:05,682 - INFO - 找到匹配房间: 仙林校区 4幢 4A211 (索引 0)
2026-08-09 10:13:05,741 - INFO - 已点击房间 0 的 label
2026-08-09 10:13:05,745 - INFO - 已通过 Vue check(0) 同步房间选择状态
2026-08-09 10:13:05,745 - INFO - 房间选择完成: 4幢/4A211
2026-08-09 10:13:05,745 - INFO - 查找'去充值'按钮（第 1 次）...
2026-08-09 10:13:05,771 - INFO - 通过文本包含 '去充值' 找到充值按钮
2026-08-09 10:13:08,166 - INFO - 已点击充值按钮
2026-08-09 10:13:11,167 - INFO - 开始提取剩余电量信息...
2026-08-09 10:13:16,405 - WARNING - 未找到电量信息元素，尝试其他方法...
2026-08-09 10:13:16,413 - WARNING - 未找到i标签中的电量信息，尝试其他方法...
2026-08-09 10:13:16,417 - INFO - 在页面源码中查找电量信息...
2026-08-09 10:13:16,428 - WARNING - 未能提取到剩余电量信息
2026-08-09 10:13:16,428 - WARNING - 电量提取第 1 次失败，等待 5s 后重试
2026-08-09 10:13:21,428 - INFO - 开始提取剩余电量信息...
2026-08-09 10:13:21,436 - WARNING - 未找到电量信息元素，尝试其他方法...
2026-08-09 10:13:21,442 - WARNING - 未找到i标签中的电量信息，尝试其他方法...
2026-08-09 10:13:21,444 - INFO - 在页面源码中查找电量信息...
2026-08-09 10:13:21,451 - WARNING - 未能提取到剩余电量信息
2026-08-09 10:13:21,451 - WARNING - 电量提取第 2 次失败，等待 5s 后重试
2026-08-09 10:13:26,451 - INFO - 开始提取剩余电量信息...
2026-08-09 10:13:26,460 - WARNING - 未找到电量信息元素，尝试其他方法...
2026-08-09 10:13:26,467 - WARNING - 未找到i标签中的电量信息，尝试其他方法...
2026-08-09 10:13:26,470 - INFO - 在页面源码中查找电量信息...
2026-08-09 10:13:26,479 - WARNING - 未能提取到剩余电量信息
2026-08-09 10:13:26,479 - ERROR - 提取剩余电量失败（重试耗尽），认为本次监控流程未成功
