2026-08-11 02:39:44,310 - INFO - Matplotlib 字体设置：使用回退字体列表，首选可用字体: Noto Sans CJK SC
2026-08-11 02:39:46,200 - INFO - 使用指定 ChromeDriver: /usr/bin/chromedriver
2026-08-11 02:39:46,260 - INFO - ddddocr 识别器初始化成功
2026-08-11 02:39:46,371 - INFO - captcha-recognizer 滑块识别模型初始化成功
2026-08-11 02:39:46,371 - INFO - 开始南京大学电费监控流程（自动无头模式）
2026-08-11 02:39:46,371 - INFO - 已初始化并清空验证码图片目录: /home/runner/work/nju_electric_monitor/nju_electric_monitor/src/../data/captcha_workflow
2026-08-11 02:39:46,371 - INFO - 正在打开页面: https://epay.nju.edu.cn/epay/h5/nju/electric/index
2026-08-11 02:39:59,270 - INFO - 等待登录表单加载...
2026-08-11 02:39:59,281 - INFO - 登录表单已加载
2026-08-11 02:39:59,281 - INFO - 开始填写登录表单...
2026-08-11 02:39:59,370 - INFO - 用户名填写完成
2026-08-11 02:39:59,444 - INFO - 密码填写完成
2026-08-11 02:39:59,486 - INFO - 未检测到任何验证方式
2026-08-11 02:39:59,486 - INFO - 登录前验证方式检测: none
2026-08-11 02:39:59,486 - INFO - 未检测到传统验证码，点击登录按钮...
2026-08-11 02:39:59,486 - INFO - 查找并点击登录按钮...
2026-08-11 02:39:59,511 - INFO - 通过 ID=login_submit 找到登录按钮
2026-08-11 02:39:59,565 - INFO - 已点击登录按钮
2026-08-11 02:40:06,592 - INFO - 检测到滑块验证（sliderDiv）
2026-08-11 02:40:06,592 - INFO - 登录后验证方式检测: slider
2026-08-11 02:40:06,592 - INFO - 开始处理滑块验证...
2026-08-11 02:40:08,105 - INFO - 滑块验证第 1/3 轮尝试
2026-08-11 02:40:08,461 - INFO - 滑块缺口 box=[145,51,187,89], confidence=0.956, 截图=278px, DOM=278px, 缩放=1.00x, 拖拽偏移=145px
2026-08-11 02:40:08,461 - INFO - 滑块拖拽尝试 1/2 (偏移=145px)
2026-08-11 02:40:29,510 - INFO - 滑块验证通过（sliderDiv 元素不存在）
2026-08-11 02:40:29,510 - INFO - 滑块验证第 1 轮成功
2026-08-11 02:40:29,510 - INFO - 等待登录成功...
2026-08-11 02:40:29,519 - INFO - 检测到已跳转到电费页面: https://epay.nju.edu.cn/epay/h5/nju/electric/index
2026-08-11 02:40:29,519 - INFO - 尝试选择房间: 4幢/4A211
2026-08-11 02:40:29,529 - INFO - 房间列表已加载
2026-08-11 02:40:29,537 - INFO - 共找到 5 个房间
2026-08-11 02:40:29,555 - INFO - 找到匹配房间: 仙林校区 4幢 4A211 (索引 0)
2026-08-11 02:40:29,614 - INFO - 已点击房间 0 的 label
2026-08-11 02:40:29,620 - INFO - 已通过 Vue check(0) 同步房间选择状态
2026-08-11 02:40:29,620 - INFO - 房间选择完成: 4幢/4A211
2026-08-11 02:40:29,620 - INFO - 查找'去充值'按钮（第 1 次）...
2026-08-11 02:40:29,645 - INFO - 通过文本包含 '去充值' 找到充值按钮
2026-08-11 02:40:31,005 - INFO - 已点击充值按钮
2026-08-11 02:40:34,005 - INFO - 开始提取剩余电量信息...
2026-08-11 02:40:34,016 - WARNING - 未找到电量信息元素，尝试其他方法...
2026-08-11 02:40:34,025 - WARNING - 未找到i标签中的电量信息，尝试其他方法...
2026-08-11 02:40:34,027 - INFO - 在页面源码中查找电量信息...
2026-08-11 02:40:34,038 - WARNING - 未能提取到剩余电量信息
2026-08-11 02:40:34,038 - WARNING - 电量提取第 1 次失败，等待 5s 后重试
2026-08-11 02:40:39,038 - INFO - 开始提取剩余电量信息...
2026-08-11 02:40:39,046 - WARNING - 未找到电量信息元素，尝试其他方法...
2026-08-11 02:40:39,051 - WARNING - 未找到i标签中的电量信息，尝试其他方法...
2026-08-11 02:40:39,053 - INFO - 在页面源码中查找电量信息...
2026-08-11 02:40:39,061 - WARNING - 未能提取到剩余电量信息
2026-08-11 02:40:39,061 - WARNING - 电量提取第 2 次失败，等待 5s 后重试
2026-08-11 02:40:44,061 - INFO - 开始提取剩余电量信息...
2026-08-11 02:40:44,068 - WARNING - 未找到电量信息元素，尝试其他方法...
2026-08-11 02:40:44,073 - WARNING - 未找到i标签中的电量信息，尝试其他方法...
2026-08-11 02:40:44,075 - INFO - 在页面源码中查找电量信息...
2026-08-11 02:40:44,081 - WARNING - 未能提取到剩余电量信息
2026-08-11 02:40:44,082 - ERROR - 提取剩余电量失败（重试耗尽），认为本次监控流程未成功
2026-08-11 02:41:15,088 - INFO - Matplotlib 字体设置：使用回退字体列表，首选可用字体: Noto Sans CJK SC
2026-08-11 02:41:15,925 - INFO - 使用指定 ChromeDriver: /usr/bin/chromedriver
2026-08-11 02:41:16,000 - INFO - ddddocr 识别器初始化成功
2026-08-11 02:41:16,104 - INFO - captcha-recognizer 滑块识别模型初始化成功
2026-08-11 02:41:16,105 - INFO - 开始南京大学电费监控流程（自动无头模式）
2026-08-11 02:41:16,105 - INFO - 已初始化并清空验证码图片目录: /home/runner/work/nju_electric_monitor/nju_electric_monitor/src/../data/captcha_workflow
2026-08-11 02:41:16,105 - INFO - 正在打开页面: https://epay.nju.edu.cn/epay/h5/nju/electric/index
2026-08-11 02:41:27,071 - INFO - 等待登录表单加载...
2026-08-11 02:41:27,083 - INFO - 登录表单已加载
2026-08-11 02:41:27,083 - INFO - 开始填写登录表单...
2026-08-11 02:41:27,174 - INFO - 用户名填写完成
2026-08-11 02:41:27,250 - INFO - 密码填写完成
2026-08-11 02:41:27,292 - INFO - 未检测到任何验证方式
2026-08-11 02:41:27,292 - INFO - 登录前验证方式检测: none
2026-08-11 02:41:27,292 - INFO - 未检测到传统验证码，点击登录按钮...
2026-08-11 02:41:27,292 - INFO - 查找并点击登录按钮...
2026-08-11 02:41:27,315 - INFO - 通过 ID=login_submit 找到登录按钮
2026-08-11 02:41:27,368 - INFO - 已点击登录按钮
2026-08-11 02:41:34,395 - INFO - 检测到滑块验证（sliderDiv）
2026-08-11 02:41:34,395 - INFO - 登录后验证方式检测: slider
2026-08-11 02:41:34,395 - INFO - 开始处理滑块验证...
2026-08-11 02:41:35,910 - INFO - 滑块验证第 1/3 轮尝试
2026-08-11 02:41:36,275 - INFO - 滑块缺口 box=[109,87,151,126], confidence=0.951, 截图=278px, DOM=278px, 缩放=1.00x, 拖拽偏移=109px
2026-08-11 02:41:36,275 - INFO - 滑块拖拽尝试 1/2 (偏移=109px)
2026-08-11 02:41:55,116 - INFO - 滑块验证通过（sliderDiv 元素不存在）
2026-08-11 02:41:55,117 - INFO - 滑块验证第 1 轮成功
2026-08-11 02:41:55,117 - INFO - 等待登录成功...
2026-08-11 02:41:55,126 - INFO - 检测到已跳转到电费页面: https://epay.nju.edu.cn/epay/h5/nju/electric/index
2026-08-11 02:41:55,126 - INFO - 尝试选择房间: 4幢/4A211
2026-08-11 02:41:55,135 - INFO - 房间列表已加载
2026-08-11 02:41:55,144 - INFO - 共找到 5 个房间
2026-08-11 02:41:55,164 - INFO - 找到匹配房间: 仙林校区 4幢 4A211 (索引 0)
2026-08-11 02:41:55,225 - INFO - 已点击房间 0 的 label
2026-08-11 02:41:55,230 - INFO - 已通过 Vue check(0) 同步房间选择状态
2026-08-11 02:41:55,231 - INFO - 房间选择完成: 4幢/4A211
2026-08-11 02:41:55,231 - INFO - 查找'去充值'按钮（第 1 次）...
2026-08-11 02:41:55,258 - INFO - 通过文本包含 '去充值' 找到充值按钮
2026-08-11 02:41:56,549 - INFO - 已点击充值按钮
2026-08-11 02:41:59,549 - INFO - 开始提取剩余电量信息...
2026-08-11 02:41:59,561 - WARNING - 未找到电量信息元素，尝试其他方法...
2026-08-11 02:41:59,570 - WARNING - 未找到i标签中的电量信息，尝试其他方法...
2026-08-11 02:41:59,572 - INFO - 在页面源码中查找电量信息...
2026-08-11 02:41:59,585 - WARNING - 未能提取到剩余电量信息
2026-08-11 02:41:59,585 - WARNING - 电量提取第 1 次失败，等待 5s 后重试
2026-08-11 02:42:04,585 - INFO - 开始提取剩余电量信息...
2026-08-11 02:42:04,593 - WARNING - 未找到电量信息元素，尝试其他方法...
2026-08-11 02:42:04,598 - WARNING - 未找到i标签中的电量信息，尝试其他方法...
2026-08-11 02:42:04,600 - INFO - 在页面源码中查找电量信息...
2026-08-11 02:42:04,608 - WARNING - 未能提取到剩余电量信息
2026-08-11 02:42:04,608 - WARNING - 电量提取第 2 次失败，等待 5s 后重试
2026-08-11 02:42:09,608 - INFO - 开始提取剩余电量信息...
2026-08-11 02:42:09,615 - WARNING - 未找到电量信息元素，尝试其他方法...
2026-08-11 02:42:09,620 - WARNING - 未找到i标签中的电量信息，尝试其他方法...
2026-08-11 02:42:09,622 - INFO - 在页面源码中查找电量信息...
2026-08-11 02:42:09,630 - WARNING - 未能提取到剩余电量信息
2026-08-11 02:42:09,630 - ERROR - 提取剩余电量失败（重试耗尽），认为本次监控流程未成功
2026-08-11 02:42:40,743 - INFO - Matplotlib 字体设置：使用回退字体列表，首选可用字体: Noto Sans CJK SC
2026-08-11 02:42:41,589 - INFO - 使用指定 ChromeDriver: /usr/bin/chromedriver
2026-08-11 02:42:41,670 - INFO - ddddocr 识别器初始化成功
2026-08-11 02:42:41,783 - INFO - captcha-recognizer 滑块识别模型初始化成功
2026-08-11 02:42:41,784 - INFO - 开始南京大学电费监控流程（自动无头模式）
2026-08-11 02:42:41,784 - INFO - 已初始化并清空验证码图片目录: /home/runner/work/nju_electric_monitor/nju_electric_monitor/src/../data/captcha_workflow
2026-08-11 02:42:41,784 - INFO - 正在打开页面: https://epay.nju.edu.cn/epay/h5/nju/electric/index
2026-08-11 02:42:52,805 - INFO - 等待登录表单加载...
2026-08-11 02:42:52,816 - INFO - 登录表单已加载
2026-08-11 02:42:52,816 - INFO - 开始填写登录表单...
2026-08-11 02:42:52,905 - INFO - 用户名填写完成
2026-08-11 02:42:52,980 - INFO - 密码填写完成
2026-08-11 02:42:53,021 - INFO - 未检测到任何验证方式
2026-08-11 02:42:53,021 - INFO - 登录前验证方式检测: none
2026-08-11 02:42:53,021 - INFO - 未检测到传统验证码，点击登录按钮...
2026-08-11 02:42:53,021 - INFO - 查找并点击登录按钮...
2026-08-11 02:42:53,044 - INFO - 通过 ID=login_submit 找到登录按钮
2026-08-11 02:42:53,098 - INFO - 已点击登录按钮
2026-08-11 02:43:00,124 - INFO - 检测到滑块验证（sliderDiv）
2026-08-11 02:43:00,124 - INFO - 登录后验证方式检测: slider
2026-08-11 02:43:00,124 - INFO - 开始处理滑块验证...
2026-08-11 02:43:01,638 - INFO - 滑块验证第 1/3 轮尝试
2026-08-11 02:43:01,984 - INFO - 滑块缺口 box=[119,51,161,90], confidence=0.952, 截图=278px, DOM=278px, 缩放=1.00x, 拖拽偏移=119px
2026-08-11 02:43:01,984 - INFO - 滑块拖拽尝试 1/2 (偏移=119px)
2026-08-11 02:43:21,313 - INFO - 滑块验证通过（sliderDiv 元素不存在）
2026-08-11 02:43:21,313 - INFO - 滑块验证第 1 轮成功
2026-08-11 02:43:21,313 - INFO - 等待登录成功...
2026-08-11 02:43:21,322 - INFO - 检测到已跳转到电费页面: https://epay.nju.edu.cn/epay/h5/nju/electric/index
2026-08-11 02:43:21,323 - INFO - 尝试选择房间: 4幢/4A211
2026-08-11 02:43:21,331 - INFO - 房间列表已加载
2026-08-11 02:43:21,339 - INFO - 共找到 5 个房间
2026-08-11 02:43:21,359 - INFO - 找到匹配房间: 仙林校区 4幢 4A211 (索引 0)
2026-08-11 02:43:21,421 - INFO - 已点击房间 0 的 label
2026-08-11 02:43:21,426 - INFO - 已通过 Vue check(0) 同步房间选择状态
2026-08-11 02:43:21,426 - INFO - 房间选择完成: 4幢/4A211
2026-08-11 02:43:21,426 - INFO - 查找'去充值'按钮（第 1 次）...
2026-08-11 02:43:21,453 - INFO - 通过文本包含 '去充值' 找到充值按钮
2026-08-11 02:43:22,793 - INFO - 已点击充值按钮
2026-08-11 02:43:25,794 - INFO - 开始提取剩余电量信息...
2026-08-11 02:43:25,805 - WARNING - 未找到电量信息元素，尝试其他方法...
2026-08-11 02:43:25,813 - WARNING - 未找到i标签中的电量信息，尝试其他方法...
2026-08-11 02:43:25,815 - INFO - 在页面源码中查找电量信息...
2026-08-11 02:43:25,826 - WARNING - 未能提取到剩余电量信息
2026-08-11 02:43:25,826 - WARNING - 电量提取第 1 次失败，等待 5s 后重试
2026-08-11 02:43:30,827 - INFO - 开始提取剩余电量信息...
2026-08-11 02:43:30,834 - WARNING - 未找到电量信息元素，尝试其他方法...
2026-08-11 02:43:30,839 - WARNING - 未找到i标签中的电量信息，尝试其他方法...
2026-08-11 02:43:30,841 - INFO - 在页面源码中查找电量信息...
2026-08-11 02:43:30,848 - WARNING - 未能提取到剩余电量信息
2026-08-11 02:43:30,848 - WARNING - 电量提取第 2 次失败，等待 5s 后重试
2026-08-11 02:43:35,848 - INFO - 开始提取剩余电量信息...
2026-08-11 02:43:35,855 - WARNING - 未找到电量信息元素，尝试其他方法...
2026-08-11 02:43:35,861 - WARNING - 未找到i标签中的电量信息，尝试其他方法...
2026-08-11 02:43:35,863 - INFO - 在页面源码中查找电量信息...
2026-08-11 02:43:35,870 - WARNING - 未能提取到剩余电量信息
2026-08-11 02:43:35,870 - ERROR - 提取剩余电量失败（重试耗尽），认为本次监控流程未成功
