2026-09-22 12:02:52,499 - INFO - Matplotlib 字体设置：使用回退字体列表，首选可用字体: Noto Sans CJK SC
2026-09-22 12:02:54,417 - INFO - 使用指定 ChromeDriver: /usr/bin/chromedriver
2026-09-22 12:02:54,547 - INFO - ddddocr 识别器初始化成功
2026-09-22 12:02:54,716 - INFO - captcha-recognizer 滑块识别模型初始化成功
2026-09-22 12:02:54,716 - INFO - 开始南京大学电费监控流程（自动无头模式）
2026-09-22 12:02:54,717 - INFO - 已初始化并清空验证码图片目录: /home/runner/work/nju_electric_monitor/nju_electric_monitor/src/../data/captcha_workflow
2026-09-22 12:02:54,717 - INFO - 正在打开页面: https://epay.nju.edu.cn/epay/h5/nju/electric/index
2026-09-22 12:03:02,672 - INFO - 等待登录表单加载...
2026-09-22 12:03:03,863 - INFO - 登录表单已加载
2026-09-22 12:03:03,863 - INFO - 开始填写登录表单...
2026-09-22 12:03:03,943 - INFO - 用户名填写完成
2026-09-22 12:03:04,011 - INFO - 密码填写完成
2026-09-22 12:03:04,046 - INFO - 未检测到任何验证方式
2026-09-22 12:03:04,046 - INFO - 登录前验证方式检测: none
2026-09-22 12:03:04,046 - INFO - 未检测到传统验证码，点击登录按钮...
2026-09-22 12:03:04,046 - INFO - 查找并点击登录按钮...
2026-09-22 12:03:04,066 - INFO - 通过 ID=login_submit 找到登录按钮
2026-09-22 12:03:04,114 - INFO - 已点击登录按钮
2026-09-22 12:03:11,140 - INFO - 检测到滑块验证（sliderDiv）
2026-09-22 12:03:11,140 - INFO - 登录后验证方式检测: slider
2026-09-22 12:03:11,140 - INFO - 开始处理滑块验证...
2026-09-22 12:03:12,653 - INFO - 滑块验证第 1/3 轮尝试
2026-09-22 12:03:12,965 - INFO - 滑块缺口 box=[131,87,172,125], confidence=0.959, 截图=278px, DOM=278px, 缩放=1.00x, 拖拽偏移=131px
2026-09-22 12:03:12,965 - INFO - 滑块拖拽尝试 1/2 (偏移=131px)
2026-09-22 12:03:32,743 - INFO - 滑块验证通过（sliderDiv 元素不存在）
2026-09-22 12:03:32,743 - INFO - 滑块验证第 1 轮成功
2026-09-22 12:03:32,743 - INFO - 等待登录成功...
2026-09-22 12:03:32,753 - INFO - 检测到已跳转到电费页面: https://epay.nju.edu.cn/epay/h5/nju/electric/index
2026-09-22 12:03:32,753 - INFO - 尝试选择房间: 4幢/4A211
2026-09-22 12:03:32,759 - INFO - 房间列表已加载
2026-09-22 12:03:32,765 - INFO - 共找到 1 个房间
2026-09-22 12:03:32,780 - INFO - 找到匹配房间: 仙林校区 4幢 4A211 (索引 0)
2026-09-22 12:03:32,830 - INFO - 已点击房间 0 的 label
2026-09-22 12:03:32,834 - INFO - 已通过 Vue check(0) 同步房间选择状态
2026-09-22 12:03:32,835 - INFO - 房间选择完成: 4幢/4A211
2026-09-22 12:03:32,835 - INFO - 查找'去充值'按钮（第 1 次）...
2026-09-22 12:03:32,855 - INFO - 通过文本包含 '去充值' 找到充值按钮
2026-09-22 12:03:35,107 - INFO - 已点击充值按钮
2026-09-22 12:03:38,107 - INFO - 开始提取剩余电量信息...
2026-09-22 12:03:38,122 - INFO - 找到电量信息元素（已省略具体文本以保护隐私）
2026-09-22 12:03:38,122 - WARNING - 未在元素中找到标准格式的电量信息
2026-09-22 12:03:38,133 - INFO - 找到 i 标签中的电量信息（已省略具体文本）
2026-09-22 12:03:38,133 - WARNING - i标签中未找到标准格式的电量信息
2026-09-22 12:03:38,133 - WARNING - 未找到i标签中的电量信息
2026-09-22 12:03:38,136 - INFO - 在页面源码中查找电量信息...
2026-09-22 12:03:38,136 - INFO - 从页面源码中提取到剩余电量: 186.6 度
2026-09-22 12:03:38,147 - INFO - 数据已保存: 186.6 度
2026-09-22 12:03:38,382 - INFO - 电量变化曲线图已保存到: /home/runner/work/nju_electric_monitor/nju_electric_monitor/src/../data/electricity_trend.png
2026-09-22 12:03:38,645 - INFO - 最近20次电量变化曲线图已保存到: /home/runner/work/nju_electric_monitor/nju_electric_monitor/src/../data/recent_20_changes.png
2026-09-22 12:03:38,645 - INFO - 配置中已关闭邮件告警（enable_email_alert = false），不发送邮件
2026-09-22 12:03:38,645 - INFO - 监控流程完成
