2026-10-05 15:15:19,964 - INFO - Matplotlib 字体设置：使用回退字体列表，首选可用字体: Noto Sans CJK SC
2026-10-05 15:15:22,401 - INFO - 使用指定 ChromeDriver: /usr/bin/chromedriver
2026-10-05 15:15:22,464 - INFO - ddddocr 识别器初始化成功
2026-10-05 15:15:22,693 - INFO - captcha-recognizer 滑块识别模型初始化成功
2026-10-05 15:15:22,693 - INFO - 开始南京大学电费监控流程（自动无头模式）
2026-10-05 15:15:22,699 - INFO - 已初始化并清空验证码图片目录: /home/runner/work/nju_electric_monitor/nju_electric_monitor/src/../data/captcha_workflow
2026-10-05 15:15:22,699 - INFO - 正在打开页面: https://epay.nju.edu.cn/epay/h5/nju/electric/index
2026-10-05 15:15:33,637 - INFO - 等待登录表单加载...
2026-10-05 15:15:33,646 - INFO - 登录表单已加载
2026-10-05 15:15:33,646 - INFO - 开始填写登录表单...
2026-10-05 15:15:33,720 - INFO - 用户名填写完成
2026-10-05 15:15:33,785 - INFO - 密码填写完成
2026-10-05 15:15:33,818 - INFO - 未检测到任何验证方式
2026-10-05 15:15:33,818 - INFO - 登录前验证方式检测: none
2026-10-05 15:15:33,818 - INFO - 未检测到传统验证码，点击登录按钮...
2026-10-05 15:15:33,818 - INFO - 查找并点击登录按钮...
2026-10-05 15:15:33,838 - INFO - 通过 ID=login_submit 找到登录按钮
2026-10-05 15:15:33,883 - INFO - 已点击登录按钮
2026-10-05 15:15:40,909 - INFO - 检测到滑块验证（sliderDiv）
2026-10-05 15:15:40,909 - INFO - 登录后验证方式检测: slider
2026-10-05 15:15:40,909 - INFO - 开始处理滑块验证...
2026-10-05 15:15:42,422 - INFO - 滑块验证第 1/3 轮尝试
2026-10-05 15:15:42,685 - INFO - 滑块缺口 box=[138,51,183,89], confidence=0.959, 截图=278px, DOM=278px, 缩放=1.00x, 拖拽偏移=138px
2026-10-05 15:15:42,686 - INFO - 滑块拖拽尝试 1/2 (偏移=138px)
2026-10-05 15:16:02,919 - INFO - 滑块验证通过（sliderDiv 元素不存在）
2026-10-05 15:16:02,919 - INFO - 滑块验证第 1 轮成功
2026-10-05 15:16:02,919 - INFO - 等待登录成功...
2026-10-05 15:16:02,930 - INFO - 检测到已跳转到电费页面: https://epay.nju.edu.cn/epay/h5/nju/electric/index
2026-10-05 15:16:02,930 - INFO - 尝试选择房间: 4幢/4A211
2026-10-05 15:16:02,937 - INFO - 房间列表已加载
2026-10-05 15:16:02,943 - INFO - 共找到 1 个房间
2026-10-05 15:16:02,958 - INFO - 找到匹配房间: 仙林校区 4幢 4A211 (索引 0)
2026-10-05 15:16:03,006 - INFO - 已点击房间 0 的 label
2026-10-05 15:16:03,011 - INFO - 已通过 Vue check(0) 同步房间选择状态
2026-10-05 15:16:03,011 - INFO - 房间选择完成: 4幢/4A211
2026-10-05 15:16:03,011 - INFO - 查找'去充值'按钮（第 1 次）...
2026-10-05 15:16:03,031 - INFO - 通过文本包含 '去充值' 找到充值按钮
2026-10-05 15:16:04,654 - INFO - 已点击充值按钮
2026-10-05 15:16:07,654 - INFO - 开始提取剩余电量信息...
2026-10-05 15:16:07,669 - INFO - 找到电量信息元素（已省略具体文本以保护隐私）
2026-10-05 15:16:07,669 - WARNING - 未在元素中找到标准格式的电量信息
2026-10-05 15:16:07,681 - INFO - 找到 i 标签中的电量信息（已省略具体文本）
2026-10-05 15:16:07,681 - WARNING - i标签中未找到标准格式的电量信息
2026-10-05 15:16:07,681 - WARNING - 未找到i标签中的电量信息
2026-10-05 15:16:07,684 - INFO - 在页面源码中查找电量信息...
2026-10-05 15:16:07,684 - INFO - 从页面源码中提取到剩余电量: 105.16 度
2026-10-05 15:16:07,696 - INFO - 数据已保存: 105.16 度
2026-10-05 15:16:07,913 - INFO - 电量变化曲线图已保存到: /home/runner/work/nju_electric_monitor/nju_electric_monitor/src/../data/electricity_trend.png
2026-10-05 15:16:08,115 - INFO - 最近20次电量变化曲线图已保存到: /home/runner/work/nju_electric_monitor/nju_electric_monitor/src/../data/recent_20_changes.png
2026-10-05 15:16:08,115 - INFO - 配置中已关闭邮件告警（enable_email_alert = false），不发送邮件
2026-10-05 15:16:08,115 - INFO - 监控流程完成
