2026-08-14 21:56:09,674 - INFO - Matplotlib 字体设置：使用回退字体列表，首选可用字体: Noto Sans CJK SC
2026-08-14 21:56:11,592 - INFO - 使用指定 ChromeDriver: /usr/bin/chromedriver
2026-08-14 21:56:11,719 - INFO - ddddocr 识别器初始化成功
2026-08-14 21:56:11,849 - INFO - captcha-recognizer 滑块识别模型初始化成功
2026-08-14 21:56:11,849 - INFO - 开始南京大学电费监控流程（自动无头模式）
2026-08-14 21:56:11,849 - INFO - 已初始化并清空验证码图片目录: /home/runner/work/nju_electric_monitor/nju_electric_monitor/src/../data/captcha_workflow
2026-08-14 21:56:11,849 - INFO - 正在打开页面: https://epay.nju.edu.cn/epay/h5/nju/electric/index
2026-08-14 21:56:18,918 - INFO - 等待登录表单加载...
2026-08-14 21:56:19,088 - INFO - 登录表单已加载
2026-08-14 21:56:19,089 - INFO - 开始填写登录表单...
2026-08-14 21:56:19,161 - INFO - 用户名填写完成
2026-08-14 21:56:19,223 - INFO - 密码填写完成
2026-08-14 21:56:19,258 - INFO - 未检测到任何验证方式
2026-08-14 21:56:19,258 - INFO - 登录前验证方式检测: none
2026-08-14 21:56:19,258 - INFO - 未检测到传统验证码，点击登录按钮...
2026-08-14 21:56:19,258 - INFO - 查找并点击登录按钮...
2026-08-14 21:56:19,277 - INFO - 通过 ID=login_submit 找到登录按钮
2026-08-14 21:56:19,321 - INFO - 已点击登录按钮
2026-08-14 21:56:26,347 - INFO - 检测到滑块验证（sliderDiv）
2026-08-14 21:56:26,347 - INFO - 登录后验证方式检测: slider
2026-08-14 21:56:26,347 - INFO - 开始处理滑块验证...
2026-08-14 21:56:27,859 - INFO - 滑块验证第 1/3 轮尝试
2026-08-14 21:56:28,190 - INFO - 滑块缺口 box=[172,11,214,50], confidence=0.954, 截图=278px, DOM=278px, 缩放=1.00x, 拖拽偏移=172px
2026-08-14 21:56:28,191 - INFO - 滑块拖拽尝试 1/2 (偏移=172px)
2026-08-14 21:56:45,903 - WARNING - 滑块拖拽第 1 次未通过验证
2026-08-14 21:56:46,903 - INFO - 滑块拖拽尝试 2/2 (偏移=172px)
2026-08-14 21:57:04,898 - WARNING - 滑块拖拽第 2 次未通过验证
2026-08-14 21:57:04,898 - ERROR - 滑块验证 2 次尝试均失败
2026-08-14 21:57:04,898 - WARNING - 第 1 轮滑块拖拽失败
2026-08-14 21:57:05,898 - INFO - 滑块验证第 2/3 轮尝试
2026-08-14 21:57:06,207 - INFO - 滑块缺口 box=[142,67,183,105], confidence=0.946, 截图=280px, DOM=280px, 缩放=1.00x, 拖拽偏移=142px
2026-08-14 21:57:06,207 - INFO - 滑块拖拽尝试 1/2 (偏移=142px)
2026-08-14 21:57:27,085 - INFO - 滑块验证通过（sliderDiv 元素不存在）
2026-08-14 21:57:27,085 - INFO - 滑块验证第 2 轮成功
2026-08-14 21:57:27,085 - INFO - 等待登录成功...
2026-08-14 21:57:27,096 - INFO - 检测到已跳转到电费页面: https://epay.nju.edu.cn/epay/h5/nju/electric/index
2026-08-14 21:57:27,096 - INFO - 尝试选择房间: 4幢/4A211
2026-08-14 21:57:27,102 - INFO - 房间列表已加载
2026-08-14 21:57:27,107 - INFO - 共找到 1 个房间
2026-08-14 21:57:27,121 - INFO - 找到匹配房间: 仙林校区 4幢 4A211 (索引 0)
2026-08-14 21:57:27,167 - INFO - 已点击房间 0 的 label
2026-08-14 21:57:27,172 - INFO - 已通过 Vue check(0) 同步房间选择状态
2026-08-14 21:57:27,172 - INFO - 房间选择完成: 4幢/4A211
2026-08-14 21:57:27,172 - INFO - 查找'去充值'按钮（第 1 次）...
2026-08-14 21:57:27,192 - INFO - 通过文本包含 '去充值' 找到充值按钮
2026-08-14 21:57:29,725 - INFO - 已点击充值按钮
2026-08-14 21:57:32,725 - INFO - 开始提取剩余电量信息...
2026-08-14 21:57:32,739 - INFO - 找到电量信息元素（已省略具体文本以保护隐私）
2026-08-14 21:57:32,739 - WARNING - 未在元素中找到标准格式的电量信息
2026-08-14 21:57:32,749 - INFO - 找到 i 标签中的电量信息（已省略具体文本）
2026-08-14 21:57:32,749 - WARNING - i标签中未找到标准格式的电量信息
2026-08-14 21:57:32,750 - WARNING - 未找到i标签中的电量信息
2026-08-14 21:57:32,752 - INFO - 在页面源码中查找电量信息...
2026-08-14 21:57:32,753 - INFO - 从页面源码中提取到剩余电量: 312.59 度
2026-08-14 21:57:32,762 - INFO - 数据已保存: 312.59 度
2026-08-14 21:57:33,002 - INFO - 电量变化曲线图已保存到: /home/runner/work/nju_electric_monitor/nju_electric_monitor/src/../data/electricity_trend.png
2026-08-14 21:57:33,215 - INFO - 最近20次电量变化曲线图已保存到: /home/runner/work/nju_electric_monitor/nju_electric_monitor/src/../data/recent_20_changes.png
2026-08-14 21:57:33,215 - INFO - 配置中已关闭邮件告警（enable_email_alert = false），不发送邮件
2026-08-14 21:57:33,215 - INFO - 监控流程完成
