2026-10-05 06:11:36,787 - INFO - Matplotlib 字体设置：使用回退字体列表，首选可用字体: Noto Sans CJK SC
2026-10-05 06:11:37,912 - INFO - 使用指定 ChromeDriver: /usr/bin/chromedriver
2026-10-05 06:11:37,954 - INFO - ddddocr 识别器初始化成功
2026-10-05 06:11:38,034 - INFO - captcha-recognizer 滑块识别模型初始化成功
2026-10-05 06:11:38,035 - INFO - 开始南京大学电费监控流程（自动无头模式）
2026-10-05 06:11:38,035 - INFO - 已初始化并清空验证码图片目录: /home/runner/work/nju_electric_monitor/nju_electric_monitor/src/../data/captcha_workflow
2026-10-05 06:11:38,035 - INFO - 正在打开页面: https://epay.nju.edu.cn/epay/h5/nju/electric/index
2026-10-05 06:11:51,494 - INFO - 等待登录表单加载...
2026-10-05 06:11:51,500 - INFO - 登录表单已加载
2026-10-05 06:11:51,501 - INFO - 开始填写登录表单...
2026-10-05 06:11:51,545 - INFO - 用户名填写完成
2026-10-05 06:11:51,583 - INFO - 密码填写完成
2026-10-05 06:11:51,603 - INFO - 未检测到任何验证方式
2026-10-05 06:11:51,603 - INFO - 登录前验证方式检测: none
2026-10-05 06:11:51,603 - INFO - 未检测到传统验证码，点击登录按钮...
2026-10-05 06:11:51,603 - INFO - 查找并点击登录按钮...
2026-10-05 06:11:51,614 - INFO - 通过 ID=login_submit 找到登录按钮
2026-10-05 06:11:51,641 - INFO - 已点击登录按钮
2026-10-05 06:11:58,658 - INFO - 检测到滑块验证（sliderDiv）
2026-10-05 06:11:58,658 - INFO - 登录后验证方式检测: slider
2026-10-05 06:11:58,658 - INFO - 开始处理滑块验证...
2026-10-05 06:12:00,167 - INFO - 滑块验证第 1/3 轮尝试
2026-10-05 06:12:00,338 - INFO - 滑块缺口 box=[182,87,224,126], confidence=0.946, 截图=278px, DOM=278px, 缩放=1.00x, 拖拽偏移=182px
2026-10-05 06:12:00,338 - INFO - 滑块拖拽尝试 1/2 (偏移=182px)
2026-10-05 06:12:18,331 - WARNING - 滑块拖拽第 1 次未通过验证
2026-10-05 06:12:19,332 - INFO - 滑块拖拽尝试 2/2 (偏移=182px)
2026-10-05 06:12:37,273 - WARNING - 滑块拖拽第 2 次未通过验证
2026-10-05 06:12:37,273 - ERROR - 滑块验证 2 次尝试均失败
2026-10-05 06:12:37,273 - WARNING - 第 1 轮滑块拖拽失败
2026-10-05 06:12:38,273 - INFO - 滑块验证第 2/3 轮尝试
2026-10-05 06:12:38,470 - INFO - 滑块缺口 box=[93,51,134,90], confidence=0.953, 截图=280px, DOM=280px, 缩放=1.00x, 拖拽偏移=93px
2026-10-05 06:12:38,470 - INFO - 滑块拖拽尝试 1/2 (偏移=93px)
2026-10-05 06:12:56,640 - INFO - 滑块验证通过（sliderDiv 元素不存在）
2026-10-05 06:12:56,640 - INFO - 滑块验证第 2 轮成功
2026-10-05 06:12:56,640 - INFO - 等待登录成功...
2026-10-05 06:12:56,646 - INFO - 检测到已跳转到电费页面: https://epay.nju.edu.cn/epay/h5/nju/electric/index
2026-10-05 06:12:56,646 - INFO - 尝试选择房间: 4幢/4A211
2026-10-05 06:12:56,650 - INFO - 房间列表已加载
2026-10-05 06:12:56,654 - INFO - 共找到 1 个房间
2026-10-05 06:12:56,663 - INFO - 找到匹配房间: 仙林校区 4幢 4A211 (索引 0)
2026-10-05 06:12:56,695 - INFO - 已点击房间 0 的 label
2026-10-05 06:12:56,698 - INFO - 已通过 Vue check(0) 同步房间选择状态
2026-10-05 06:12:56,698 - INFO - 房间选择完成: 4幢/4A211
2026-10-05 06:12:56,699 - INFO - 查找'去充值'按钮（第 1 次）...
2026-10-05 06:12:56,710 - INFO - 通过文本包含 '去充值' 找到充值按钮
2026-10-05 06:12:58,289 - INFO - 已点击充值按钮
2026-10-05 06:13:01,289 - INFO - 开始提取剩余电量信息...
2026-10-05 06:13:01,300 - INFO - 找到电量信息元素（已省略具体文本以保护隐私）
2026-10-05 06:13:01,300 - WARNING - 未在元素中找到标准格式的电量信息
2026-10-05 06:13:01,306 - INFO - 找到 i 标签中的电量信息（已省略具体文本）
2026-10-05 06:13:01,307 - WARNING - i标签中未找到标准格式的电量信息
2026-10-05 06:13:01,307 - WARNING - 未找到i标签中的电量信息
2026-10-05 06:13:01,308 - INFO - 在页面源码中查找电量信息...
2026-10-05 06:13:01,308 - INFO - 从页面源码中提取到剩余电量: 106.91 度
2026-10-05 06:13:01,316 - INFO - 数据已保存: 106.91 度
2026-10-05 06:13:01,448 - INFO - 电量变化曲线图已保存到: /home/runner/work/nju_electric_monitor/nju_electric_monitor/src/../data/electricity_trend.png
2026-10-05 06:13:01,561 - INFO - 最近20次电量变化曲线图已保存到: /home/runner/work/nju_electric_monitor/nju_electric_monitor/src/../data/recent_20_changes.png
2026-10-05 06:13:01,561 - INFO - 配置中已关闭邮件告警（enable_email_alert = false），不发送邮件
2026-10-05 06:13:01,561 - INFO - 监控流程完成
