2026-08-10 08:17:06,766 - INFO - Matplotlib 字体设置：使用回退字体列表，首选可用字体: Noto Sans CJK SC
2026-08-10 08:17:08,632 - INFO - 使用指定 ChromeDriver: /usr/bin/chromedriver
2026-08-10 08:17:08,734 - INFO - ddddocr 识别器初始化成功
2026-08-10 08:17:08,843 - INFO - captcha-recognizer 滑块识别模型初始化成功
2026-08-10 08:17:08,844 - INFO - 开始南京大学电费监控流程（自动无头模式）
2026-08-10 08:17:08,844 - INFO - 已初始化并清空验证码图片目录: /home/runner/work/nju_electric_monitor/nju_electric_monitor/src/../data/captcha_workflow
2026-08-10 08:17:08,844 - INFO - 正在打开页面: https://epay.nju.edu.cn/epay/h5/nju/electric/index
2026-08-10 08:17:20,496 - INFO - 等待登录表单加载...
2026-08-10 08:17:20,507 - INFO - 登录表单已加载
2026-08-10 08:17:20,507 - INFO - 开始填写登录表单...
2026-08-10 08:17:20,592 - INFO - 用户名填写完成
2026-08-10 08:17:20,666 - INFO - 密码填写完成
2026-08-10 08:17:20,704 - INFO - 未检测到任何验证方式
2026-08-10 08:17:20,704 - INFO - 登录前验证方式检测: none
2026-08-10 08:17:20,704 - INFO - 未检测到传统验证码，点击登录按钮...
2026-08-10 08:17:20,704 - INFO - 查找并点击登录按钮...
2026-08-10 08:17:20,725 - INFO - 通过 ID=login_submit 找到登录按钮
2026-08-10 08:17:20,775 - INFO - 已点击登录按钮
2026-08-10 08:17:27,801 - INFO - 检测到滑块验证（sliderDiv）
2026-08-10 08:17:27,801 - INFO - 登录后验证方式检测: slider
2026-08-10 08:17:27,801 - INFO - 开始处理滑块验证...
2026-08-10 08:17:29,315 - INFO - 滑块验证第 1/3 轮尝试
2026-08-10 08:17:29,658 - INFO - 滑块缺口 box=[100,87,141,125], confidence=0.956, 截图=278px, DOM=278px, 缩放=1.00x, 拖拽偏移=100px
2026-08-10 08:17:29,658 - INFO - 滑块拖拽尝试 1/2 (偏移=100px)
2026-08-10 08:17:48,086 - INFO - 滑块验证通过（sliderDiv 元素不存在）
2026-08-10 08:17:48,086 - INFO - 滑块验证第 1 轮成功
2026-08-10 08:17:48,086 - INFO - 等待登录成功...
2026-08-10 08:17:48,095 - INFO - 检测到已跳转到电费页面: https://epay.nju.edu.cn/epay/h5/nju/electric/index
2026-08-10 08:17:48,095 - INFO - 尝试选择房间: 4幢/4A211
2026-08-10 08:17:48,103 - INFO - 房间列表已加载
2026-08-10 08:17:48,111 - INFO - 共找到 5 个房间
2026-08-10 08:17:48,130 - INFO - 找到匹配房间: 仙林校区 4幢 4A211 (索引 0)
2026-08-10 08:17:48,188 - INFO - 已点击房间 0 的 label
2026-08-10 08:17:48,193 - INFO - 已通过 Vue check(0) 同步房间选择状态
2026-08-10 08:17:48,193 - INFO - 房间选择完成: 4幢/4A211
2026-08-10 08:17:48,194 - INFO - 查找'去充值'按钮（第 1 次）...
2026-08-10 08:17:48,218 - INFO - 通过文本包含 '去充值' 找到充值按钮
2026-08-10 08:17:49,590 - INFO - 已点击充值按钮
2026-08-10 08:17:52,591 - INFO - 开始提取剩余电量信息...
2026-08-10 08:17:52,602 - WARNING - 未找到电量信息元素，尝试其他方法...
2026-08-10 08:17:52,610 - WARNING - 未找到i标签中的电量信息，尝试其他方法...
2026-08-10 08:17:52,612 - INFO - 在页面源码中查找电量信息...
2026-08-10 08:17:52,622 - WARNING - 未能提取到剩余电量信息
2026-08-10 08:17:52,622 - WARNING - 电量提取第 1 次失败，等待 5s 后重试
2026-08-10 08:17:57,623 - INFO - 开始提取剩余电量信息...
2026-08-10 08:17:57,630 - WARNING - 未找到电量信息元素，尝试其他方法...
2026-08-10 08:17:57,635 - WARNING - 未找到i标签中的电量信息，尝试其他方法...
2026-08-10 08:17:57,637 - INFO - 在页面源码中查找电量信息...
2026-08-10 08:17:57,644 - WARNING - 未能提取到剩余电量信息
2026-08-10 08:17:57,644 - WARNING - 电量提取第 2 次失败，等待 5s 后重试
2026-08-10 08:18:02,644 - INFO - 开始提取剩余电量信息...
2026-08-10 08:18:02,651 - WARNING - 未找到电量信息元素，尝试其他方法...
2026-08-10 08:18:02,656 - WARNING - 未找到i标签中的电量信息，尝试其他方法...
2026-08-10 08:18:02,658 - INFO - 在页面源码中查找电量信息...
2026-08-10 08:18:02,665 - WARNING - 未能提取到剩余电量信息
2026-08-10 08:18:02,665 - ERROR - 提取剩余电量失败（重试耗尽），认为本次监控流程未成功
2026-08-10 08:18:33,580 - INFO - Matplotlib 字体设置：使用回退字体列表，首选可用字体: Noto Sans CJK SC
2026-08-10 08:18:34,402 - INFO - 使用指定 ChromeDriver: /usr/bin/chromedriver
2026-08-10 08:18:34,490 - INFO - ddddocr 识别器初始化成功
2026-08-10 08:18:34,619 - INFO - captcha-recognizer 滑块识别模型初始化成功
2026-08-10 08:18:34,619 - INFO - 开始南京大学电费监控流程（自动无头模式）
2026-08-10 08:18:34,619 - INFO - 已初始化并清空验证码图片目录: /home/runner/work/nju_electric_monitor/nju_electric_monitor/src/../data/captcha_workflow
2026-08-10 08:18:34,619 - INFO - 正在打开页面: https://epay.nju.edu.cn/epay/h5/nju/electric/index
2026-08-10 08:18:42,884 - INFO - 等待登录表单加载...
2026-08-10 08:18:43,417 - INFO - 登录表单已加载
2026-08-10 08:18:43,417 - INFO - 开始填写登录表单...
2026-08-10 08:18:43,511 - INFO - 用户名填写完成
2026-08-10 08:18:43,584 - INFO - 密码填写完成
2026-08-10 08:18:43,624 - INFO - 未检测到任何验证方式
2026-08-10 08:18:43,624 - INFO - 登录前验证方式检测: none
2026-08-10 08:18:43,624 - INFO - 未检测到传统验证码，点击登录按钮...
2026-08-10 08:18:43,624 - INFO - 查找并点击登录按钮...
2026-08-10 08:18:43,646 - INFO - 通过 ID=login_submit 找到登录按钮
2026-08-10 08:18:43,701 - INFO - 已点击登录按钮
2026-08-10 08:18:50,727 - INFO - 检测到滑块验证（sliderDiv）
2026-08-10 08:18:50,727 - INFO - 登录后验证方式检测: slider
2026-08-10 08:18:50,727 - INFO - 开始处理滑块验证...
2026-08-10 08:18:52,239 - INFO - 滑块验证第 1/3 轮尝试
2026-08-10 08:18:52,572 - INFO - 滑块缺口 box=[97,12,138,50], confidence=0.952, 截图=278px, DOM=278px, 缩放=1.00x, 拖拽偏移=97px
2026-08-10 08:18:52,573 - INFO - 滑块拖拽尝试 1/2 (偏移=97px)
2026-08-10 08:19:11,030 - INFO - 滑块验证通过（sliderDiv 元素不存在）
2026-08-10 08:19:11,030 - INFO - 滑块验证第 1 轮成功
2026-08-10 08:19:11,030 - INFO - 等待登录成功...
2026-08-10 08:19:11,040 - INFO - 检测到已跳转到电费页面: https://epay.nju.edu.cn/epay/h5/nju/electric/index
2026-08-10 08:19:11,040 - INFO - 尝试选择房间: 4幢/4A211
2026-08-10 08:19:11,048 - INFO - 房间列表已加载
2026-08-10 08:19:11,057 - INFO - 共找到 5 个房间
2026-08-10 08:19:11,075 - INFO - 找到匹配房间: 仙林校区 4幢 4A211 (索引 0)
2026-08-10 08:19:11,133 - INFO - 已点击房间 0 的 label
2026-08-10 08:19:11,141 - INFO - 已通过 Vue check(0) 同步房间选择状态
2026-08-10 08:19:11,141 - INFO - 房间选择完成: 4幢/4A211
2026-08-10 08:19:11,141 - INFO - 查找'去充值'按钮（第 1 次）...
2026-08-10 08:19:11,166 - INFO - 通过文本包含 '去充值' 找到充值按钮
2026-08-10 08:19:12,477 - INFO - 已点击充值按钮
2026-08-10 08:19:15,477 - INFO - 开始提取剩余电量信息...
2026-08-10 08:19:15,488 - WARNING - 未找到电量信息元素，尝试其他方法...
2026-08-10 08:19:15,496 - WARNING - 未找到i标签中的电量信息，尝试其他方法...
2026-08-10 08:19:15,498 - INFO - 在页面源码中查找电量信息...
2026-08-10 08:19:15,509 - WARNING - 未能提取到剩余电量信息
2026-08-10 08:19:15,510 - WARNING - 电量提取第 1 次失败，等待 5s 后重试
2026-08-10 08:19:20,510 - INFO - 开始提取剩余电量信息...
2026-08-10 08:19:20,517 - WARNING - 未找到电量信息元素，尝试其他方法...
2026-08-10 08:19:20,522 - WARNING - 未找到i标签中的电量信息，尝试其他方法...
2026-08-10 08:19:20,524 - INFO - 在页面源码中查找电量信息...
2026-08-10 08:19:20,531 - WARNING - 未能提取到剩余电量信息
2026-08-10 08:19:20,531 - WARNING - 电量提取第 2 次失败，等待 5s 后重试
2026-08-10 08:19:25,531 - INFO - 开始提取剩余电量信息...
2026-08-10 08:19:25,538 - WARNING - 未找到电量信息元素，尝试其他方法...
2026-08-10 08:19:25,543 - WARNING - 未找到i标签中的电量信息，尝试其他方法...
2026-08-10 08:19:25,545 - INFO - 在页面源码中查找电量信息...
2026-08-10 08:19:25,552 - WARNING - 未能提取到剩余电量信息
2026-08-10 08:19:25,552 - ERROR - 提取剩余电量失败（重试耗尽），认为本次监控流程未成功
2026-08-10 08:19:56,537 - INFO - Matplotlib 字体设置：使用回退字体列表，首选可用字体: Noto Sans CJK SC
2026-08-10 08:19:57,381 - INFO - 使用指定 ChromeDriver: /usr/bin/chromedriver
2026-08-10 08:19:57,452 - INFO - ddddocr 识别器初始化成功
2026-08-10 08:19:57,587 - INFO - captcha-recognizer 滑块识别模型初始化成功
2026-08-10 08:19:57,587 - INFO - 开始南京大学电费监控流程（自动无头模式）
2026-08-10 08:19:57,587 - INFO - 已初始化并清空验证码图片目录: /home/runner/work/nju_electric_monitor/nju_electric_monitor/src/../data/captcha_workflow
2026-08-10 08:19:57,587 - INFO - 正在打开页面: https://epay.nju.edu.cn/epay/h5/nju/electric/index
2026-08-10 08:20:05,251 - INFO - 等待登录表单加载...
2026-08-10 08:20:05,824 - INFO - 登录表单已加载
2026-08-10 08:20:05,824 - INFO - 开始填写登录表单...
2026-08-10 08:20:05,919 - INFO - 用户名填写完成
2026-08-10 08:20:05,993 - INFO - 密码填写完成
2026-08-10 08:20:06,034 - INFO - 未检测到任何验证方式
2026-08-10 08:20:06,035 - INFO - 登录前验证方式检测: none
2026-08-10 08:20:06,035 - INFO - 未检测到传统验证码，点击登录按钮...
2026-08-10 08:20:06,035 - INFO - 查找并点击登录按钮...
2026-08-10 08:20:06,057 - INFO - 通过 ID=login_submit 找到登录按钮
2026-08-10 08:20:06,111 - INFO - 已点击登录按钮
2026-08-10 08:20:13,137 - INFO - 检测到滑块验证（sliderDiv）
2026-08-10 08:20:13,137 - INFO - 登录后验证方式检测: slider
2026-08-10 08:20:13,137 - INFO - 开始处理滑块验证...
2026-08-10 08:20:14,650 - INFO - 滑块验证第 1/3 轮尝试
2026-08-10 08:20:15,009 - INFO - 滑块缺口 box=[112,12,157,50], confidence=0.952, 截图=278px, DOM=278px, 缩放=1.00x, 拖拽偏移=112px
2026-08-10 08:20:15,010 - INFO - 滑块拖拽尝试 1/2 (偏移=112px)
2026-08-10 08:20:33,435 - INFO - 滑块验证通过（sliderDiv 元素不存在）
2026-08-10 08:20:33,435 - INFO - 滑块验证第 1 轮成功
2026-08-10 08:20:33,435 - INFO - 等待登录成功...
2026-08-10 08:20:33,444 - INFO - 检测到已跳转到电费页面: https://epay.nju.edu.cn/epay/h5/nju/electric/index
2026-08-10 08:20:33,444 - INFO - 尝试选择房间: 4幢/4A211
2026-08-10 08:20:33,452 - INFO - 房间列表已加载
2026-08-10 08:20:33,460 - INFO - 共找到 5 个房间
2026-08-10 08:20:33,478 - INFO - 找到匹配房间: 仙林校区 4幢 4A211 (索引 0)
2026-08-10 08:20:33,536 - INFO - 已点击房间 0 的 label
2026-08-10 08:20:33,541 - INFO - 已通过 Vue check(0) 同步房间选择状态
2026-08-10 08:20:33,541 - INFO - 房间选择完成: 4幢/4A211
2026-08-10 08:20:33,541 - INFO - 查找'去充值'按钮（第 1 次）...
2026-08-10 08:20:33,565 - INFO - 通过文本包含 '去充值' 找到充值按钮
2026-08-10 08:20:34,925 - INFO - 已点击充值按钮
2026-08-10 08:20:37,925 - INFO - 开始提取剩余电量信息...
2026-08-10 08:20:37,936 - WARNING - 未找到电量信息元素，尝试其他方法...
2026-08-10 08:20:37,944 - WARNING - 未找到i标签中的电量信息，尝试其他方法...
2026-08-10 08:20:37,946 - INFO - 在页面源码中查找电量信息...
2026-08-10 08:20:37,956 - WARNING - 未能提取到剩余电量信息
2026-08-10 08:20:37,957 - WARNING - 电量提取第 1 次失败，等待 5s 后重试
2026-08-10 08:20:42,957 - INFO - 开始提取剩余电量信息...
2026-08-10 08:20:42,964 - WARNING - 未找到电量信息元素，尝试其他方法...
2026-08-10 08:20:42,969 - WARNING - 未找到i标签中的电量信息，尝试其他方法...
2026-08-10 08:20:42,971 - INFO - 在页面源码中查找电量信息...
2026-08-10 08:20:42,977 - WARNING - 未能提取到剩余电量信息
2026-08-10 08:20:42,978 - WARNING - 电量提取第 2 次失败，等待 5s 后重试
2026-08-10 08:20:47,978 - INFO - 开始提取剩余电量信息...
2026-08-10 08:20:47,985 - WARNING - 未找到电量信息元素，尝试其他方法...
2026-08-10 08:20:47,990 - WARNING - 未找到i标签中的电量信息，尝试其他方法...
2026-08-10 08:20:47,992 - INFO - 在页面源码中查找电量信息...
2026-08-10 08:20:47,998 - WARNING - 未能提取到剩余电量信息
2026-08-10 08:20:47,998 - ERROR - 提取剩余电量失败（重试耗尽），认为本次监控流程未成功
