2026-08-10 14:03:42,931 - INFO - Matplotlib 字体设置：使用回退字体列表，首选可用字体: Noto Sans CJK SC
2026-08-10 14:03:44,826 - INFO - 使用指定 ChromeDriver: /usr/bin/chromedriver
2026-08-10 14:03:44,899 - INFO - ddddocr 识别器初始化成功
2026-08-10 14:03:45,018 - INFO - captcha-recognizer 滑块识别模型初始化成功
2026-08-10 14:03:45,018 - INFO - 开始南京大学电费监控流程（自动无头模式）
2026-08-10 14:03:45,018 - INFO - 已初始化并清空验证码图片目录: /home/runner/work/nju_electric_monitor/nju_electric_monitor/src/../data/captcha_workflow
2026-08-10 14:03:45,018 - INFO - 正在打开页面: https://epay.nju.edu.cn/epay/h5/nju/electric/index
2026-08-10 14:03:56,703 - INFO - 等待登录表单加载...
2026-08-10 14:03:56,714 - INFO - 登录表单已加载
2026-08-10 14:03:56,714 - INFO - 开始填写登录表单...
2026-08-10 14:03:56,806 - INFO - 用户名填写完成
2026-08-10 14:03:56,884 - INFO - 密码填写完成
2026-08-10 14:03:56,926 - INFO - 未检测到任何验证方式
2026-08-10 14:03:56,926 - INFO - 登录前验证方式检测: none
2026-08-10 14:03:56,926 - INFO - 未检测到传统验证码，点击登录按钮...
2026-08-10 14:03:56,926 - INFO - 查找并点击登录按钮...
2026-08-10 14:03:56,950 - INFO - 通过 ID=login_submit 找到登录按钮
2026-08-10 14:03:57,004 - INFO - 已点击登录按钮
2026-08-10 14:04:04,033 - INFO - 检测到滑块验证（sliderDiv）
2026-08-10 14:04:04,033 - INFO - 登录后验证方式检测: slider
2026-08-10 14:04:04,033 - INFO - 开始处理滑块验证...
2026-08-10 14:04:05,548 - INFO - 滑块验证第 1/3 轮尝试
2026-08-10 14:04:05,897 - INFO - 滑块缺口 box=[84,87,125,126], confidence=0.950, 截图=278px, DOM=278px, 缩放=1.00x, 拖拽偏移=84px
2026-08-10 14:04:05,897 - INFO - 滑块拖拽尝试 1/2 (偏移=84px)
2026-08-10 14:04:23,399 - INFO - 滑块验证通过（sliderDiv 元素不存在）
2026-08-10 14:04:23,399 - INFO - 滑块验证第 1 轮成功
2026-08-10 14:04:23,399 - INFO - 等待登录成功...
2026-08-10 14:04:23,411 - INFO - 检测到已跳转到电费页面: https://epay.nju.edu.cn/epay/h5/nju/electric/index
2026-08-10 14:04:23,412 - INFO - 尝试选择房间: 4幢/4A211
2026-08-10 14:04:23,421 - INFO - 房间列表已加载
2026-08-10 14:04:23,430 - INFO - 共找到 5 个房间
2026-08-10 14:04:23,459 - INFO - 找到匹配房间: 仙林校区 4幢 4A211 (索引 0)
2026-08-10 14:04:23,537 - INFO - 已点击房间 0 的 label
2026-08-10 14:04:23,543 - INFO - 已通过 Vue check(0) 同步房间选择状态
2026-08-10 14:04:23,543 - INFO - 房间选择完成: 4幢/4A211
2026-08-10 14:04:23,543 - INFO - 查找'去充值'按钮（第 1 次）...
2026-08-10 14:04:23,570 - INFO - 通过文本包含 '去充值' 找到充值按钮
2026-08-10 14:04:24,906 - INFO - 已点击充值按钮
2026-08-10 14:04:27,907 - INFO - 开始提取剩余电量信息...
2026-08-10 14:04:27,918 - WARNING - 未找到电量信息元素，尝试其他方法...
2026-08-10 14:04:27,927 - WARNING - 未找到i标签中的电量信息，尝试其他方法...
2026-08-10 14:04:27,929 - INFO - 在页面源码中查找电量信息...
2026-08-10 14:04:27,941 - WARNING - 未能提取到剩余电量信息
2026-08-10 14:04:27,941 - WARNING - 电量提取第 1 次失败，等待 5s 后重试
2026-08-10 14:04:32,941 - INFO - 开始提取剩余电量信息...
2026-08-10 14:04:32,948 - WARNING - 未找到电量信息元素，尝试其他方法...
2026-08-10 14:04:32,954 - WARNING - 未找到i标签中的电量信息，尝试其他方法...
2026-08-10 14:04:32,956 - INFO - 在页面源码中查找电量信息...
2026-08-10 14:04:32,963 - WARNING - 未能提取到剩余电量信息
2026-08-10 14:04:32,963 - WARNING - 电量提取第 2 次失败，等待 5s 后重试
2026-08-10 14:04:37,963 - INFO - 开始提取剩余电量信息...
2026-08-10 14:04:37,970 - WARNING - 未找到电量信息元素，尝试其他方法...
2026-08-10 14:04:37,975 - WARNING - 未找到i标签中的电量信息，尝试其他方法...
2026-08-10 14:04:37,977 - INFO - 在页面源码中查找电量信息...
2026-08-10 14:04:37,984 - WARNING - 未能提取到剩余电量信息
2026-08-10 14:04:37,984 - ERROR - 提取剩余电量失败（重试耗尽），认为本次监控流程未成功
2026-08-10 14:05:09,014 - INFO - Matplotlib 字体设置：使用回退字体列表，首选可用字体: Noto Sans CJK SC
2026-08-10 14:05:09,862 - INFO - 使用指定 ChromeDriver: /usr/bin/chromedriver
2026-08-10 14:05:09,949 - INFO - ddddocr 识别器初始化成功
2026-08-10 14:05:10,077 - INFO - captcha-recognizer 滑块识别模型初始化成功
2026-08-10 14:05:10,077 - INFO - 开始南京大学电费监控流程（自动无头模式）
2026-08-10 14:05:10,077 - INFO - 已初始化并清空验证码图片目录: /home/runner/work/nju_electric_monitor/nju_electric_monitor/src/../data/captcha_workflow
2026-08-10 14:05:10,078 - INFO - 正在打开页面: https://epay.nju.edu.cn/epay/h5/nju/electric/index
2026-08-10 14:05:19,962 - INFO - 等待登录表单加载...
2026-08-10 14:05:21,193 - INFO - 登录表单已加载
2026-08-10 14:05:21,193 - INFO - 开始填写登录表单...
2026-08-10 14:05:21,289 - INFO - 用户名填写完成
2026-08-10 14:05:21,368 - INFO - 密码填写完成
2026-08-10 14:05:21,410 - INFO - 未检测到任何验证方式
2026-08-10 14:05:21,410 - INFO - 登录前验证方式检测: none
2026-08-10 14:05:21,410 - INFO - 未检测到传统验证码，点击登录按钮...
2026-08-10 14:05:21,410 - INFO - 查找并点击登录按钮...
2026-08-10 14:05:21,433 - INFO - 通过 ID=login_submit 找到登录按钮
2026-08-10 14:05:21,491 - INFO - 已点击登录按钮
2026-08-10 14:05:28,519 - INFO - 检测到滑块验证（sliderDiv）
2026-08-10 14:05:28,519 - INFO - 登录后验证方式检测: slider
2026-08-10 14:05:28,519 - INFO - 开始处理滑块验证...
2026-08-10 14:05:30,032 - INFO - 滑块验证第 1/3 轮尝试
2026-08-10 14:05:30,398 - INFO - 滑块缺口 box=[164,51,205,89], confidence=0.950, 截图=278px, DOM=278px, 缩放=1.00x, 拖拽偏移=164px
2026-08-10 14:05:30,398 - INFO - 滑块拖拽尝试 1/2 (偏移=164px)
2026-08-10 14:05:52,932 - INFO - 滑块验证通过（sliderDiv 元素不存在）
2026-08-10 14:05:52,932 - INFO - 滑块验证第 1 轮成功
2026-08-10 14:05:52,932 - INFO - 等待登录成功...
2026-08-10 14:05:52,942 - INFO - 检测到已跳转到电费页面: https://epay.nju.edu.cn/epay/h5/nju/electric/index
2026-08-10 14:05:52,942 - INFO - 尝试选择房间: 4幢/4A211
2026-08-10 14:05:52,950 - INFO - 房间列表已加载
2026-08-10 14:05:52,958 - INFO - 共找到 5 个房间
2026-08-10 14:05:52,978 - INFO - 找到匹配房间: 仙林校区 4幢 4A211 (索引 0)
2026-08-10 14:05:53,038 - INFO - 已点击房间 0 的 label
2026-08-10 14:05:53,044 - INFO - 已通过 Vue check(0) 同步房间选择状态
2026-08-10 14:05:53,044 - INFO - 房间选择完成: 4幢/4A211
2026-08-10 14:05:53,044 - INFO - 查找'去充值'按钮（第 1 次）...
2026-08-10 14:05:53,070 - INFO - 通过文本包含 '去充值' 找到充值按钮
2026-08-10 14:05:54,396 - INFO - 已点击充值按钮
2026-08-10 14:05:57,396 - INFO - 开始提取剩余电量信息...
2026-08-10 14:05:57,408 - WARNING - 未找到电量信息元素，尝试其他方法...
2026-08-10 14:05:57,417 - WARNING - 未找到i标签中的电量信息，尝试其他方法...
2026-08-10 14:05:57,419 - INFO - 在页面源码中查找电量信息...
2026-08-10 14:05:57,431 - WARNING - 未能提取到剩余电量信息
2026-08-10 14:05:57,431 - WARNING - 电量提取第 1 次失败，等待 5s 后重试
2026-08-10 14:06:02,431 - INFO - 开始提取剩余电量信息...
2026-08-10 14:06:02,439 - WARNING - 未找到电量信息元素，尝试其他方法...
2026-08-10 14:06:02,445 - WARNING - 未找到i标签中的电量信息，尝试其他方法...
2026-08-10 14:06:02,447 - INFO - 在页面源码中查找电量信息...
2026-08-10 14:06:02,455 - WARNING - 未能提取到剩余电量信息
2026-08-10 14:06:02,455 - WARNING - 电量提取第 2 次失败，等待 5s 后重试
2026-08-10 14:06:07,455 - INFO - 开始提取剩余电量信息...
2026-08-10 14:06:07,462 - WARNING - 未找到电量信息元素，尝试其他方法...
2026-08-10 14:06:07,468 - WARNING - 未找到i标签中的电量信息，尝试其他方法...
2026-08-10 14:06:07,470 - INFO - 在页面源码中查找电量信息...
2026-08-10 14:06:07,477 - WARNING - 未能提取到剩余电量信息
2026-08-10 14:06:07,477 - ERROR - 提取剩余电量失败（重试耗尽），认为本次监控流程未成功
2026-08-10 14:06:38,569 - INFO - Matplotlib 字体设置：使用回退字体列表，首选可用字体: Noto Sans CJK SC
2026-08-10 14:06:39,417 - INFO - 使用指定 ChromeDriver: /usr/bin/chromedriver
2026-08-10 14:06:39,519 - INFO - ddddocr 识别器初始化成功
2026-08-10 14:06:39,634 - INFO - captcha-recognizer 滑块识别模型初始化成功
2026-08-10 14:06:39,634 - INFO - 开始南京大学电费监控流程（自动无头模式）
2026-08-10 14:06:39,634 - INFO - 已初始化并清空验证码图片目录: /home/runner/work/nju_electric_monitor/nju_electric_monitor/src/../data/captcha_workflow
2026-08-10 14:06:39,634 - INFO - 正在打开页面: https://epay.nju.edu.cn/epay/h5/nju/electric/index
2026-08-10 14:06:51,600 - INFO - 等待登录表单加载...
2026-08-10 14:06:51,610 - INFO - 登录表单已加载
2026-08-10 14:06:51,610 - INFO - 开始填写登录表单...
2026-08-10 14:06:51,696 - INFO - 用户名填写完成
2026-08-10 14:06:51,768 - INFO - 密码填写完成
2026-08-10 14:06:51,807 - INFO - 未检测到任何验证方式
2026-08-10 14:06:51,807 - INFO - 登录前验证方式检测: none
2026-08-10 14:06:51,807 - INFO - 未检测到传统验证码，点击登录按钮...
2026-08-10 14:06:51,807 - INFO - 查找并点击登录按钮...
2026-08-10 14:06:51,829 - INFO - 通过 ID=login_submit 找到登录按钮
2026-08-10 14:06:51,883 - INFO - 已点击登录按钮
2026-08-10 14:06:58,909 - INFO - 检测到滑块验证（sliderDiv）
2026-08-10 14:06:58,909 - INFO - 登录后验证方式检测: slider
2026-08-10 14:06:58,909 - INFO - 开始处理滑块验证...
2026-08-10 14:07:00,422 - INFO - 滑块验证第 1/3 轮尝试
2026-08-10 14:07:00,750 - INFO - 滑块缺口 box=[120,12,161,50], confidence=0.948, 截图=278px, DOM=278px, 缩放=1.00x, 拖拽偏移=120px
2026-08-10 14:07:00,750 - INFO - 滑块拖拽尝试 1/2 (偏移=120px)
2026-08-10 14:07:23,930 - INFO - 滑块验证通过（sliderDiv 元素不存在）
2026-08-10 14:07:23,931 - INFO - 滑块验证第 1 轮成功
2026-08-10 14:07:23,931 - INFO - 等待登录成功...
2026-08-10 14:07:23,940 - INFO - 检测到已跳转到电费页面: https://epay.nju.edu.cn/epay/h5/nju/electric/index
2026-08-10 14:07:23,940 - INFO - 尝试选择房间: 4幢/4A211
2026-08-10 14:07:23,947 - INFO - 房间列表已加载
2026-08-10 14:07:23,955 - INFO - 共找到 5 个房间
2026-08-10 14:07:23,973 - INFO - 找到匹配房间: 仙林校区 4幢 4A211 (索引 0)
2026-08-10 14:07:24,031 - INFO - 已点击房间 0 的 label
2026-08-10 14:07:24,037 - INFO - 已通过 Vue check(0) 同步房间选择状态
2026-08-10 14:07:24,037 - INFO - 房间选择完成: 4幢/4A211
2026-08-10 14:07:24,037 - INFO - 查找'去充值'按钮（第 1 次）...
2026-08-10 14:07:24,062 - INFO - 通过文本包含 '去充值' 找到充值按钮
2026-08-10 14:07:25,442 - INFO - 已点击充值按钮
2026-08-10 14:07:28,442 - INFO - 开始提取剩余电量信息...
2026-08-10 14:07:28,453 - WARNING - 未找到电量信息元素，尝试其他方法...
2026-08-10 14:07:28,461 - WARNING - 未找到i标签中的电量信息，尝试其他方法...
2026-08-10 14:07:28,463 - INFO - 在页面源码中查找电量信息...
2026-08-10 14:07:28,474 - WARNING - 未能提取到剩余电量信息
2026-08-10 14:07:28,474 - WARNING - 电量提取第 1 次失败，等待 5s 后重试
2026-08-10 14:07:33,474 - INFO - 开始提取剩余电量信息...
2026-08-10 14:07:33,481 - WARNING - 未找到电量信息元素，尝试其他方法...
2026-08-10 14:07:33,486 - WARNING - 未找到i标签中的电量信息，尝试其他方法...
2026-08-10 14:07:33,488 - INFO - 在页面源码中查找电量信息...
2026-08-10 14:07:33,495 - WARNING - 未能提取到剩余电量信息
2026-08-10 14:07:33,495 - WARNING - 电量提取第 2 次失败，等待 5s 后重试
2026-08-10 14:07:38,495 - INFO - 开始提取剩余电量信息...
2026-08-10 14:07:38,502 - WARNING - 未找到电量信息元素，尝试其他方法...
2026-08-10 14:07:38,507 - WARNING - 未找到i标签中的电量信息，尝试其他方法...
2026-08-10 14:07:38,509 - INFO - 在页面源码中查找电量信息...
2026-08-10 14:07:38,516 - WARNING - 未能提取到剩余电量信息
2026-08-10 14:07:38,517 - ERROR - 提取剩余电量失败（重试耗尽），认为本次监控流程未成功
