2026-09-02 05:02:37,015 - INFO - Matplotlib 字体设置：使用回退字体列表，首选可用字体: Noto Sans CJK SC
2026-09-02 05:02:38,909 - INFO - 使用指定 ChromeDriver: /usr/bin/chromedriver
2026-09-02 05:02:39,041 - INFO - ddddocr 识别器初始化成功
2026-09-02 05:02:39,223 - INFO - captcha-recognizer 滑块识别模型初始化成功
2026-09-02 05:02:39,223 - INFO - 开始南京大学电费监控流程（自动无头模式）
2026-09-02 05:02:39,223 - INFO - 已初始化并清空验证码图片目录: /home/runner/work/nju_electric_monitor/nju_electric_monitor/src/../data/captcha_workflow
2026-09-02 05:02:39,223 - INFO - 正在打开页面: https://epay.nju.edu.cn/epay/h5/nju/electric/index
2026-09-02 05:02:52,652 - INFO - 等待登录表单加载...
2026-09-02 05:02:52,661 - INFO - 登录表单已加载
2026-09-02 05:02:52,661 - INFO - 开始填写登录表单...
2026-09-02 05:02:52,732 - INFO - 用户名填写完成
2026-09-02 05:02:52,796 - INFO - 密码填写完成
2026-09-02 05:02:52,829 - INFO - 未检测到任何验证方式
2026-09-02 05:02:52,829 - INFO - 登录前验证方式检测: none
2026-09-02 05:02:52,829 - INFO - 未检测到传统验证码，点击登录按钮...
2026-09-02 05:02:52,829 - INFO - 查找并点击登录按钮...
2026-09-02 05:02:52,851 - INFO - 通过 ID=login_submit 找到登录按钮
2026-09-02 05:02:52,914 - INFO - 已点击登录按钮
2026-09-02 05:02:59,939 - INFO - 检测到滑块验证（sliderDiv）
2026-09-02 05:02:59,940 - INFO - 登录后验证方式检测: slider
2026-09-02 05:02:59,940 - INFO - 开始处理滑块验证...
2026-09-02 05:03:01,452 - INFO - 滑块验证第 1/3 轮尝试
2026-09-02 05:03:01,801 - INFO - 滑块缺口 box=[176,67,219,105], confidence=0.948, 截图=278px, DOM=278px, 缩放=1.00x, 拖拽偏移=176px
2026-09-02 05:03:01,801 - INFO - 滑块拖拽尝试 1/2 (偏移=176px)
2026-09-02 05:03:19,810 - WARNING - 滑块拖拽第 1 次未通过验证
2026-09-02 05:03:20,810 - INFO - 滑块拖拽尝试 2/2 (偏移=176px)
2026-09-02 05:03:38,833 - WARNING - 滑块拖拽第 2 次未通过验证
2026-09-02 05:03:38,833 - ERROR - 滑块验证 2 次尝试均失败
2026-09-02 05:03:38,834 - WARNING - 第 1 轮滑块拖拽失败
2026-09-02 05:03:39,834 - INFO - 滑块验证第 2/3 轮尝试
2026-09-02 05:03:40,149 - INFO - 滑块缺口 box=[182,51,223,90], confidence=0.953, 截图=280px, DOM=280px, 缩放=1.00x, 拖拽偏移=182px
2026-09-02 05:03:40,149 - INFO - 滑块拖拽尝试 1/2 (偏移=182px)
2026-09-02 05:03:58,187 - WARNING - 滑块拖拽第 1 次未通过验证
2026-09-02 05:03:59,187 - INFO - 滑块拖拽尝试 2/2 (偏移=182px)
2026-09-02 05:04:17,728 - WARNING - 滑块拖拽第 2 次未通过验证
2026-09-02 05:04:17,728 - ERROR - 滑块验证 2 次尝试均失败
2026-09-02 05:04:17,728 - WARNING - 第 2 轮滑块拖拽失败
2026-09-02 05:04:18,729 - INFO - 滑块验证第 3/3 轮尝试
2026-09-02 05:04:19,036 - INFO - 滑块缺口 box=[83,87,124,126], confidence=0.955, 截图=280px, DOM=280px, 缩放=1.00x, 拖拽偏移=83px
2026-09-02 05:04:19,036 - INFO - 滑块拖拽尝试 1/2 (偏移=83px)
2026-09-02 05:04:36,858 - INFO - 滑块验证通过（sliderDiv 元素不存在）
2026-09-02 05:04:36,858 - INFO - 滑块验证第 3 轮成功
2026-09-02 05:04:36,858 - INFO - 等待登录成功...
2026-09-02 05:04:36,868 - INFO - 检测到已跳转到电费页面: https://epay.nju.edu.cn/epay/h5/nju/electric/index
2026-09-02 05:04:36,868 - INFO - 尝试选择房间: 4幢/4A211
2026-09-02 05:04:36,874 - INFO - 房间列表已加载
2026-09-02 05:04:36,880 - INFO - 共找到 1 个房间
2026-09-02 05:04:36,894 - INFO - 找到匹配房间: 仙林校区 4幢 4A211 (索引 0)
2026-09-02 05:04:36,942 - INFO - 已点击房间 0 的 label
2026-09-02 05:04:36,946 - INFO - 已通过 Vue check(0) 同步房间选择状态
2026-09-02 05:04:36,946 - INFO - 房间选择完成: 4幢/4A211
2026-09-02 05:04:36,946 - INFO - 查找'去充值'按钮（第 1 次）...
2026-09-02 05:04:36,966 - INFO - 通过文本包含 '去充值' 找到充值按钮
2026-09-02 05:04:38,531 - INFO - 已点击充值按钮
2026-09-02 05:04:41,531 - INFO - 开始提取剩余电量信息...
2026-09-02 05:04:41,551 - INFO - 找到电量信息元素（已省略具体文本以保护隐私）
2026-09-02 05:04:41,551 - WARNING - 未在元素中找到标准格式的电量信息
2026-09-02 05:04:41,562 - INFO - 找到 i 标签中的电量信息（已省略具体文本）
2026-09-02 05:04:41,563 - WARNING - i标签中未找到标准格式的电量信息
2026-09-02 05:04:41,563 - WARNING - 未找到i标签中的电量信息
2026-09-02 05:04:41,566 - INFO - 在页面源码中查找电量信息...
2026-09-02 05:04:41,566 - INFO - 从页面源码中提取到剩余电量: 46.05 度
2026-09-02 05:04:41,576 - INFO - 数据已保存: 46.05 度
2026-09-02 05:04:41,795 - INFO - 电量变化曲线图已保存到: /home/runner/work/nju_electric_monitor/nju_electric_monitor/src/../data/electricity_trend.png
2026-09-02 05:04:42,004 - INFO - 最近20次电量变化曲线图已保存到: /home/runner/work/nju_electric_monitor/nju_electric_monitor/src/../data/recent_20_changes.png
2026-09-02 05:04:42,004 - INFO - 配置中已关闭邮件告警（enable_email_alert = false），不发送邮件
2026-09-02 05:04:42,004 - INFO - 监控流程完成
