2026-08-10 10:47:59,774 - INFO - Matplotlib 字体设置：使用回退字体列表，首选可用字体: Noto Sans CJK SC
2026-08-10 10:48:01,644 - INFO - 使用指定 ChromeDriver: /usr/bin/chromedriver
2026-08-10 10:48:01,744 - INFO - ddddocr 识别器初始化成功
2026-08-10 10:48:01,852 - INFO - captcha-recognizer 滑块识别模型初始化成功
2026-08-10 10:48:01,852 - INFO - 开始南京大学电费监控流程（自动无头模式）
2026-08-10 10:48:01,853 - INFO - 已初始化并清空验证码图片目录: /home/runner/work/nju_electric_monitor/nju_electric_monitor/src/../data/captcha_workflow
2026-08-10 10:48:01,853 - INFO - 正在打开页面: https://epay.nju.edu.cn/epay/h5/nju/electric/index
2026-08-10 10:48:10,265 - INFO - 等待登录表单加载...
2026-08-10 10:48:10,276 - INFO - 登录表单已加载
2026-08-10 10:48:10,276 - INFO - 开始填写登录表单...
2026-08-10 10:48:10,368 - INFO - 用户名填写完成
2026-08-10 10:48:10,448 - INFO - 密码填写完成
2026-08-10 10:48:10,492 - INFO - 未检测到任何验证方式
2026-08-10 10:48:10,492 - INFO - 登录前验证方式检测: none
2026-08-10 10:48:10,493 - INFO - 未检测到传统验证码，点击登录按钮...
2026-08-10 10:48:10,493 - INFO - 查找并点击登录按钮...
2026-08-10 10:48:10,515 - INFO - 通过 ID=login_submit 找到登录按钮
2026-08-10 10:48:10,570 - INFO - 已点击登录按钮
2026-08-10 10:48:17,597 - INFO - 检测到滑块验证（sliderDiv）
2026-08-10 10:48:17,597 - INFO - 登录后验证方式检测: slider
2026-08-10 10:48:17,597 - INFO - 开始处理滑块验证...
2026-08-10 10:48:19,111 - INFO - 滑块验证第 1/3 轮尝试
2026-08-10 10:48:19,450 - INFO - 滑块缺口 box=[128,67,169,105], confidence=0.943, 截图=278px, DOM=278px, 缩放=1.00x, 拖拽偏移=128px
2026-08-10 10:48:19,450 - INFO - 滑块拖拽尝试 1/2 (偏移=128px)
2026-08-10 10:48:39,196 - INFO - 滑块验证通过（sliderDiv 元素不存在）
2026-08-10 10:48:39,196 - INFO - 滑块验证第 1 轮成功
2026-08-10 10:48:39,196 - INFO - 等待登录成功...
2026-08-10 10:48:39,207 - INFO - 检测到已跳转到电费页面: https://epay.nju.edu.cn/epay/h5/nju/electric/index
2026-08-10 10:48:39,207 - INFO - 尝试选择房间: 4幢/4A211
2026-08-10 10:48:39,215 - INFO - 房间列表已加载
2026-08-10 10:48:39,223 - INFO - 共找到 5 个房间
2026-08-10 10:48:39,242 - INFO - 找到匹配房间: 仙林校区 4幢 4A211 (索引 0)
2026-08-10 10:48:39,306 - INFO - 已点击房间 0 的 label
2026-08-10 10:48:39,310 - INFO - 已通过 Vue check(0) 同步房间选择状态
2026-08-10 10:48:39,311 - INFO - 房间选择完成: 4幢/4A211
2026-08-10 10:48:39,311 - INFO - 查找'去充值'按钮（第 1 次）...
2026-08-10 10:48:39,337 - INFO - 通过文本包含 '去充值' 找到充值按钮
2026-08-10 10:48:40,525 - INFO - 已点击充值按钮
2026-08-10 10:48:43,525 - INFO - 开始提取剩余电量信息...
2026-08-10 10:48:43,536 - WARNING - 未找到电量信息元素，尝试其他方法...
2026-08-10 10:48:43,545 - WARNING - 未找到i标签中的电量信息，尝试其他方法...
2026-08-10 10:48:43,547 - INFO - 在页面源码中查找电量信息...
2026-08-10 10:48:43,559 - WARNING - 未能提取到剩余电量信息
2026-08-10 10:48:43,559 - WARNING - 电量提取第 1 次失败，等待 5s 后重试
2026-08-10 10:48:48,559 - INFO - 开始提取剩余电量信息...
2026-08-10 10:48:48,566 - WARNING - 未找到电量信息元素，尝试其他方法...
2026-08-10 10:48:48,572 - WARNING - 未找到i标签中的电量信息，尝试其他方法...
2026-08-10 10:48:48,574 - INFO - 在页面源码中查找电量信息...
2026-08-10 10:48:48,581 - WARNING - 未能提取到剩余电量信息
2026-08-10 10:48:48,581 - WARNING - 电量提取第 2 次失败，等待 5s 后重试
2026-08-10 10:48:53,582 - INFO - 开始提取剩余电量信息...
2026-08-10 10:48:53,588 - WARNING - 未找到电量信息元素，尝试其他方法...
2026-08-10 10:48:53,594 - WARNING - 未找到i标签中的电量信息，尝试其他方法...
2026-08-10 10:48:53,596 - INFO - 在页面源码中查找电量信息...
2026-08-10 10:48:53,603 - WARNING - 未能提取到剩余电量信息
2026-08-10 10:48:53,603 - ERROR - 提取剩余电量失败（重试耗尽），认为本次监控流程未成功
2026-08-10 10:49:24,561 - INFO - Matplotlib 字体设置：使用回退字体列表，首选可用字体: Noto Sans CJK SC
2026-08-10 10:49:25,397 - INFO - 使用指定 ChromeDriver: /usr/bin/chromedriver
2026-08-10 10:49:25,507 - INFO - ddddocr 识别器初始化成功
2026-08-10 10:49:25,639 - INFO - captcha-recognizer 滑块识别模型初始化成功
2026-08-10 10:49:25,639 - INFO - 开始南京大学电费监控流程（自动无头模式）
2026-08-10 10:49:25,639 - INFO - 已初始化并清空验证码图片目录: /home/runner/work/nju_electric_monitor/nju_electric_monitor/src/../data/captcha_workflow
2026-08-10 10:49:25,639 - INFO - 正在打开页面: https://epay.nju.edu.cn/epay/h5/nju/electric/index
2026-08-10 10:49:35,288 - INFO - 等待登录表单加载...
2026-08-10 10:49:35,298 - INFO - 登录表单已加载
2026-08-10 10:49:35,298 - INFO - 开始填写登录表单...
2026-08-10 10:49:35,390 - INFO - 用户名填写完成
2026-08-10 10:49:35,466 - INFO - 密码填写完成
2026-08-10 10:49:35,505 - INFO - 未检测到任何验证方式
2026-08-10 10:49:35,505 - INFO - 登录前验证方式检测: none
2026-08-10 10:49:35,505 - INFO - 未检测到传统验证码，点击登录按钮...
2026-08-10 10:49:35,505 - INFO - 查找并点击登录按钮...
2026-08-10 10:49:35,527 - INFO - 通过 ID=login_submit 找到登录按钮
2026-08-10 10:49:35,582 - INFO - 已点击登录按钮
2026-08-10 10:49:42,609 - INFO - 检测到滑块验证（sliderDiv）
2026-08-10 10:49:42,610 - INFO - 登录后验证方式检测: slider
2026-08-10 10:49:42,610 - INFO - 开始处理滑块验证...
2026-08-10 10:49:44,124 - INFO - 滑块验证第 1/3 轮尝试
2026-08-10 10:49:44,464 - INFO - 滑块缺口 box=[176,51,217,89], confidence=0.953, 截图=278px, DOM=278px, 缩放=1.00x, 拖拽偏移=176px
2026-08-10 10:49:44,464 - INFO - 滑块拖拽尝试 1/2 (偏移=176px)
2026-08-10 10:50:02,215 - WARNING - 滑块拖拽第 1 次未通过验证
2026-08-10 10:50:03,215 - INFO - 滑块拖拽尝试 2/2 (偏移=176px)
2026-08-10 10:50:20,944 - WARNING - 滑块拖拽第 2 次未通过验证
2026-08-10 10:50:20,944 - ERROR - 滑块验证 2 次尝试均失败
2026-08-10 10:50:20,944 - WARNING - 第 1 轮滑块拖拽失败
2026-08-10 10:50:21,944 - INFO - 滑块验证第 2/3 轮尝试
2026-08-10 10:50:22,278 - INFO - 滑块缺口 box=[106,87,146,126], confidence=0.951, 截图=280px, DOM=280px, 缩放=1.00x, 拖拽偏移=106px
2026-08-10 10:50:22,278 - INFO - 滑块拖拽尝试 1/2 (偏移=106px)
2026-08-10 10:50:41,643 - INFO - 滑块验证通过（sliderDiv 元素不存在）
2026-08-10 10:50:41,643 - INFO - 滑块验证第 2 轮成功
2026-08-10 10:50:41,643 - INFO - 等待登录成功...
2026-08-10 10:50:41,653 - INFO - 检测到已跳转到电费页面: https://epay.nju.edu.cn/epay/h5/nju/electric/index
2026-08-10 10:50:41,653 - INFO - 尝试选择房间: 4幢/4A211
2026-08-10 10:50:41,661 - INFO - 房间列表已加载
2026-08-10 10:50:41,669 - INFO - 共找到 5 个房间
2026-08-10 10:50:41,688 - INFO - 找到匹配房间: 仙林校区 4幢 4A211 (索引 0)
2026-08-10 10:50:41,749 - INFO - 已点击房间 0 的 label
2026-08-10 10:50:41,755 - INFO - 已通过 Vue check(0) 同步房间选择状态
2026-08-10 10:50:41,755 - INFO - 房间选择完成: 4幢/4A211
2026-08-10 10:50:41,755 - INFO - 查找'去充值'按钮（第 1 次）...
2026-08-10 10:50:41,781 - INFO - 通过文本包含 '去充值' 找到充值按钮
2026-08-10 10:50:42,933 - INFO - 已点击充值按钮
2026-08-10 10:50:45,933 - INFO - 开始提取剩余电量信息...
2026-08-10 10:50:45,944 - WARNING - 未找到电量信息元素，尝试其他方法...
2026-08-10 10:50:45,953 - WARNING - 未找到i标签中的电量信息，尝试其他方法...
2026-08-10 10:50:45,955 - INFO - 在页面源码中查找电量信息...
2026-08-10 10:50:45,967 - WARNING - 未能提取到剩余电量信息
2026-08-10 10:50:45,967 - WARNING - 电量提取第 1 次失败，等待 5s 后重试
2026-08-10 10:50:50,967 - INFO - 开始提取剩余电量信息...
2026-08-10 10:50:50,975 - WARNING - 未找到电量信息元素，尝试其他方法...
2026-08-10 10:50:50,980 - WARNING - 未找到i标签中的电量信息，尝试其他方法...
2026-08-10 10:50:50,983 - INFO - 在页面源码中查找电量信息...
2026-08-10 10:50:50,990 - WARNING - 未能提取到剩余电量信息
2026-08-10 10:50:50,990 - WARNING - 电量提取第 2 次失败，等待 5s 后重试
2026-08-10 10:50:55,990 - INFO - 开始提取剩余电量信息...
2026-08-10 10:50:55,998 - WARNING - 未找到电量信息元素，尝试其他方法...
2026-08-10 10:50:56,004 - WARNING - 未找到i标签中的电量信息，尝试其他方法...
2026-08-10 10:50:56,006 - INFO - 在页面源码中查找电量信息...
2026-08-10 10:50:56,013 - WARNING - 未能提取到剩余电量信息
2026-08-10 10:50:56,013 - ERROR - 提取剩余电量失败（重试耗尽），认为本次监控流程未成功
2026-08-10 10:51:27,007 - INFO - Matplotlib 字体设置：使用回退字体列表，首选可用字体: Noto Sans CJK SC
2026-08-10 10:51:27,836 - INFO - 使用指定 ChromeDriver: /usr/bin/chromedriver
2026-08-10 10:51:27,939 - INFO - ddddocr 识别器初始化成功
2026-08-10 10:51:28,078 - INFO - captcha-recognizer 滑块识别模型初始化成功
2026-08-10 10:51:28,078 - INFO - 开始南京大学电费监控流程（自动无头模式）
2026-08-10 10:51:28,078 - INFO - 已初始化并清空验证码图片目录: /home/runner/work/nju_electric_monitor/nju_electric_monitor/src/../data/captcha_workflow
2026-08-10 10:51:28,079 - INFO - 正在打开页面: https://epay.nju.edu.cn/epay/h5/nju/electric/index
2026-08-10 10:51:44,689 - INFO - 等待登录表单加载...
2026-08-10 10:51:44,699 - INFO - 登录表单已加载
2026-08-10 10:51:44,699 - INFO - 开始填写登录表单...
2026-08-10 10:51:44,788 - INFO - 用户名填写完成
2026-08-10 10:51:44,866 - INFO - 密码填写完成
2026-08-10 10:51:44,906 - INFO - 未检测到任何验证方式
2026-08-10 10:51:44,906 - INFO - 登录前验证方式检测: none
2026-08-10 10:51:44,907 - INFO - 未检测到传统验证码，点击登录按钮...
2026-08-10 10:51:44,907 - INFO - 查找并点击登录按钮...
2026-08-10 10:51:44,929 - INFO - 通过 ID=login_submit 找到登录按钮
2026-08-10 10:51:44,982 - INFO - 已点击登录按钮
2026-08-10 10:51:52,009 - INFO - 检测到滑块验证（sliderDiv）
2026-08-10 10:51:52,009 - INFO - 登录后验证方式检测: slider
2026-08-10 10:51:52,009 - INFO - 开始处理滑块验证...
2026-08-10 10:51:53,523 - INFO - 滑块验证第 1/3 轮尝试
2026-08-10 10:51:53,857 - INFO - 滑块缺口 box=[56,87,97,126], confidence=0.949, 截图=278px, DOM=278px, 缩放=1.00x, 拖拽偏移=56px
2026-08-10 10:51:53,857 - INFO - 滑块拖拽尝试 1/2 (偏移=56px)
2026-08-10 10:52:08,617 - INFO - 滑块验证通过（sliderDiv 元素不存在）
2026-08-10 10:52:08,617 - INFO - 滑块验证第 1 轮成功
2026-08-10 10:52:08,618 - INFO - 等待登录成功...
2026-08-10 10:52:08,627 - INFO - 检测到已跳转到电费页面: https://epay.nju.edu.cn/epay/h5/nju/electric/index
2026-08-10 10:52:08,627 - INFO - 尝试选择房间: 4幢/4A211
2026-08-10 10:52:08,635 - INFO - 房间列表已加载
2026-08-10 10:52:08,644 - INFO - 共找到 5 个房间
2026-08-10 10:52:08,662 - INFO - 找到匹配房间: 仙林校区 4幢 4A211 (索引 0)
2026-08-10 10:52:08,723 - INFO - 已点击房间 0 的 label
2026-08-10 10:52:08,729 - INFO - 已通过 Vue check(0) 同步房间选择状态
2026-08-10 10:52:08,729 - INFO - 房间选择完成: 4幢/4A211
2026-08-10 10:52:08,729 - INFO - 查找'去充值'按钮（第 1 次）...
2026-08-10 10:52:08,754 - INFO - 通过文本包含 '去充值' 找到充值按钮
2026-08-10 10:52:09,946 - INFO - 已点击充值按钮
2026-08-10 10:52:12,947 - INFO - 开始提取剩余电量信息...
2026-08-10 10:52:12,958 - WARNING - 未找到电量信息元素，尝试其他方法...
2026-08-10 10:52:12,967 - WARNING - 未找到i标签中的电量信息，尝试其他方法...
2026-08-10 10:52:12,969 - INFO - 在页面源码中查找电量信息...
2026-08-10 10:52:12,980 - WARNING - 未能提取到剩余电量信息
2026-08-10 10:52:12,980 - WARNING - 电量提取第 1 次失败，等待 5s 后重试
2026-08-10 10:52:17,980 - INFO - 开始提取剩余电量信息...
2026-08-10 10:52:17,988 - WARNING - 未找到电量信息元素，尝试其他方法...
2026-08-10 10:52:17,993 - WARNING - 未找到i标签中的电量信息，尝试其他方法...
2026-08-10 10:52:17,995 - INFO - 在页面源码中查找电量信息...
2026-08-10 10:52:18,002 - WARNING - 未能提取到剩余电量信息
2026-08-10 10:52:18,003 - WARNING - 电量提取第 2 次失败，等待 5s 后重试
2026-08-10 10:52:23,003 - INFO - 开始提取剩余电量信息...
2026-08-10 10:52:23,010 - WARNING - 未找到电量信息元素，尝试其他方法...
2026-08-10 10:52:23,015 - WARNING - 未找到i标签中的电量信息，尝试其他方法...
2026-08-10 10:52:23,017 - INFO - 在页面源码中查找电量信息...
2026-08-10 10:52:23,024 - WARNING - 未能提取到剩余电量信息
2026-08-10 10:52:23,025 - ERROR - 提取剩余电量失败（重试耗尽），认为本次监控流程未成功
