2026-08-16 09:57:04,908 - INFO - Matplotlib 字体设置：使用回退字体列表，首选可用字体: Noto Sans CJK SC
2026-08-16 09:57:06,820 - INFO - 使用指定 ChromeDriver: /usr/bin/chromedriver
2026-08-16 09:57:06,923 - INFO - ddddocr 识别器初始化成功
2026-08-16 09:57:07,112 - INFO - captcha-recognizer 滑块识别模型初始化成功
2026-08-16 09:57:07,112 - INFO - 开始南京大学电费监控流程（自动无头模式）
2026-08-16 09:57:07,112 - INFO - 已初始化并清空验证码图片目录: /home/runner/work/nju_electric_monitor/nju_electric_monitor/src/../data/captcha_workflow
2026-08-16 09:57:07,112 - INFO - 正在打开页面: https://epay.nju.edu.cn/epay/h5/nju/electric/index
2026-08-16 09:57:16,650 - INFO - 等待登录表单加载...
2026-08-16 09:57:16,895 - INFO - 登录表单已加载
2026-08-16 09:57:16,896 - INFO - 开始填写登录表单...
2026-08-16 09:57:16,966 - INFO - 用户名填写完成
2026-08-16 09:57:17,025 - INFO - 密码填写完成
2026-08-16 09:57:17,057 - INFO - 未检测到任何验证方式
2026-08-16 09:57:17,057 - INFO - 登录前验证方式检测: none
2026-08-16 09:57:17,057 - INFO - 未检测到传统验证码，点击登录按钮...
2026-08-16 09:57:17,057 - INFO - 查找并点击登录按钮...
2026-08-16 09:57:17,076 - INFO - 通过 ID=login_submit 找到登录按钮
2026-08-16 09:57:17,118 - INFO - 已点击登录按钮
2026-08-16 09:57:24,141 - INFO - 检测到滑块验证（sliderDiv）
2026-08-16 09:57:24,141 - INFO - 登录后验证方式检测: slider
2026-08-16 09:57:24,141 - INFO - 开始处理滑块验证...
2026-08-16 09:57:25,653 - INFO - 滑块验证第 1/3 轮尝试
2026-08-16 09:57:25,993 - INFO - 滑块缺口 box=[182,51,224,89], confidence=0.953, 截图=278px, DOM=278px, 缩放=1.00x, 拖拽偏移=182px
2026-08-16 09:57:25,993 - INFO - 滑块拖拽尝试 1/2 (偏移=182px)
2026-08-16 09:57:44,023 - WARNING - 滑块拖拽第 1 次未通过验证
2026-08-16 09:57:45,024 - INFO - 滑块拖拽尝试 2/2 (偏移=182px)
2026-08-16 09:58:03,228 - WARNING - 滑块拖拽第 2 次未通过验证
2026-08-16 09:58:03,228 - ERROR - 滑块验证 2 次尝试均失败
2026-08-16 09:58:03,228 - WARNING - 第 1 轮滑块拖拽失败
2026-08-16 09:58:04,228 - INFO - 滑块验证第 2/3 轮尝试
2026-08-16 09:58:04,560 - INFO - 滑块缺口 box=[75,87,119,125], confidence=0.955, 截图=280px, DOM=280px, 缩放=1.00x, 拖拽偏移=75px
2026-08-16 09:58:04,561 - INFO - 滑块拖拽尝试 1/2 (偏移=75px)
2026-08-16 09:58:22,069 - INFO - 滑块验证通过（sliderDiv 元素不存在）
2026-08-16 09:58:22,069 - INFO - 滑块验证第 2 轮成功
2026-08-16 09:58:22,069 - INFO - 等待登录成功...
2026-08-16 09:58:22,078 - INFO - 检测到已跳转到电费页面: https://epay.nju.edu.cn/epay/h5/nju/electric/index
2026-08-16 09:58:22,078 - INFO - 尝试选择房间: 4幢/4A211
2026-08-16 09:58:22,084 - INFO - 房间列表已加载
2026-08-16 09:58:22,089 - INFO - 共找到 1 个房间
2026-08-16 09:58:22,103 - INFO - 找到匹配房间: 仙林校区 4幢 4A211 (索引 0)
2026-08-16 09:58:22,148 - INFO - 已点击房间 0 的 label
2026-08-16 09:58:22,151 - INFO - 已通过 Vue check(0) 同步房间选择状态
2026-08-16 09:58:22,152 - INFO - 房间选择完成: 4幢/4A211
2026-08-16 09:58:22,152 - INFO - 查找'去充值'按钮（第 1 次）...
2026-08-16 09:58:22,170 - INFO - 通过文本包含 '去充值' 找到充值按钮
2026-08-16 09:58:24,695 - INFO - 已点击充值按钮
2026-08-16 09:58:27,695 - INFO - 开始提取剩余电量信息...
2026-08-16 09:58:27,709 - INFO - 找到电量信息元素（已省略具体文本以保护隐私）
2026-08-16 09:58:27,709 - WARNING - 未在元素中找到标准格式的电量信息
2026-08-16 09:58:27,719 - INFO - 找到 i 标签中的电量信息（已省略具体文本）
2026-08-16 09:58:27,719 - WARNING - i标签中未找到标准格式的电量信息
2026-08-16 09:58:27,719 - WARNING - 未找到i标签中的电量信息
2026-08-16 09:58:27,722 - INFO - 在页面源码中查找电量信息...
2026-08-16 09:58:27,722 - INFO - 从页面源码中提取到剩余电量: 301.97 度
2026-08-16 09:58:27,731 - INFO - 数据已保存: 301.97 度
2026-08-16 09:58:27,937 - INFO - 电量变化曲线图已保存到: /home/runner/work/nju_electric_monitor/nju_electric_monitor/src/../data/electricity_trend.png
2026-08-16 09:58:28,145 - INFO - 最近20次电量变化曲线图已保存到: /home/runner/work/nju_electric_monitor/nju_electric_monitor/src/../data/recent_20_changes.png
2026-08-16 09:58:28,145 - INFO - 配置中已关闭邮件告警（enable_email_alert = false），不发送邮件
2026-08-16 09:58:28,145 - INFO - 监控流程完成
