2026-09-30 20:18:35,366 - INFO - Matplotlib 字体设置：使用回退字体列表，首选可用字体: Noto Sans CJK SC
2026-09-30 20:18:37,371 - INFO - 使用指定 ChromeDriver: /usr/bin/chromedriver
2026-09-30 20:18:37,459 - INFO - ddddocr 识别器初始化成功
2026-09-30 20:18:37,594 - INFO - captcha-recognizer 滑块识别模型初始化成功
2026-09-30 20:18:37,594 - INFO - 开始南京大学电费监控流程（自动无头模式）
2026-09-30 20:18:37,594 - INFO - 已初始化并清空验证码图片目录: /home/runner/work/nju_electric_monitor/nju_electric_monitor/src/../data/captcha_workflow
2026-09-30 20:18:37,594 - INFO - 正在打开页面: https://epay.nju.edu.cn/epay/h5/nju/electric/index
2026-09-30 20:18:47,145 - INFO - 等待登录表单加载...
2026-09-30 20:18:47,153 - INFO - 登录表单已加载
2026-09-30 20:18:47,153 - INFO - 开始填写登录表单...
2026-09-30 20:18:47,225 - INFO - 用户名填写完成
2026-09-30 20:18:47,292 - INFO - 密码填写完成
2026-09-30 20:18:47,325 - INFO - 未检测到任何验证方式
2026-09-30 20:18:47,325 - INFO - 登录前验证方式检测: none
2026-09-30 20:18:47,325 - INFO - 未检测到传统验证码，点击登录按钮...
2026-09-30 20:18:47,325 - INFO - 查找并点击登录按钮...
2026-09-30 20:18:47,345 - INFO - 通过 ID=login_submit 找到登录按钮
2026-09-30 20:18:47,392 - INFO - 已点击登录按钮
2026-09-30 20:18:54,417 - INFO - 检测到滑块验证（sliderDiv）
2026-09-30 20:18:54,417 - INFO - 登录后验证方式检测: slider
2026-09-30 20:18:54,417 - INFO - 开始处理滑块验证...
2026-09-30 20:18:55,929 - INFO - 滑块验证第 1/3 轮尝试
2026-09-30 20:18:56,256 - INFO - 滑块缺口 box=[190,11,232,50], confidence=0.951, 截图=278px, DOM=278px, 缩放=1.00x, 拖拽偏移=190px
2026-09-30 20:18:56,256 - INFO - 滑块拖拽尝试 1/2 (偏移=190px)
2026-09-30 20:19:14,891 - WARNING - 滑块拖拽第 1 次未通过验证
2026-09-30 20:19:15,891 - INFO - 滑块拖拽尝试 2/2 (偏移=190px)
2026-09-30 20:19:34,410 - WARNING - 滑块拖拽第 2 次未通过验证
2026-09-30 20:19:34,410 - ERROR - 滑块验证 2 次尝试均失败
2026-09-30 20:19:34,410 - WARNING - 第 1 轮滑块拖拽失败
2026-09-30 20:19:35,411 - INFO - 滑块验证第 2/3 轮尝试
2026-09-30 20:19:35,739 - INFO - 滑块缺口 box=[169,87,209,126], confidence=0.952, 截图=280px, DOM=280px, 缩放=1.00x, 拖拽偏移=169px
2026-09-30 20:19:35,739 - INFO - 滑块拖拽尝试 1/2 (偏移=169px)
2026-09-30 20:19:57,759 - INFO - 滑块验证通过（sliderDiv 元素不存在）
2026-09-30 20:19:57,760 - INFO - 滑块验证第 2 轮成功
2026-09-30 20:19:57,760 - INFO - 等待登录成功...
2026-09-30 20:19:57,770 - INFO - 检测到已跳转到电费页面: https://epay.nju.edu.cn/epay/h5/nju/electric/index
2026-09-30 20:19:57,770 - INFO - 尝试选择房间: 4幢/4A211
2026-09-30 20:19:57,776 - INFO - 房间列表已加载
2026-09-30 20:19:57,782 - INFO - 共找到 1 个房间
2026-09-30 20:19:57,797 - INFO - 找到匹配房间: 仙林校区 4幢 4A211 (索引 0)
2026-09-30 20:19:57,850 - INFO - 已点击房间 0 的 label
2026-09-30 20:19:57,855 - INFO - 已通过 Vue check(0) 同步房间选择状态
2026-09-30 20:19:57,855 - INFO - 房间选择完成: 4幢/4A211
2026-09-30 20:19:57,856 - INFO - 查找'去充值'按钮（第 1 次）...
2026-09-30 20:19:57,875 - INFO - 通过文本包含 '去充值' 找到充值按钮
2026-09-30 20:19:59,398 - INFO - 已点击充值按钮
2026-09-30 20:20:02,398 - INFO - 开始提取剩余电量信息...
2026-09-30 20:20:02,412 - INFO - 找到电量信息元素（已省略具体文本以保护隐私）
2026-09-30 20:20:02,412 - WARNING - 未在元素中找到标准格式的电量信息
2026-09-30 20:20:02,424 - INFO - 找到 i 标签中的电量信息（已省略具体文本）
2026-09-30 20:20:02,424 - WARNING - i标签中未找到标准格式的电量信息
2026-09-30 20:20:02,424 - WARNING - 未找到i标签中的电量信息
2026-09-30 20:20:02,427 - INFO - 在页面源码中查找电量信息...
2026-09-30 20:20:02,427 - INFO - 从页面源码中提取到剩余电量: 117.93 度
2026-09-30 20:20:02,438 - INFO - 数据已保存: 117.93 度
2026-09-30 20:20:02,684 - INFO - 电量变化曲线图已保存到: /home/runner/work/nju_electric_monitor/nju_electric_monitor/src/../data/electricity_trend.png
2026-09-30 20:20:02,907 - INFO - 最近20次电量变化曲线图已保存到: /home/runner/work/nju_electric_monitor/nju_electric_monitor/src/../data/recent_20_changes.png
2026-09-30 20:20:02,907 - INFO - 配置中已关闭邮件告警（enable_email_alert = false），不发送邮件
2026-09-30 20:20:02,907 - INFO - 监控流程完成
