2026-08-05 20:14:33,482 - INFO - Matplotlib 字体设置：使用回退字体列表，首选可用字体: Noto Sans CJK SC
2026-08-05 20:14:35,327 - INFO - 使用指定 ChromeDriver: /usr/bin/chromedriver
2026-08-05 20:14:35,385 - INFO - ddddocr 识别器初始化成功
2026-08-05 20:14:35,487 - INFO - captcha-recognizer 滑块识别模型初始化成功
2026-08-05 20:14:35,487 - INFO - 开始南京大学电费监控流程（自动无头模式）
2026-08-05 20:14:35,487 - INFO - 已初始化并清空验证码图片目录: /home/runner/work/nju_electric_monitor/nju_electric_monitor/src/../data/captcha_workflow
2026-08-05 20:14:35,487 - INFO - 正在打开页面: https://epay.nju.edu.cn/epay/h5/nju/electric/index
2026-08-05 20:14:43,179 - INFO - 等待登录表单加载...
2026-08-05 20:14:43,462 - INFO - 登录表单已加载
2026-08-05 20:14:43,462 - INFO - 开始填写登录表单...
2026-08-05 20:14:43,548 - INFO - 用户名填写完成
2026-08-05 20:14:43,618 - INFO - 密码填写完成
2026-08-05 20:14:43,655 - INFO - 未检测到任何验证方式
2026-08-05 20:14:43,655 - INFO - 登录前验证方式检测: none
2026-08-05 20:14:43,655 - INFO - 未检测到传统验证码，点击登录按钮...
2026-08-05 20:14:43,655 - INFO - 查找并点击登录按钮...
2026-08-05 20:14:43,675 - INFO - 通过 ID=login_submit 找到登录按钮
2026-08-05 20:14:43,725 - INFO - 已点击登录按钮
2026-08-05 20:14:50,751 - INFO - 检测到滑块验证（sliderDiv）
2026-08-05 20:14:50,751 - INFO - 登录后验证方式检测: slider
2026-08-05 20:14:50,751 - INFO - 开始处理滑块验证...
2026-08-05 20:14:52,264 - INFO - 滑块验证第 1/3 轮尝试
2026-08-05 20:14:52,613 - INFO - 滑块缺口 box=[170,52,211,89], confidence=0.954, 截图=278px, DOM=278px, 缩放=1.00x, 拖拽偏移=170px
2026-08-05 20:14:52,614 - INFO - 滑块拖拽尝试 1/2 (偏移=170px)
2026-08-05 20:15:10,401 - WARNING - 滑块拖拽第 1 次未通过验证
2026-08-05 20:15:11,401 - INFO - 滑块拖拽尝试 2/2 (偏移=170px)
2026-08-05 20:15:28,812 - WARNING - 滑块拖拽第 2 次未通过验证
2026-08-05 20:15:28,812 - ERROR - 滑块验证 2 次尝试均失败
2026-08-05 20:15:28,812 - WARNING - 第 1 轮滑块拖拽失败
2026-08-05 20:15:29,813 - INFO - 滑块验证第 2/3 轮尝试
2026-08-05 20:15:30,174 - INFO - 滑块缺口 box=[92,67,134,105], confidence=0.940, 截图=280px, DOM=280px, 缩放=1.00x, 拖拽偏移=92px
2026-08-05 20:15:30,174 - INFO - 滑块拖拽尝试 1/2 (偏移=92px)
2026-08-05 20:15:48,924 - INFO - 滑块验证通过（sliderDiv 元素不存在）
2026-08-05 20:15:48,924 - INFO - 滑块验证第 2 轮成功
2026-08-05 20:15:48,924 - INFO - 等待登录成功...
2026-08-05 20:15:48,934 - INFO - 检测到已跳转到电费页面: https://epay.nju.edu.cn/epay/h5/nju/electric/index
2026-08-05 20:15:48,934 - INFO - 尝试选择房间: 4幢/4A211
2026-08-05 20:15:48,941 - INFO - 房间列表已加载
2026-08-05 20:15:48,949 - INFO - 共找到 5 个房间
2026-08-05 20:15:48,967 - INFO - 找到匹配房间: 仙林校区 4幢 4A211 (索引 0)
2026-08-05 20:15:49,020 - INFO - 已点击房间 0 的 label
2026-08-05 20:15:49,025 - INFO - 已通过 Vue check(0) 同步房间选择状态
2026-08-05 20:15:49,025 - INFO - 房间选择完成: 4幢/4A211
2026-08-05 20:15:49,025 - INFO - 查找'去充值'按钮（第 1 次）...
2026-08-05 20:15:49,048 - INFO - 通过文本包含 '去充值' 找到充值按钮
2026-08-05 20:15:50,690 - INFO - 已点击充值按钮
2026-08-05 20:15:53,690 - INFO - 开始提取剩余电量信息...
2026-08-05 20:15:53,707 - INFO - 找到电量信息元素（已省略具体文本以保护隐私）
2026-08-05 20:15:53,707 - WARNING - 未在元素中找到标准格式的电量信息
2026-08-05 20:15:53,720 - INFO - 找到 i 标签中的电量信息（已省略具体文本）
2026-08-05 20:15:53,720 - WARNING - i标签中未找到标准格式的电量信息
2026-08-05 20:15:53,721 - WARNING - 未找到i标签中的电量信息
2026-08-05 20:15:53,724 - INFO - 在页面源码中查找电量信息...
2026-08-05 20:15:53,724 - INFO - 从页面源码中提取到剩余电量: 63.76 度
2026-08-05 20:15:53,732 - INFO - 数据已保存: 63.76 度
2026-08-05 20:15:53,957 - INFO - 电量变化曲线图已保存到: /home/runner/work/nju_electric_monitor/nju_electric_monitor/src/../data/electricity_trend.png
2026-08-05 20:15:54,145 - INFO - 最近20次电量变化曲线图已保存到: /home/runner/work/nju_electric_monitor/nju_electric_monitor/src/../data/recent_20_changes.png
2026-08-05 20:15:54,145 - INFO - 配置中已关闭邮件告警（enable_email_alert = false），不发送邮件
2026-08-05 20:15:54,145 - INFO - 监控流程完成
