2026-08-11 14:04:26,616 - INFO - Matplotlib 字体设置：使用回退字体列表，首选可用字体: Noto Sans CJK SC
2026-08-11 14:04:28,501 - INFO - 使用指定 ChromeDriver: /usr/bin/chromedriver
2026-08-11 14:04:28,609 - INFO - ddddocr 识别器初始化成功
2026-08-11 14:04:28,804 - INFO - captcha-recognizer 滑块识别模型初始化成功
2026-08-11 14:04:28,804 - INFO - 开始南京大学电费监控流程（自动无头模式）
2026-08-11 14:04:28,805 - INFO - 已初始化并清空验证码图片目录: /home/runner/work/nju_electric_monitor/nju_electric_monitor/src/../data/captcha_workflow
2026-08-11 14:04:28,805 - INFO - 正在打开页面: https://epay.nju.edu.cn/epay/h5/nju/electric/index
2026-08-11 14:04:41,064 - INFO - 等待登录表单加载...
2026-08-11 14:04:41,073 - INFO - 登录表单已加载
2026-08-11 14:04:41,073 - INFO - 开始填写登录表单...
2026-08-11 14:04:41,145 - INFO - 用户名填写完成
2026-08-11 14:04:41,207 - INFO - 密码填写完成
2026-08-11 14:04:41,239 - INFO - 未检测到任何验证方式
2026-08-11 14:04:41,239 - INFO - 登录前验证方式检测: none
2026-08-11 14:04:41,239 - INFO - 未检测到传统验证码，点击登录按钮...
2026-08-11 14:04:41,239 - INFO - 查找并点击登录按钮...
2026-08-11 14:04:41,258 - INFO - 通过 ID=login_submit 找到登录按钮
2026-08-11 14:04:41,303 - INFO - 已点击登录按钮
2026-08-11 14:04:48,328 - INFO - 检测到滑块验证（sliderDiv）
2026-08-11 14:04:48,328 - INFO - 登录后验证方式检测: slider
2026-08-11 14:04:48,328 - INFO - 开始处理滑块验证...
2026-08-11 14:04:49,841 - INFO - 滑块验证第 1/3 轮尝试
2026-08-11 14:04:50,150 - INFO - 滑块缺口 box=[58,67,99,105], confidence=0.943, 截图=278px, DOM=278px, 缩放=1.00x, 拖拽偏移=58px
2026-08-11 14:04:50,150 - INFO - 滑块拖拽尝试 1/2 (偏移=58px)
2026-08-11 14:05:05,600 - INFO - 滑块验证通过（sliderDiv 元素不存在）
2026-08-11 14:05:05,601 - INFO - 滑块验证第 1 轮成功
2026-08-11 14:05:05,601 - INFO - 等待登录成功...
2026-08-11 14:05:05,610 - INFO - 检测到已跳转到电费页面: https://epay.nju.edu.cn/epay/h5/nju/electric/index
2026-08-11 14:05:05,610 - INFO - 尝试选择房间: 4幢/4A211
2026-08-11 14:05:05,616 - INFO - 房间列表已加载
2026-08-11 14:05:05,622 - INFO - 共找到 5 个房间
2026-08-11 14:05:05,637 - INFO - 找到匹配房间: 仙林校区 4幢 4A211 (索引 0)
2026-08-11 14:05:05,686 - INFO - 已点击房间 0 的 label
2026-08-11 14:05:05,690 - INFO - 已通过 Vue check(0) 同步房间选择状态
2026-08-11 14:05:05,690 - INFO - 房间选择完成: 4幢/4A211
2026-08-11 14:05:05,690 - INFO - 查找'去充值'按钮（第 1 次）...
2026-08-11 14:05:05,711 - INFO - 通过文本包含 '去充值' 找到充值按钮
2026-08-11 14:05:07,075 - INFO - 已点击充值按钮
2026-08-11 14:05:10,075 - INFO - 开始提取剩余电量信息...
2026-08-11 14:05:10,084 - WARNING - 未找到电量信息元素，尝试其他方法...
2026-08-11 14:05:10,090 - WARNING - 未找到i标签中的电量信息，尝试其他方法...
2026-08-11 14:05:10,092 - INFO - 在页面源码中查找电量信息...
2026-08-11 14:05:10,099 - WARNING - 未能提取到剩余电量信息
2026-08-11 14:05:10,099 - WARNING - 电量提取第 1 次失败，等待 5s 后重试
2026-08-11 14:05:15,100 - INFO - 开始提取剩余电量信息...
2026-08-11 14:05:15,106 - WARNING - 未找到电量信息元素，尝试其他方法...
2026-08-11 14:05:15,111 - WARNING - 未找到i标签中的电量信息，尝试其他方法...
2026-08-11 14:05:15,113 - INFO - 在页面源码中查找电量信息...
2026-08-11 14:05:15,118 - WARNING - 未能提取到剩余电量信息
2026-08-11 14:05:15,118 - WARNING - 电量提取第 2 次失败，等待 5s 后重试
2026-08-11 14:05:20,118 - INFO - 开始提取剩余电量信息...
2026-08-11 14:05:20,124 - WARNING - 未找到电量信息元素，尝试其他方法...
2026-08-11 14:05:20,129 - WARNING - 未找到i标签中的电量信息，尝试其他方法...
2026-08-11 14:05:20,131 - INFO - 在页面源码中查找电量信息...
2026-08-11 14:05:20,137 - WARNING - 未能提取到剩余电量信息
2026-08-11 14:05:20,137 - ERROR - 提取剩余电量失败（重试耗尽），认为本次监控流程未成功
2026-08-11 14:05:51,075 - INFO - Matplotlib 字体设置：使用回退字体列表，首选可用字体: Noto Sans CJK SC
2026-08-11 14:05:51,955 - INFO - 使用指定 ChromeDriver: /usr/bin/chromedriver
2026-08-11 14:05:52,103 - INFO - ddddocr 识别器初始化成功
2026-08-11 14:05:52,288 - INFO - captcha-recognizer 滑块识别模型初始化成功
2026-08-11 14:05:52,288 - INFO - 开始南京大学电费监控流程（自动无头模式）
2026-08-11 14:05:52,288 - INFO - 已初始化并清空验证码图片目录: /home/runner/work/nju_electric_monitor/nju_electric_monitor/src/../data/captcha_workflow
2026-08-11 14:05:52,288 - INFO - 正在打开页面: https://epay.nju.edu.cn/epay/h5/nju/electric/index
2026-08-11 14:05:59,644 - INFO - 等待登录表单加载...
2026-08-11 14:06:00,169 - INFO - 登录表单已加载
2026-08-11 14:06:00,169 - INFO - 开始填写登录表单...
2026-08-11 14:06:00,243 - INFO - 用户名填写完成
2026-08-11 14:06:00,307 - INFO - 密码填写完成
2026-08-11 14:06:00,341 - INFO - 未检测到任何验证方式
2026-08-11 14:06:00,341 - INFO - 登录前验证方式检测: none
2026-08-11 14:06:00,341 - INFO - 未检测到传统验证码，点击登录按钮...
2026-08-11 14:06:00,341 - INFO - 查找并点击登录按钮...
2026-08-11 14:06:00,360 - INFO - 通过 ID=login_submit 找到登录按钮
2026-08-11 14:06:00,406 - INFO - 已点击登录按钮
2026-08-11 14:06:07,430 - INFO - 检测到滑块验证（sliderDiv）
2026-08-11 14:06:07,430 - INFO - 登录后验证方式检测: slider
2026-08-11 14:06:07,430 - INFO - 开始处理滑块验证...
2026-08-11 14:06:08,943 - INFO - 滑块验证第 1/3 轮尝试
2026-08-11 14:06:09,262 - INFO - 滑块缺口 box=[117,87,161,124], confidence=0.959, 截图=278px, DOM=278px, 缩放=1.00x, 拖拽偏移=117px
2026-08-11 14:06:09,262 - INFO - 滑块拖拽尝试 1/2 (偏移=117px)
2026-08-11 14:06:28,783 - INFO - 滑块验证通过（sliderDiv 元素不存在）
2026-08-11 14:06:28,783 - INFO - 滑块验证第 1 轮成功
2026-08-11 14:06:28,783 - INFO - 等待登录成功...
2026-08-11 14:06:28,794 - INFO - 检测到已跳转到电费页面: https://epay.nju.edu.cn/epay/h5/nju/electric/index
2026-08-11 14:06:28,794 - INFO - 尝试选择房间: 4幢/4A211
2026-08-11 14:06:28,800 - INFO - 房间列表已加载
2026-08-11 14:06:28,806 - INFO - 共找到 5 个房间
2026-08-11 14:06:28,820 - INFO - 找到匹配房间: 仙林校区 4幢 4A211 (索引 0)
2026-08-11 14:06:28,870 - INFO - 已点击房间 0 的 label
2026-08-11 14:06:28,874 - INFO - 已通过 Vue check(0) 同步房间选择状态
2026-08-11 14:06:28,875 - INFO - 房间选择完成: 4幢/4A211
2026-08-11 14:06:28,875 - INFO - 查找'去充值'按钮（第 1 次）...
2026-08-11 14:06:28,895 - INFO - 通过文本包含 '去充值' 找到充值按钮
2026-08-11 14:06:30,188 - INFO - 已点击充值按钮
2026-08-11 14:06:33,189 - INFO - 开始提取剩余电量信息...
2026-08-11 14:06:33,199 - WARNING - 未找到电量信息元素，尝试其他方法...
2026-08-11 14:06:33,205 - WARNING - 未找到i标签中的电量信息，尝试其他方法...
2026-08-11 14:06:33,208 - INFO - 在页面源码中查找电量信息...
2026-08-11 14:06:33,215 - WARNING - 未能提取到剩余电量信息
2026-08-11 14:06:33,215 - WARNING - 电量提取第 1 次失败，等待 5s 后重试
2026-08-11 14:06:38,216 - INFO - 开始提取剩余电量信息...
2026-08-11 14:06:38,222 - WARNING - 未找到电量信息元素，尝试其他方法...
2026-08-11 14:06:38,227 - WARNING - 未找到i标签中的电量信息，尝试其他方法...
2026-08-11 14:06:38,229 - INFO - 在页面源码中查找电量信息...
2026-08-11 14:06:38,234 - WARNING - 未能提取到剩余电量信息
2026-08-11 14:06:38,234 - WARNING - 电量提取第 2 次失败，等待 5s 后重试
2026-08-11 14:06:43,235 - INFO - 开始提取剩余电量信息...
2026-08-11 14:06:43,241 - WARNING - 未找到电量信息元素，尝试其他方法...
2026-08-11 14:06:43,246 - WARNING - 未找到i标签中的电量信息，尝试其他方法...
2026-08-11 14:06:43,248 - INFO - 在页面源码中查找电量信息...
2026-08-11 14:06:43,253 - WARNING - 未能提取到剩余电量信息
2026-08-11 14:06:43,253 - ERROR - 提取剩余电量失败（重试耗尽），认为本次监控流程未成功
2026-08-11 14:07:14,206 - INFO - Matplotlib 字体设置：使用回退字体列表，首选可用字体: Noto Sans CJK SC
2026-08-11 14:07:15,099 - INFO - 使用指定 ChromeDriver: /usr/bin/chromedriver
2026-08-11 14:07:15,222 - INFO - ddddocr 识别器初始化成功
2026-08-11 14:07:15,439 - INFO - captcha-recognizer 滑块识别模型初始化成功
2026-08-11 14:07:15,440 - INFO - 开始南京大学电费监控流程（自动无头模式）
2026-08-11 14:07:15,440 - INFO - 已初始化并清空验证码图片目录: /home/runner/work/nju_electric_monitor/nju_electric_monitor/src/../data/captcha_workflow
2026-08-11 14:07:15,440 - INFO - 正在打开页面: https://epay.nju.edu.cn/epay/h5/nju/electric/index
2026-08-11 14:07:26,403 - INFO - 等待登录表单加载...
2026-08-11 14:07:26,411 - INFO - 登录表单已加载
2026-08-11 14:07:26,411 - INFO - 开始填写登录表单...
2026-08-11 14:07:26,481 - INFO - 用户名填写完成
2026-08-11 14:07:26,541 - INFO - 密码填写完成
2026-08-11 14:07:26,572 - INFO - 未检测到任何验证方式
2026-08-11 14:07:26,573 - INFO - 登录前验证方式检测: none
2026-08-11 14:07:26,573 - INFO - 未检测到传统验证码，点击登录按钮...
2026-08-11 14:07:26,573 - INFO - 查找并点击登录按钮...
2026-08-11 14:07:26,591 - INFO - 通过 ID=login_submit 找到登录按钮
2026-08-11 14:07:26,634 - INFO - 已点击登录按钮
2026-08-11 14:07:33,658 - INFO - 检测到滑块验证（sliderDiv）
2026-08-11 14:07:33,658 - INFO - 登录后验证方式检测: slider
2026-08-11 14:07:33,658 - INFO - 开始处理滑块验证...
2026-08-11 14:07:35,170 - INFO - 滑块验证第 1/3 轮尝试
2026-08-11 14:07:35,497 - INFO - 滑块缺口 box=[125,67,166,105], confidence=0.952, 截图=278px, DOM=278px, 缩放=1.00x, 拖拽偏移=125px
2026-08-11 14:07:35,497 - INFO - 滑块拖拽尝试 1/2 (偏移=125px)
2026-08-11 14:07:55,138 - INFO - 滑块验证通过（sliderDiv 元素不存在）
2026-08-11 14:07:55,138 - INFO - 滑块验证第 1 轮成功
2026-08-11 14:07:55,139 - INFO - 等待登录成功...
2026-08-11 14:07:55,148 - INFO - 检测到已跳转到电费页面: https://epay.nju.edu.cn/epay/h5/nju/electric/index
2026-08-11 14:07:55,149 - INFO - 尝试选择房间: 4幢/4A211
2026-08-11 14:07:55,155 - INFO - 房间列表已加载
2026-08-11 14:07:55,161 - INFO - 共找到 5 个房间
2026-08-11 14:07:55,176 - INFO - 找到匹配房间: 仙林校区 4幢 4A211 (索引 0)
2026-08-11 14:07:55,227 - INFO - 已点击房间 0 的 label
2026-08-11 14:07:55,232 - INFO - 已通过 Vue check(0) 同步房间选择状态
2026-08-11 14:07:55,232 - INFO - 房间选择完成: 4幢/4A211
2026-08-11 14:07:55,232 - INFO - 查找'去充值'按钮（第 1 次）...
2026-08-11 14:07:55,253 - INFO - 通过文本包含 '去充值' 找到充值按钮
2026-08-11 14:07:56,620 - INFO - 已点击充值按钮
2026-08-11 14:07:59,620 - INFO - 开始提取剩余电量信息...
2026-08-11 14:07:59,629 - WARNING - 未找到电量信息元素，尝试其他方法...
2026-08-11 14:07:59,635 - WARNING - 未找到i标签中的电量信息，尝试其他方法...
2026-08-11 14:07:59,637 - INFO - 在页面源码中查找电量信息...
2026-08-11 14:07:59,645 - WARNING - 未能提取到剩余电量信息
2026-08-11 14:07:59,645 - WARNING - 电量提取第 1 次失败，等待 5s 后重试
2026-08-11 14:08:04,645 - INFO - 开始提取剩余电量信息...
2026-08-11 14:08:04,651 - WARNING - 未找到电量信息元素，尝试其他方法...
2026-08-11 14:08:04,656 - WARNING - 未找到i标签中的电量信息，尝试其他方法...
2026-08-11 14:08:04,658 - INFO - 在页面源码中查找电量信息...
2026-08-11 14:08:04,664 - WARNING - 未能提取到剩余电量信息
2026-08-11 14:08:04,664 - WARNING - 电量提取第 2 次失败，等待 5s 后重试
2026-08-11 14:08:09,664 - INFO - 开始提取剩余电量信息...
2026-08-11 14:08:09,670 - WARNING - 未找到电量信息元素，尝试其他方法...
2026-08-11 14:08:09,675 - WARNING - 未找到i标签中的电量信息，尝试其他方法...
2026-08-11 14:08:09,677 - INFO - 在页面源码中查找电量信息...
2026-08-11 14:08:09,682 - WARNING - 未能提取到剩余电量信息
2026-08-11 14:08:09,682 - ERROR - 提取剩余电量失败（重试耗尽），认为本次监控流程未成功
