2026-08-11 07:52:12,466 - INFO - Matplotlib 字体设置：使用回退字体列表，首选可用字体: Noto Sans CJK SC
2026-08-11 07:52:14,323 - INFO - 使用指定 ChromeDriver: /usr/bin/chromedriver
2026-08-11 07:52:14,427 - INFO - ddddocr 识别器初始化成功
2026-08-11 07:52:14,529 - INFO - captcha-recognizer 滑块识别模型初始化成功
2026-08-11 07:52:14,529 - INFO - 开始南京大学电费监控流程（自动无头模式）
2026-08-11 07:52:14,529 - INFO - 已初始化并清空验证码图片目录: /home/runner/work/nju_electric_monitor/nju_electric_monitor/src/../data/captcha_workflow
2026-08-11 07:52:14,530 - INFO - 正在打开页面: https://epay.nju.edu.cn/epay/h5/nju/electric/index
2026-08-11 07:52:26,914 - INFO - 等待登录表单加载...
2026-08-11 07:52:26,924 - INFO - 登录表单已加载
2026-08-11 07:52:26,925 - INFO - 开始填写登录表单...
2026-08-11 07:52:27,009 - INFO - 用户名填写完成
2026-08-11 07:52:27,081 - INFO - 密码填写完成
2026-08-11 07:52:27,120 - INFO - 未检测到任何验证方式
2026-08-11 07:52:27,120 - INFO - 登录前验证方式检测: none
2026-08-11 07:52:27,120 - INFO - 未检测到传统验证码，点击登录按钮...
2026-08-11 07:52:27,120 - INFO - 查找并点击登录按钮...
2026-08-11 07:52:27,141 - INFO - 通过 ID=login_submit 找到登录按钮
2026-08-11 07:52:27,191 - INFO - 已点击登录按钮
2026-08-11 07:52:34,218 - INFO - 检测到滑块验证（sliderDiv）
2026-08-11 07:52:34,218 - INFO - 登录后验证方式检测: slider
2026-08-11 07:52:34,218 - INFO - 开始处理滑块验证...
2026-08-11 07:52:35,732 - INFO - 滑块验证第 1/3 轮尝试
2026-08-11 07:52:36,090 - INFO - 滑块缺口 box=[163,67,205,105], confidence=0.952, 截图=278px, DOM=278px, 缩放=1.00x, 拖拽偏移=163px
2026-08-11 07:52:36,090 - INFO - 滑块拖拽尝试 1/2 (偏移=163px)
2026-08-11 07:52:57,702 - INFO - 滑块验证通过（sliderDiv 元素不存在）
2026-08-11 07:52:57,702 - INFO - 滑块验证第 1 轮成功
2026-08-11 07:52:57,702 - INFO - 等待登录成功...
2026-08-11 07:52:57,711 - INFO - 检测到已跳转到电费页面: https://epay.nju.edu.cn/epay/h5/nju/electric/index
2026-08-11 07:52:57,711 - INFO - 尝试选择房间: 4幢/4A211
2026-08-11 07:52:57,719 - INFO - 房间列表已加载
2026-08-11 07:52:57,727 - INFO - 共找到 5 个房间
2026-08-11 07:52:57,746 - INFO - 找到匹配房间: 仙林校区 4幢 4A211 (索引 0)
2026-08-11 07:52:57,803 - INFO - 已点击房间 0 的 label
2026-08-11 07:52:57,809 - INFO - 已通过 Vue check(0) 同步房间选择状态
2026-08-11 07:52:57,809 - INFO - 房间选择完成: 4幢/4A211
2026-08-11 07:52:57,809 - INFO - 查找'去充值'按钮（第 1 次）...
2026-08-11 07:52:57,834 - INFO - 通过文本包含 '去充值' 找到充值按钮
2026-08-11 07:52:59,306 - INFO - 已点击充值按钮
2026-08-11 07:53:02,306 - INFO - 开始提取剩余电量信息...
2026-08-11 07:53:02,317 - WARNING - 未找到电量信息元素，尝试其他方法...
2026-08-11 07:53:02,325 - WARNING - 未找到i标签中的电量信息，尝试其他方法...
2026-08-11 07:53:02,327 - INFO - 在页面源码中查找电量信息...
2026-08-11 07:53:02,338 - WARNING - 未能提取到剩余电量信息
2026-08-11 07:53:02,338 - WARNING - 电量提取第 1 次失败，等待 5s 后重试
2026-08-11 07:53:07,338 - INFO - 开始提取剩余电量信息...
2026-08-11 07:53:07,345 - WARNING - 未找到电量信息元素，尝试其他方法...
2026-08-11 07:53:07,350 - WARNING - 未找到i标签中的电量信息，尝试其他方法...
2026-08-11 07:53:07,352 - INFO - 在页面源码中查找电量信息...
2026-08-11 07:53:07,359 - WARNING - 未能提取到剩余电量信息
2026-08-11 07:53:07,359 - WARNING - 电量提取第 2 次失败，等待 5s 后重试
2026-08-11 07:53:12,359 - INFO - 开始提取剩余电量信息...
2026-08-11 07:53:12,366 - WARNING - 未找到电量信息元素，尝试其他方法...
2026-08-11 07:53:12,371 - WARNING - 未找到i标签中的电量信息，尝试其他方法...
2026-08-11 07:53:12,373 - INFO - 在页面源码中查找电量信息...
2026-08-11 07:53:12,379 - WARNING - 未能提取到剩余电量信息
2026-08-11 07:53:12,380 - ERROR - 提取剩余电量失败（重试耗尽），认为本次监控流程未成功
2026-08-11 07:53:43,319 - INFO - Matplotlib 字体设置：使用回退字体列表，首选可用字体: Noto Sans CJK SC
2026-08-11 07:53:44,153 - INFO - 使用指定 ChromeDriver: /usr/bin/chromedriver
2026-08-11 07:53:44,225 - INFO - ddddocr 识别器初始化成功
2026-08-11 07:53:44,325 - INFO - captcha-recognizer 滑块识别模型初始化成功
2026-08-11 07:53:44,325 - INFO - 开始南京大学电费监控流程（自动无头模式）
2026-08-11 07:53:44,325 - INFO - 已初始化并清空验证码图片目录: /home/runner/work/nju_electric_monitor/nju_electric_monitor/src/../data/captcha_workflow
2026-08-11 07:53:44,325 - INFO - 正在打开页面: https://epay.nju.edu.cn/epay/h5/nju/electric/index
2026-08-11 07:53:55,582 - INFO - 等待登录表单加载...
2026-08-11 07:53:55,592 - INFO - 登录表单已加载
2026-08-11 07:53:55,592 - INFO - 开始填写登录表单...
2026-08-11 07:53:55,680 - INFO - 用户名填写完成
2026-08-11 07:53:55,750 - INFO - 密码填写完成
2026-08-11 07:53:55,789 - INFO - 未检测到任何验证方式
2026-08-11 07:53:55,789 - INFO - 登录前验证方式检测: none
2026-08-11 07:53:55,789 - INFO - 未检测到传统验证码，点击登录按钮...
2026-08-11 07:53:55,789 - INFO - 查找并点击登录按钮...
2026-08-11 07:53:55,810 - INFO - 通过 ID=login_submit 找到登录按钮
2026-08-11 07:53:55,860 - INFO - 已点击登录按钮
2026-08-11 07:54:02,885 - INFO - 检测到滑块验证（sliderDiv）
2026-08-11 07:54:02,885 - INFO - 登录后验证方式检测: slider
2026-08-11 07:54:02,885 - INFO - 开始处理滑块验证...
2026-08-11 07:54:04,398 - INFO - 滑块验证第 1/3 轮尝试
2026-08-11 07:54:04,738 - INFO - 滑块缺口 box=[61,67,103,104], confidence=0.956, 截图=278px, DOM=278px, 缩放=1.00x, 拖拽偏移=61px
2026-08-11 07:54:04,738 - INFO - 滑块拖拽尝试 1/2 (偏移=61px)
2026-08-11 07:54:16,526 - WARNING - 滑块拖拽第 1 次未通过验证
2026-08-11 07:54:17,526 - INFO - 滑块拖拽尝试 2/2 (偏移=61px)
2026-08-11 07:54:28,960 - WARNING - 滑块拖拽第 2 次未通过验证
2026-08-11 07:54:28,960 - ERROR - 滑块验证 2 次尝试均失败
2026-08-11 07:54:28,960 - WARNING - 第 1 轮滑块拖拽失败
2026-08-11 07:54:29,960 - INFO - 滑块验证第 2/3 轮尝试
2026-08-11 07:54:30,276 - INFO - 滑块缺口 box=[132,12,173,50], confidence=0.960, 截图=280px, DOM=280px, 缩放=1.00x, 拖拽偏移=132px
2026-08-11 07:54:30,276 - INFO - 滑块拖拽尝试 1/2 (偏移=132px)
2026-08-11 07:54:50,729 - INFO - 滑块验证通过（sliderDiv 元素不存在）
2026-08-11 07:54:50,729 - INFO - 滑块验证第 2 轮成功
2026-08-11 07:54:50,729 - INFO - 等待登录成功...
2026-08-11 07:54:50,739 - INFO - 检测到已跳转到电费页面: https://epay.nju.edu.cn/epay/h5/nju/electric/index
2026-08-11 07:54:50,739 - INFO - 尝试选择房间: 4幢/4A211
2026-08-11 07:54:50,747 - INFO - 房间列表已加载
2026-08-11 07:54:50,756 - INFO - 共找到 5 个房间
2026-08-11 07:54:50,774 - INFO - 找到匹配房间: 仙林校区 4幢 4A211 (索引 0)
2026-08-11 07:54:50,832 - INFO - 已点击房间 0 的 label
2026-08-11 07:54:50,839 - INFO - 已通过 Vue check(0) 同步房间选择状态
2026-08-11 07:54:50,839 - INFO - 房间选择完成: 4幢/4A211
2026-08-11 07:54:50,839 - INFO - 查找'去充值'按钮（第 1 次）...
2026-08-11 07:54:50,863 - INFO - 通过文本包含 '去充值' 找到充值按钮
2026-08-11 07:54:52,586 - INFO - 已点击充值按钮
2026-08-11 07:54:55,587 - INFO - 开始提取剩余电量信息...
2026-08-11 07:54:55,598 - WARNING - 未找到电量信息元素，尝试其他方法...
2026-08-11 07:54:55,606 - WARNING - 未找到i标签中的电量信息，尝试其他方法...
2026-08-11 07:54:55,608 - INFO - 在页面源码中查找电量信息...
2026-08-11 07:54:55,620 - WARNING - 未能提取到剩余电量信息
2026-08-11 07:54:55,620 - WARNING - 电量提取第 1 次失败，等待 5s 后重试
2026-08-11 07:55:00,620 - INFO - 开始提取剩余电量信息...
2026-08-11 07:55:00,628 - WARNING - 未找到电量信息元素，尝试其他方法...
2026-08-11 07:55:00,633 - WARNING - 未找到i标签中的电量信息，尝试其他方法...
2026-08-11 07:55:00,635 - INFO - 在页面源码中查找电量信息...
2026-08-11 07:55:00,642 - WARNING - 未能提取到剩余电量信息
2026-08-11 07:55:00,642 - WARNING - 电量提取第 2 次失败，等待 5s 后重试
2026-08-11 07:55:05,642 - INFO - 开始提取剩余电量信息...
2026-08-11 07:55:05,649 - WARNING - 未找到电量信息元素，尝试其他方法...
2026-08-11 07:55:05,655 - WARNING - 未找到i标签中的电量信息，尝试其他方法...
2026-08-11 07:55:05,657 - INFO - 在页面源码中查找电量信息...
2026-08-11 07:55:05,664 - WARNING - 未能提取到剩余电量信息
2026-08-11 07:55:05,664 - ERROR - 提取剩余电量失败（重试耗尽），认为本次监控流程未成功
2026-08-11 07:55:36,632 - INFO - Matplotlib 字体设置：使用回退字体列表，首选可用字体: Noto Sans CJK SC
2026-08-11 07:55:37,466 - INFO - 使用指定 ChromeDriver: /usr/bin/chromedriver
2026-08-11 07:55:37,568 - INFO - ddddocr 识别器初始化成功
2026-08-11 07:55:37,680 - INFO - captcha-recognizer 滑块识别模型初始化成功
2026-08-11 07:55:37,680 - INFO - 开始南京大学电费监控流程（自动无头模式）
2026-08-11 07:55:37,680 - INFO - 已初始化并清空验证码图片目录: /home/runner/work/nju_electric_monitor/nju_electric_monitor/src/../data/captcha_workflow
2026-08-11 07:55:37,680 - INFO - 正在打开页面: https://epay.nju.edu.cn/epay/h5/nju/electric/index
2026-08-11 07:55:48,696 - INFO - 等待登录表单加载...
2026-08-11 07:55:48,707 - INFO - 登录表单已加载
2026-08-11 07:55:48,707 - INFO - 开始填写登录表单...
2026-08-11 07:55:48,792 - INFO - 用户名填写完成
2026-08-11 07:55:48,863 - INFO - 密码填写完成
2026-08-11 07:55:48,902 - INFO - 未检测到任何验证方式
2026-08-11 07:55:48,902 - INFO - 登录前验证方式检测: none
2026-08-11 07:55:48,902 - INFO - 未检测到传统验证码，点击登录按钮...
2026-08-11 07:55:48,902 - INFO - 查找并点击登录按钮...
2026-08-11 07:55:48,923 - INFO - 通过 ID=login_submit 找到登录按钮
2026-08-11 07:55:48,973 - INFO - 已点击登录按钮
2026-08-11 07:55:55,999 - INFO - 检测到滑块验证（sliderDiv）
2026-08-11 07:55:55,999 - INFO - 登录后验证方式检测: slider
2026-08-11 07:55:55,999 - INFO - 开始处理滑块验证...
2026-08-11 07:55:57,515 - INFO - 滑块验证第 1/3 轮尝试
2026-08-11 07:55:57,870 - INFO - 滑块缺口 box=[166,87,207,126], confidence=0.954, 截图=278px, DOM=278px, 缩放=1.00x, 拖拽偏移=166px
2026-08-11 07:55:57,871 - INFO - 滑块拖拽尝试 1/2 (偏移=166px)
2026-08-11 07:56:19,570 - INFO - 滑块验证通过（sliderDiv 元素不存在）
2026-08-11 07:56:19,570 - INFO - 滑块验证第 1 轮成功
2026-08-11 07:56:19,570 - INFO - 等待登录成功...
2026-08-11 07:56:19,579 - INFO - 检测到已跳转到电费页面: https://epay.nju.edu.cn/epay/h5/nju/electric/index
2026-08-11 07:56:19,579 - INFO - 尝试选择房间: 4幢/4A211
2026-08-11 07:56:19,588 - INFO - 房间列表已加载
2026-08-11 07:56:19,596 - INFO - 共找到 5 个房间
2026-08-11 07:56:19,613 - INFO - 找到匹配房间: 仙林校区 4幢 4A211 (索引 0)
2026-08-11 07:56:19,671 - INFO - 已点击房间 0 的 label
2026-08-11 07:56:19,675 - INFO - 已通过 Vue check(0) 同步房间选择状态
2026-08-11 07:56:19,675 - INFO - 房间选择完成: 4幢/4A211
2026-08-11 07:56:19,675 - INFO - 查找'去充值'按钮（第 1 次）...
2026-08-11 07:56:19,700 - INFO - 通过文本包含 '去充值' 找到充值按钮
2026-08-11 07:56:21,051 - INFO - 已点击充值按钮
2026-08-11 07:56:24,052 - INFO - 开始提取剩余电量信息...
2026-08-11 07:56:24,063 - WARNING - 未找到电量信息元素，尝试其他方法...
2026-08-11 07:56:24,071 - WARNING - 未找到i标签中的电量信息，尝试其他方法...
2026-08-11 07:56:24,073 - INFO - 在页面源码中查找电量信息...
2026-08-11 07:56:24,084 - WARNING - 未能提取到剩余电量信息
2026-08-11 07:56:24,084 - WARNING - 电量提取第 1 次失败，等待 5s 后重试
2026-08-11 07:56:29,084 - INFO - 开始提取剩余电量信息...
2026-08-11 07:56:29,091 - WARNING - 未找到电量信息元素，尝试其他方法...
2026-08-11 07:56:29,096 - WARNING - 未找到i标签中的电量信息，尝试其他方法...
2026-08-11 07:56:29,098 - INFO - 在页面源码中查找电量信息...
2026-08-11 07:56:29,105 - WARNING - 未能提取到剩余电量信息
2026-08-11 07:56:29,105 - WARNING - 电量提取第 2 次失败，等待 5s 后重试
2026-08-11 07:56:34,106 - INFO - 开始提取剩余电量信息...
2026-08-11 07:56:34,112 - WARNING - 未找到电量信息元素，尝试其他方法...
2026-08-11 07:56:34,117 - WARNING - 未找到i标签中的电量信息，尝试其他方法...
2026-08-11 07:56:34,119 - INFO - 在页面源码中查找电量信息...
2026-08-11 07:56:34,126 - WARNING - 未能提取到剩余电量信息
2026-08-11 07:56:34,126 - ERROR - 提取剩余电量失败（重试耗尽），认为本次监控流程未成功
