2026-09-05 15:31:36,455 - INFO - Matplotlib 字体设置：使用回退字体列表，首选可用字体: Noto Sans CJK SC
2026-09-05 15:31:38,397 - INFO - 使用指定 ChromeDriver: /usr/bin/chromedriver
2026-09-05 15:31:38,501 - INFO - ddddocr 识别器初始化成功
2026-09-05 15:31:38,661 - INFO - captcha-recognizer 滑块识别模型初始化成功
2026-09-05 15:31:38,661 - INFO - 开始南京大学电费监控流程（自动无头模式）
2026-09-05 15:31:38,662 - INFO - 已初始化并清空验证码图片目录: /home/runner/work/nju_electric_monitor/nju_electric_monitor/src/../data/captcha_workflow
2026-09-05 15:31:38,662 - INFO - 正在打开页面: https://epay.nju.edu.cn/epay/h5/nju/electric/index
2026-09-05 15:31:56,773 - INFO - 等待登录表单加载...
2026-09-05 15:31:56,782 - INFO - 登录表单已加载
2026-09-05 15:31:56,782 - INFO - 开始填写登录表单...
2026-09-05 15:31:56,854 - INFO - 用户名填写完成
2026-09-05 15:31:56,920 - INFO - 密码填写完成
2026-09-05 15:31:56,953 - INFO - 未检测到任何验证方式
2026-09-05 15:31:56,953 - INFO - 登录前验证方式检测: none
2026-09-05 15:31:56,953 - INFO - 未检测到传统验证码，点击登录按钮...
2026-09-05 15:31:56,953 - INFO - 查找并点击登录按钮...
2026-09-05 15:31:56,972 - INFO - 通过 ID=login_submit 找到登录按钮
2026-09-05 15:31:57,016 - INFO - 已点击登录按钮
2026-09-05 15:32:04,043 - INFO - 检测到滑块验证（sliderDiv）
2026-09-05 15:32:04,043 - INFO - 登录后验证方式检测: slider
2026-09-05 15:32:04,043 - INFO - 开始处理滑块验证...
2026-09-05 15:32:05,556 - INFO - 滑块验证第 1/3 轮尝试
2026-09-05 15:32:05,920 - INFO - 滑块缺口 box=[169,67,209,105], confidence=0.953, 截图=278px, DOM=278px, 缩放=1.00x, 拖拽偏移=169px
2026-09-05 15:32:05,920 - INFO - 滑块拖拽尝试 1/2 (偏移=169px)
2026-09-05 15:32:24,838 - WARNING - 滑块拖拽第 1 次未通过验证
2026-09-05 15:32:25,838 - INFO - 滑块拖拽尝试 2/2 (偏移=169px)
2026-09-05 15:32:43,647 - WARNING - 滑块拖拽第 2 次未通过验证
2026-09-05 15:32:43,647 - ERROR - 滑块验证 2 次尝试均失败
2026-09-05 15:32:43,647 - WARNING - 第 1 轮滑块拖拽失败
2026-09-05 15:32:44,648 - INFO - 滑块验证第 2/3 轮尝试
2026-09-05 15:32:45,000 - INFO - 滑块缺口 box=[144,67,186,105], confidence=0.957, 截图=280px, DOM=280px, 缩放=1.00x, 拖拽偏移=144px
2026-09-05 15:32:45,000 - INFO - 滑块拖拽尝试 1/2 (偏移=144px)
2026-09-05 15:33:07,525 - INFO - 滑块验证通过（sliderDiv 元素不存在）
2026-09-05 15:33:07,525 - INFO - 滑块验证第 2 轮成功
2026-09-05 15:33:07,525 - INFO - 等待登录成功...
2026-09-05 15:33:07,535 - INFO - 检测到已跳转到电费页面: https://epay.nju.edu.cn/epay/h5/nju/electric/index
2026-09-05 15:33:07,535 - INFO - 尝试选择房间: 4幢/4A211
2026-09-05 15:33:07,541 - INFO - 房间列表已加载
2026-09-05 15:33:07,547 - INFO - 共找到 1 个房间
2026-09-05 15:33:07,561 - INFO - 找到匹配房间: 仙林校区 4幢 4A211 (索引 0)
2026-09-05 15:33:07,608 - INFO - 已点击房间 0 的 label
2026-09-05 15:33:07,612 - INFO - 已通过 Vue check(0) 同步房间选择状态
2026-09-05 15:33:07,612 - INFO - 房间选择完成: 4幢/4A211
2026-09-05 15:33:07,612 - INFO - 查找'去充值'按钮（第 1 次）...
2026-09-05 15:33:07,633 - INFO - 通过文本包含 '去充值' 找到充值按钮
2026-09-05 15:33:10,206 - INFO - 已点击充值按钮
2026-09-05 15:33:13,206 - INFO - 开始提取剩余电量信息...
2026-09-05 15:33:13,220 - INFO - 找到电量信息元素（已省略具体文本以保护隐私）
2026-09-05 15:33:13,220 - WARNING - 未在元素中找到标准格式的电量信息
2026-09-05 15:33:13,231 - INFO - 找到 i 标签中的电量信息（已省略具体文本）
2026-09-05 15:33:13,231 - WARNING - i标签中未找到标准格式的电量信息
2026-09-05 15:33:13,231 - WARNING - 未找到i标签中的电量信息
2026-09-05 15:33:13,234 - INFO - 在页面源码中查找电量信息...
2026-09-05 15:33:13,234 - INFO - 从页面源码中提取到剩余电量: 342.12 度
2026-09-05 15:33:13,245 - INFO - 数据已保存: 342.12 度
2026-09-05 15:33:13,473 - INFO - 电量变化曲线图已保存到: /home/runner/work/nju_electric_monitor/nju_electric_monitor/src/../data/electricity_trend.png
2026-09-05 15:33:13,728 - INFO - 最近20次电量变化曲线图已保存到: /home/runner/work/nju_electric_monitor/nju_electric_monitor/src/../data/recent_20_changes.png
2026-09-05 15:33:13,729 - INFO - 配置中已关闭邮件告警（enable_email_alert = false），不发送邮件
2026-09-05 15:33:13,729 - INFO - 监控流程完成
