2026-08-01 18:05:11,280 - INFO - Matplotlib 字体设置：使用回退字体列表，首选可用字体: Noto Sans CJK SC
2026-08-01 18:05:13,132 - INFO - 使用指定 ChromeDriver: /usr/bin/chromedriver
2026-08-01 18:05:13,210 - INFO - ddddocr 识别器初始化成功
2026-08-01 18:05:13,321 - INFO - captcha-recognizer 滑块识别模型初始化成功
2026-08-01 18:05:13,321 - INFO - 开始南京大学电费监控流程（自动无头模式）
2026-08-01 18:05:13,321 - INFO - 已初始化并清空验证码图片目录: /home/runner/work/nju_electric_monitor/nju_electric_monitor/src/../data/captcha_workflow
2026-08-01 18:05:13,321 - INFO - 正在打开页面: https://epay.nju.edu.cn/epay/h5/nju/electric/index
2026-08-01 18:05:20,663 - INFO - 等待登录表单加载...
2026-08-01 18:05:20,754 - INFO - 登录表单已加载
2026-08-01 18:05:20,754 - INFO - 开始填写登录表单...
2026-08-01 18:05:20,845 - INFO - 用户名填写完成
2026-08-01 18:05:20,920 - INFO - 密码填写完成
2026-08-01 18:05:20,960 - INFO - 未检测到任何验证方式
2026-08-01 18:05:20,960 - INFO - 登录前验证方式检测: none
2026-08-01 18:05:20,960 - INFO - 未检测到传统验证码，点击登录按钮...
2026-08-01 18:05:20,960 - INFO - 查找并点击登录按钮...
2026-08-01 18:05:20,982 - INFO - 通过 ID=login_submit 找到登录按钮
2026-08-01 18:05:21,039 - INFO - 已点击登录按钮
2026-08-01 18:05:28,066 - INFO - 检测到滑块验证（sliderDiv）
2026-08-01 18:05:28,066 - INFO - 登录后验证方式检测: slider
2026-08-01 18:05:28,066 - INFO - 开始处理滑块验证...
2026-08-01 18:05:29,580 - INFO - 滑块验证第 1/3 轮尝试
2026-08-01 18:05:29,928 - INFO - 滑块缺口 box=[146,11,187,50], confidence=0.949, 截图=278px, DOM=278px, 缩放=1.00x, 拖拽偏移=146px
2026-08-01 18:05:29,928 - INFO - 滑块拖拽尝试 1/2 (偏移=146px)
2026-08-01 18:06:16,863 - INFO - 滑块验证通过（sliderDiv 元素不存在）
2026-08-01 18:06:16,863 - INFO - 滑块验证第 1 轮成功
2026-08-01 18:06:16,863 - INFO - 等待登录成功...
2026-08-01 18:06:16,873 - INFO - 检测到已跳转到电费页面: https://epay.nju.edu.cn/epay/h5/nju/electric/index?ticket=ST-781964-BR30oApbHmPPpXweqaCpbOFYvpEciapserver3
2026-08-01 18:06:16,873 - INFO - 尝试选择房间: 4幢/4A211
2026-08-01 18:06:32,083 - WARNING - 房间列表加载超时（15s），跳过房间选择
2026-08-01 18:06:32,083 - INFO - 查找'去充值'按钮...
2026-08-01 18:06:32,105 - WARNING - 通过 CSS 选择器未找到'去充值'按钮 div.footer
2026-08-01 18:06:32,105 - ERROR - 未找到可点击的'去充值'按钮
2026-08-01 18:06:32,105 - WARNING - 点击充值按钮失败，尝试直接提取数据
2026-08-01 18:06:32,105 - INFO - 开始提取剩余电量信息...
2026-08-01 18:06:32,114 - WARNING - 未找到电量信息元素，尝试其他方法...
2026-08-01 18:06:32,124 - WARNING - 未找到i标签中的电量信息，尝试其他方法...
2026-08-01 18:06:32,126 - INFO - 在页面源码中查找电量信息...
2026-08-01 18:06:32,138 - WARNING - 未能提取到剩余电量信息
2026-08-01 18:06:32,138 - ERROR - 提取剩余电量失败，认为本次监控流程未成功，将交由上层重试
