2026-09-26 23:52:37,449 - INFO - Matplotlib 字体设置：使用回退字体列表，首选可用字体: Noto Sans CJK SC
2026-09-26 23:52:39,400 - INFO - 使用指定 ChromeDriver: /usr/bin/chromedriver
2026-09-26 23:52:39,561 - INFO - ddddocr 识别器初始化成功
2026-09-26 23:52:39,709 - INFO - captcha-recognizer 滑块识别模型初始化成功
2026-09-26 23:52:39,709 - INFO - 开始南京大学电费监控流程（自动无头模式）
2026-09-26 23:52:39,709 - INFO - 已初始化并清空验证码图片目录: /home/runner/work/nju_electric_monitor/nju_electric_monitor/src/../data/captcha_workflow
2026-09-26 23:52:39,709 - INFO - 正在打开页面: https://epay.nju.edu.cn/epay/h5/nju/electric/index
2026-09-26 23:52:54,915 - INFO - 等待登录表单加载...
2026-09-26 23:52:54,924 - INFO - 登录表单已加载
2026-09-26 23:52:54,924 - INFO - 开始填写登录表单...
2026-09-26 23:52:54,999 - INFO - 用户名填写完成
2026-09-26 23:52:55,065 - INFO - 密码填写完成
2026-09-26 23:52:55,099 - INFO - 未检测到任何验证方式
2026-09-26 23:52:55,099 - INFO - 登录前验证方式检测: none
2026-09-26 23:52:55,099 - INFO - 未检测到传统验证码，点击登录按钮...
2026-09-26 23:52:55,099 - INFO - 查找并点击登录按钮...
2026-09-26 23:52:55,119 - INFO - 通过 ID=login_submit 找到登录按钮
2026-09-26 23:52:55,166 - INFO - 已点击登录按钮
2026-09-26 23:53:02,192 - INFO - 检测到滑块验证（sliderDiv）
2026-09-26 23:53:02,192 - INFO - 登录后验证方式检测: slider
2026-09-26 23:53:02,192 - INFO - 开始处理滑块验证...
2026-09-26 23:53:03,704 - INFO - 滑块验证第 1/3 轮尝试
2026-09-26 23:53:04,058 - INFO - 滑块缺口 box=[100,52,141,90], confidence=0.956, 截图=278px, DOM=278px, 缩放=1.00x, 拖拽偏移=100px
2026-09-26 23:53:04,059 - INFO - 滑块拖拽尝试 1/2 (偏移=100px)
2026-09-26 23:53:22,249 - INFO - 滑块验证通过（sliderDiv 元素不存在）
2026-09-26 23:53:22,249 - INFO - 滑块验证第 1 轮成功
2026-09-26 23:53:22,250 - INFO - 等待登录成功...
2026-09-26 23:53:22,260 - INFO - 检测到已跳转到电费页面: https://epay.nju.edu.cn/epay/h5/nju/electric/index
2026-09-26 23:53:22,260 - INFO - 尝试选择房间: 4幢/4A211
2026-09-26 23:53:22,270 - INFO - 房间列表已加载
2026-09-26 23:53:22,277 - INFO - 共找到 1 个房间
2026-09-26 23:53:22,292 - INFO - 找到匹配房间: 仙林校区 4幢 4A211 (索引 0)
2026-09-26 23:53:22,344 - INFO - 已点击房间 0 的 label
2026-09-26 23:53:22,349 - INFO - 已通过 Vue check(0) 同步房间选择状态
2026-09-26 23:53:22,349 - INFO - 房间选择完成: 4幢/4A211
2026-09-26 23:53:22,349 - INFO - 查找'去充值'按钮（第 1 次）...
2026-09-26 23:53:22,369 - INFO - 通过文本包含 '去充值' 找到充值按钮
2026-09-26 23:53:24,070 - INFO - 已点击充值按钮
2026-09-26 23:53:27,070 - INFO - 开始提取剩余电量信息...
2026-09-26 23:53:27,085 - INFO - 找到电量信息元素（已省略具体文本以保护隐私）
2026-09-26 23:53:27,085 - WARNING - 未在元素中找到标准格式的电量信息
2026-09-26 23:53:27,097 - INFO - 找到 i 标签中的电量信息（已省略具体文本）
2026-09-26 23:53:27,097 - WARNING - i标签中未找到标准格式的电量信息
2026-09-26 23:53:27,097 - WARNING - 未找到i标签中的电量信息
2026-09-26 23:53:27,100 - INFO - 在页面源码中查找电量信息...
2026-09-26 23:53:27,100 - INFO - 从页面源码中提取到剩余电量: 136.18 度
2026-09-26 23:53:27,112 - INFO - 数据已保存: 136.18 度
2026-09-26 23:53:27,354 - INFO - 电量变化曲线图已保存到: /home/runner/work/nju_electric_monitor/nju_electric_monitor/src/../data/electricity_trend.png
2026-09-26 23:53:27,641 - INFO - 最近20次电量变化曲线图已保存到: /home/runner/work/nju_electric_monitor/nju_electric_monitor/src/../data/recent_20_changes.png
2026-09-26 23:53:27,642 - INFO - 配置中已关闭邮件告警（enable_email_alert = false），不发送邮件
2026-09-26 23:53:27,642 - INFO - 监控流程完成
