2026-08-11 04:53:53,451 - INFO - Matplotlib 字体设置：使用回退字体列表，首选可用字体: Noto Sans CJK SC
2026-08-11 04:53:55,315 - INFO - 使用指定 ChromeDriver: /usr/bin/chromedriver
2026-08-11 04:53:55,387 - INFO - ddddocr 识别器初始化成功
2026-08-11 04:53:55,493 - INFO - captcha-recognizer 滑块识别模型初始化成功
2026-08-11 04:53:55,494 - INFO - 开始南京大学电费监控流程（自动无头模式）
2026-08-11 04:53:55,494 - INFO - 已初始化并清空验证码图片目录: /home/runner/work/nju_electric_monitor/nju_electric_monitor/src/../data/captcha_workflow
2026-08-11 04:53:55,494 - INFO - 正在打开页面: https://epay.nju.edu.cn/epay/h5/nju/electric/index
2026-08-11 04:54:07,363 - INFO - 等待登录表单加载...
2026-08-11 04:54:07,373 - INFO - 登录表单已加载
2026-08-11 04:54:07,373 - INFO - 开始填写登录表单...
2026-08-11 04:54:07,461 - INFO - 用户名填写完成
2026-08-11 04:54:07,536 - INFO - 密码填写完成
2026-08-11 04:54:07,575 - INFO - 未检测到任何验证方式
2026-08-11 04:54:07,575 - INFO - 登录前验证方式检测: none
2026-08-11 04:54:07,575 - INFO - 未检测到传统验证码，点击登录按钮...
2026-08-11 04:54:07,575 - INFO - 查找并点击登录按钮...
2026-08-11 04:54:07,596 - INFO - 通过 ID=login_submit 找到登录按钮
2026-08-11 04:54:07,648 - INFO - 已点击登录按钮
2026-08-11 04:54:14,674 - INFO - 检测到滑块验证（sliderDiv）
2026-08-11 04:54:14,674 - INFO - 登录后验证方式检测: slider
2026-08-11 04:54:14,674 - INFO - 开始处理滑块验证...
2026-08-11 04:54:16,188 - INFO - 滑块验证第 1/3 轮尝试
2026-08-11 04:54:16,516 - INFO - 滑块缺口 box=[92,52,133,90], confidence=0.950, 截图=278px, DOM=278px, 缩放=1.00x, 拖拽偏移=92px
2026-08-11 04:54:16,516 - INFO - 滑块拖拽尝试 1/2 (偏移=92px)
2026-08-11 04:54:34,496 - INFO - 滑块验证通过（sliderDiv 元素不存在）
2026-08-11 04:54:34,496 - INFO - 滑块验证第 1 轮成功
2026-08-11 04:54:34,497 - INFO - 等待登录成功...
2026-08-11 04:54:34,507 - INFO - 检测到已跳转到电费页面: https://epay.nju.edu.cn/epay/h5/nju/electric/index
2026-08-11 04:54:34,507 - INFO - 尝试选择房间: 4幢/4A211
2026-08-11 04:54:34,515 - INFO - 房间列表已加载
2026-08-11 04:54:34,523 - INFO - 共找到 5 个房间
2026-08-11 04:54:34,545 - INFO - 找到匹配房间: 仙林校区 4幢 4A211 (索引 0)
2026-08-11 04:54:34,610 - INFO - 已点击房间 0 的 label
2026-08-11 04:54:34,615 - INFO - 已通过 Vue check(0) 同步房间选择状态
2026-08-11 04:54:34,616 - INFO - 房间选择完成: 4幢/4A211
2026-08-11 04:54:34,616 - INFO - 查找'去充值'按钮（第 1 次）...
2026-08-11 04:54:34,640 - INFO - 通过文本包含 '去充值' 找到充值按钮
2026-08-11 04:54:35,987 - INFO - 已点击充值按钮
2026-08-11 04:54:38,988 - INFO - 开始提取剩余电量信息...
2026-08-11 04:54:38,999 - WARNING - 未找到电量信息元素，尝试其他方法...
2026-08-11 04:54:39,007 - WARNING - 未找到i标签中的电量信息，尝试其他方法...
2026-08-11 04:54:39,010 - INFO - 在页面源码中查找电量信息...
2026-08-11 04:54:39,020 - WARNING - 未能提取到剩余电量信息
2026-08-11 04:54:39,020 - WARNING - 电量提取第 1 次失败，等待 5s 后重试
2026-08-11 04:54:44,020 - INFO - 开始提取剩余电量信息...
2026-08-11 04:54:44,027 - WARNING - 未找到电量信息元素，尝试其他方法...
2026-08-11 04:54:44,033 - WARNING - 未找到i标签中的电量信息，尝试其他方法...
2026-08-11 04:54:44,035 - INFO - 在页面源码中查找电量信息...
2026-08-11 04:54:44,042 - WARNING - 未能提取到剩余电量信息
2026-08-11 04:54:44,042 - WARNING - 电量提取第 2 次失败，等待 5s 后重试
2026-08-11 04:54:49,043 - INFO - 开始提取剩余电量信息...
2026-08-11 04:54:49,049 - WARNING - 未找到电量信息元素，尝试其他方法...
2026-08-11 04:54:49,055 - WARNING - 未找到i标签中的电量信息，尝试其他方法...
2026-08-11 04:54:49,057 - INFO - 在页面源码中查找电量信息...
2026-08-11 04:54:49,064 - WARNING - 未能提取到剩余电量信息
2026-08-11 04:54:49,064 - ERROR - 提取剩余电量失败（重试耗尽），认为本次监控流程未成功
2026-08-11 04:55:20,053 - INFO - Matplotlib 字体设置：使用回退字体列表，首选可用字体: Noto Sans CJK SC
2026-08-11 04:55:20,873 - INFO - 使用指定 ChromeDriver: /usr/bin/chromedriver
2026-08-11 04:55:20,966 - INFO - ddddocr 识别器初始化成功
2026-08-11 04:55:21,082 - INFO - captcha-recognizer 滑块识别模型初始化成功
2026-08-11 04:55:21,082 - INFO - 开始南京大学电费监控流程（自动无头模式）
2026-08-11 04:55:21,082 - INFO - 已初始化并清空验证码图片目录: /home/runner/work/nju_electric_monitor/nju_electric_monitor/src/../data/captcha_workflow
2026-08-11 04:55:21,082 - INFO - 正在打开页面: https://epay.nju.edu.cn/epay/h5/nju/electric/index
2026-08-11 04:55:31,929 - INFO - 等待登录表单加载...
2026-08-11 04:55:31,939 - INFO - 登录表单已加载
2026-08-11 04:55:31,939 - INFO - 开始填写登录表单...
2026-08-11 04:55:32,025 - INFO - 用户名填写完成
2026-08-11 04:55:32,099 - INFO - 密码填写完成
2026-08-11 04:55:32,137 - INFO - 未检测到任何验证方式
2026-08-11 04:55:32,137 - INFO - 登录前验证方式检测: none
2026-08-11 04:55:32,137 - INFO - 未检测到传统验证码，点击登录按钮...
2026-08-11 04:55:32,138 - INFO - 查找并点击登录按钮...
2026-08-11 04:55:32,159 - INFO - 通过 ID=login_submit 找到登录按钮
2026-08-11 04:55:32,211 - INFO - 已点击登录按钮
2026-08-11 04:55:39,237 - INFO - 检测到滑块验证（sliderDiv）
2026-08-11 04:55:39,237 - INFO - 登录后验证方式检测: slider
2026-08-11 04:55:39,237 - INFO - 开始处理滑块验证...
2026-08-11 04:55:40,751 - INFO - 滑块验证第 1/3 轮尝试
2026-08-11 04:55:41,080 - INFO - 滑块缺口 box=[154,12,195,49], confidence=0.948, 截图=278px, DOM=278px, 缩放=1.00x, 拖拽偏移=154px
2026-08-11 04:55:41,081 - INFO - 滑块拖拽尝试 1/2 (偏移=154px)
2026-08-11 04:56:01,893 - INFO - 滑块验证通过（sliderDiv 元素不存在）
2026-08-11 04:56:01,893 - INFO - 滑块验证第 1 轮成功
2026-08-11 04:56:01,893 - INFO - 等待登录成功...
2026-08-11 04:56:01,904 - INFO - 检测到已跳转到电费页面: https://epay.nju.edu.cn/epay/h5/nju/electric/index
2026-08-11 04:56:01,905 - INFO - 尝试选择房间: 4幢/4A211
2026-08-11 04:56:01,914 - INFO - 房间列表已加载
2026-08-11 04:56:01,923 - INFO - 共找到 5 个房间
2026-08-11 04:56:01,942 - INFO - 找到匹配房间: 仙林校区 4幢 4A211 (索引 0)
2026-08-11 04:56:02,005 - INFO - 已点击房间 0 的 label
2026-08-11 04:56:02,011 - INFO - 已通过 Vue check(0) 同步房间选择状态
2026-08-11 04:56:02,011 - INFO - 房间选择完成: 4幢/4A211
2026-08-11 04:56:02,011 - INFO - 查找'去充值'按钮（第 1 次）...
2026-08-11 04:56:02,038 - INFO - 通过文本包含 '去充值' 找到充值按钮
2026-08-11 04:56:03,344 - INFO - 已点击充值按钮
2026-08-11 04:56:06,344 - INFO - 开始提取剩余电量信息...
2026-08-11 04:56:06,355 - WARNING - 未找到电量信息元素，尝试其他方法...
2026-08-11 04:56:06,364 - WARNING - 未找到i标签中的电量信息，尝试其他方法...
2026-08-11 04:56:06,366 - INFO - 在页面源码中查找电量信息...
2026-08-11 04:56:06,379 - WARNING - 未能提取到剩余电量信息
2026-08-11 04:56:06,379 - WARNING - 电量提取第 1 次失败，等待 5s 后重试
2026-08-11 04:56:11,379 - INFO - 开始提取剩余电量信息...
2026-08-11 04:56:11,386 - WARNING - 未找到电量信息元素，尝试其他方法...
2026-08-11 04:56:11,392 - WARNING - 未找到i标签中的电量信息，尝试其他方法...
2026-08-11 04:56:11,394 - INFO - 在页面源码中查找电量信息...
2026-08-11 04:56:11,401 - WARNING - 未能提取到剩余电量信息
2026-08-11 04:56:11,401 - WARNING - 电量提取第 2 次失败，等待 5s 后重试
2026-08-11 04:56:16,401 - INFO - 开始提取剩余电量信息...
2026-08-11 04:56:16,408 - WARNING - 未找到电量信息元素，尝试其他方法...
2026-08-11 04:56:16,414 - WARNING - 未找到i标签中的电量信息，尝试其他方法...
2026-08-11 04:56:16,416 - INFO - 在页面源码中查找电量信息...
2026-08-11 04:56:16,422 - WARNING - 未能提取到剩余电量信息
2026-08-11 04:56:16,422 - ERROR - 提取剩余电量失败（重试耗尽），认为本次监控流程未成功
2026-08-11 04:56:47,389 - INFO - Matplotlib 字体设置：使用回退字体列表，首选可用字体: Noto Sans CJK SC
2026-08-11 04:56:48,204 - INFO - 使用指定 ChromeDriver: /usr/bin/chromedriver
2026-08-11 04:56:48,287 - INFO - ddddocr 识别器初始化成功
2026-08-11 04:56:48,391 - INFO - captcha-recognizer 滑块识别模型初始化成功
2026-08-11 04:56:48,391 - INFO - 开始南京大学电费监控流程（自动无头模式）
2026-08-11 04:56:48,391 - INFO - 已初始化并清空验证码图片目录: /home/runner/work/nju_electric_monitor/nju_electric_monitor/src/../data/captcha_workflow
2026-08-11 04:56:48,391 - INFO - 正在打开页面: https://epay.nju.edu.cn/epay/h5/nju/electric/index
2026-08-11 04:56:55,733 - INFO - 等待登录表单加载...
2026-08-11 04:56:56,375 - INFO - 登录表单已加载
2026-08-11 04:56:56,375 - INFO - 开始填写登录表单...
2026-08-11 04:56:56,469 - INFO - 用户名填写完成
2026-08-11 04:56:56,546 - INFO - 密码填写完成
2026-08-11 04:56:56,585 - INFO - 未检测到任何验证方式
2026-08-11 04:56:56,586 - INFO - 登录前验证方式检测: none
2026-08-11 04:56:56,586 - INFO - 未检测到传统验证码，点击登录按钮...
2026-08-11 04:56:56,586 - INFO - 查找并点击登录按钮...
2026-08-11 04:56:56,608 - INFO - 通过 ID=login_submit 找到登录按钮
2026-08-11 04:56:56,662 - INFO - 已点击登录按钮
2026-08-11 04:57:03,688 - INFO - 检测到滑块验证（sliderDiv）
2026-08-11 04:57:03,688 - INFO - 登录后验证方式检测: slider
2026-08-11 04:57:03,688 - INFO - 开始处理滑块验证...
2026-08-11 04:57:05,201 - INFO - 滑块验证第 1/3 轮尝试
2026-08-11 04:57:05,521 - INFO - 滑块缺口 box=[136,12,181,50], confidence=0.950, 截图=278px, DOM=278px, 缩放=1.00x, 拖拽偏移=136px
2026-08-11 04:57:05,521 - INFO - 滑块拖拽尝试 1/2 (偏移=136px)
2026-08-11 04:57:25,611 - INFO - 滑块验证通过（sliderDiv 元素不存在）
2026-08-11 04:57:25,611 - INFO - 滑块验证第 1 轮成功
2026-08-11 04:57:25,611 - INFO - 等待登录成功...
2026-08-11 04:57:25,621 - INFO - 检测到已跳转到电费页面: https://epay.nju.edu.cn/epay/h5/nju/electric/index
2026-08-11 04:57:25,621 - INFO - 尝试选择房间: 4幢/4A211
2026-08-11 04:57:25,629 - INFO - 房间列表已加载
2026-08-11 04:57:25,637 - INFO - 共找到 5 个房间
2026-08-11 04:57:25,655 - INFO - 找到匹配房间: 仙林校区 4幢 4A211 (索引 0)
2026-08-11 04:57:25,713 - INFO - 已点击房间 0 的 label
2026-08-11 04:57:25,718 - INFO - 已通过 Vue check(0) 同步房间选择状态
2026-08-11 04:57:25,718 - INFO - 房间选择完成: 4幢/4A211
2026-08-11 04:57:25,718 - INFO - 查找'去充值'按钮（第 1 次）...
2026-08-11 04:57:25,744 - INFO - 通过文本包含 '去充值' 找到充值按钮
2026-08-11 04:57:27,005 - INFO - 已点击充值按钮
2026-08-11 04:57:30,006 - INFO - 开始提取剩余电量信息...
2026-08-11 04:57:30,017 - WARNING - 未找到电量信息元素，尝试其他方法...
2026-08-11 04:57:30,026 - WARNING - 未找到i标签中的电量信息，尝试其他方法...
2026-08-11 04:57:30,028 - INFO - 在页面源码中查找电量信息...
2026-08-11 04:57:30,039 - WARNING - 未能提取到剩余电量信息
2026-08-11 04:57:30,039 - WARNING - 电量提取第 1 次失败，等待 5s 后重试
2026-08-11 04:57:35,039 - INFO - 开始提取剩余电量信息...
2026-08-11 04:57:35,046 - WARNING - 未找到电量信息元素，尝试其他方法...
2026-08-11 04:57:35,052 - WARNING - 未找到i标签中的电量信息，尝试其他方法...
2026-08-11 04:57:35,054 - INFO - 在页面源码中查找电量信息...
2026-08-11 04:57:35,061 - WARNING - 未能提取到剩余电量信息
2026-08-11 04:57:35,061 - WARNING - 电量提取第 2 次失败，等待 5s 后重试
2026-08-11 04:57:40,062 - INFO - 开始提取剩余电量信息...
2026-08-11 04:57:40,069 - WARNING - 未找到电量信息元素，尝试其他方法...
2026-08-11 04:57:40,074 - WARNING - 未找到i标签中的电量信息，尝试其他方法...
2026-08-11 04:57:40,076 - INFO - 在页面源码中查找电量信息...
2026-08-11 04:57:40,083 - WARNING - 未能提取到剩余电量信息
2026-08-11 04:57:40,083 - ERROR - 提取剩余电量失败（重试耗尽），认为本次监控流程未成功
