2026-08-23 13:19:14,767 - INFO - Matplotlib 字体设置：使用回退字体列表，首选可用字体: Noto Sans CJK SC
2026-08-23 13:19:16,697 - INFO - 使用指定 ChromeDriver: /usr/bin/chromedriver
2026-08-23 13:19:16,798 - INFO - ddddocr 识别器初始化成功
2026-08-23 13:19:16,976 - INFO - captcha-recognizer 滑块识别模型初始化成功
2026-08-23 13:19:16,976 - INFO - 开始南京大学电费监控流程（自动无头模式）
2026-08-23 13:19:16,977 - INFO - 已初始化并清空验证码图片目录: /home/runner/work/nju_electric_monitor/nju_electric_monitor/src/../data/captcha_workflow
2026-08-23 13:19:16,977 - INFO - 正在打开页面: https://epay.nju.edu.cn/epay/h5/nju/electric/index
2026-08-23 13:19:27,914 - INFO - 等待登录表单加载...
2026-08-23 13:19:27,923 - INFO - 登录表单已加载
2026-08-23 13:19:27,923 - INFO - 开始填写登录表单...
2026-08-23 13:19:27,992 - INFO - 用户名填写完成
2026-08-23 13:19:28,052 - INFO - 密码填写完成
2026-08-23 13:19:28,086 - INFO - 未检测到任何验证方式
2026-08-23 13:19:28,087 - INFO - 登录前验证方式检测: none
2026-08-23 13:19:28,087 - INFO - 未检测到传统验证码，点击登录按钮...
2026-08-23 13:19:28,087 - INFO - 查找并点击登录按钮...
2026-08-23 13:19:28,107 - INFO - 通过 ID=login_submit 找到登录按钮
2026-08-23 13:19:28,153 - INFO - 已点击登录按钮
2026-08-23 13:19:35,178 - INFO - 检测到滑块验证（sliderDiv）
2026-08-23 13:19:35,178 - INFO - 登录后验证方式检测: slider
2026-08-23 13:19:35,179 - INFO - 开始处理滑块验证...
2026-08-23 13:19:36,691 - INFO - 滑块验证第 1/3 轮尝试
2026-08-23 13:19:37,042 - INFO - 滑块缺口 box=[116,51,161,89], confidence=0.957, 截图=278px, DOM=278px, 缩放=1.00x, 拖拽偏移=116px
2026-08-23 13:19:37,042 - INFO - 滑块拖拽尝试 1/2 (偏移=116px)
2026-08-23 13:19:56,264 - INFO - 滑块验证通过（sliderDiv 元素不存在）
2026-08-23 13:19:56,265 - INFO - 滑块验证第 1 轮成功
2026-08-23 13:19:56,265 - INFO - 等待登录成功...
2026-08-23 13:19:56,275 - INFO - 检测到已跳转到电费页面: https://epay.nju.edu.cn/epay/h5/nju/electric/index
2026-08-23 13:19:56,275 - INFO - 尝试选择房间: 4幢/4A211
2026-08-23 13:19:56,281 - INFO - 房间列表已加载
2026-08-23 13:19:56,286 - INFO - 共找到 1 个房间
2026-08-23 13:19:56,301 - INFO - 找到匹配房间: 仙林校区 4幢 4A211 (索引 0)
2026-08-23 13:19:56,348 - INFO - 已点击房间 0 的 label
2026-08-23 13:19:56,352 - INFO - 已通过 Vue check(0) 同步房间选择状态
2026-08-23 13:19:56,352 - INFO - 房间选择完成: 4幢/4A211
2026-08-23 13:19:56,352 - INFO - 查找'去充值'按钮（第 1 次）...
2026-08-23 13:19:56,374 - INFO - 通过文本包含 '去充值' 找到充值按钮
2026-08-23 13:19:57,644 - INFO - 已点击充值按钮
2026-08-23 13:20:00,644 - INFO - 开始提取剩余电量信息...
2026-08-23 13:20:00,653 - WARNING - 未找到电量信息元素，尝试其他方法...
2026-08-23 13:20:00,660 - WARNING - 未找到i标签中的电量信息，尝试其他方法...
2026-08-23 13:20:00,662 - INFO - 在页面源码中查找电量信息...
2026-08-23 13:20:00,670 - WARNING - 未能提取到剩余电量信息
2026-08-23 13:20:00,670 - WARNING - 电量提取第 1 次失败，等待 5s 后重试
2026-08-23 13:20:05,670 - INFO - 开始提取剩余电量信息...
2026-08-23 13:20:05,676 - WARNING - 未找到电量信息元素，尝试其他方法...
2026-08-23 13:20:05,681 - WARNING - 未找到i标签中的电量信息，尝试其他方法...
2026-08-23 13:20:05,683 - INFO - 在页面源码中查找电量信息...
2026-08-23 13:20:05,688 - WARNING - 未能提取到剩余电量信息
2026-08-23 13:20:05,689 - WARNING - 电量提取第 2 次失败，等待 5s 后重试
2026-08-23 13:20:10,689 - INFO - 开始提取剩余电量信息...
2026-08-23 13:20:10,694 - WARNING - 未找到电量信息元素，尝试其他方法...
2026-08-23 13:20:10,699 - WARNING - 未找到i标签中的电量信息，尝试其他方法...
2026-08-23 13:20:10,701 - INFO - 在页面源码中查找电量信息...
2026-08-23 13:20:10,706 - WARNING - 未能提取到剩余电量信息
2026-08-23 13:20:10,706 - ERROR - 提取剩余电量失败（重试耗尽），认为本次监控流程未成功
2026-08-23 13:20:41,747 - INFO - Matplotlib 字体设置：使用回退字体列表，首选可用字体: Noto Sans CJK SC
2026-08-23 13:20:42,655 - INFO - 使用指定 ChromeDriver: /usr/bin/chromedriver
2026-08-23 13:20:42,835 - INFO - ddddocr 识别器初始化成功
2026-08-23 13:20:43,002 - INFO - captcha-recognizer 滑块识别模型初始化成功
2026-08-23 13:20:43,002 - INFO - 开始南京大学电费监控流程（自动无头模式）
2026-08-23 13:20:43,002 - INFO - 已初始化并清空验证码图片目录: /home/runner/work/nju_electric_monitor/nju_electric_monitor/src/../data/captcha_workflow
2026-08-23 13:20:43,002 - INFO - 正在打开页面: https://epay.nju.edu.cn/epay/h5/nju/electric/index
2026-08-23 13:20:54,975 - INFO - 等待登录表单加载...
2026-08-23 13:20:54,983 - INFO - 登录表单已加载
2026-08-23 13:20:54,983 - INFO - 开始填写登录表单...
2026-08-23 13:20:55,052 - INFO - 用户名填写完成
2026-08-23 13:20:55,113 - INFO - 密码填写完成
2026-08-23 13:20:55,147 - INFO - 未检测到任何验证方式
2026-08-23 13:20:55,147 - INFO - 登录前验证方式检测: none
2026-08-23 13:20:55,147 - INFO - 未检测到传统验证码，点击登录按钮...
2026-08-23 13:20:55,147 - INFO - 查找并点击登录按钮...
2026-08-23 13:20:55,166 - INFO - 通过 ID=login_submit 找到登录按钮
2026-08-23 13:20:55,210 - INFO - 已点击登录按钮
2026-08-23 13:21:02,235 - INFO - 检测到滑块验证（sliderDiv）
2026-08-23 13:21:02,235 - INFO - 登录后验证方式检测: slider
2026-08-23 13:21:02,235 - INFO - 开始处理滑块验证...
2026-08-23 13:21:03,747 - INFO - 滑块验证第 1/3 轮尝试
2026-08-23 13:21:04,102 - INFO - 滑块缺口 box=[83,87,125,126], confidence=0.945, 截图=278px, DOM=278px, 缩放=1.00x, 拖拽偏移=83px
2026-08-23 13:21:04,102 - INFO - 滑块拖拽尝试 1/2 (偏移=83px)
2026-08-23 13:21:21,694 - INFO - 滑块验证通过（sliderDiv 元素不存在）
2026-08-23 13:21:21,694 - INFO - 滑块验证第 1 轮成功
2026-08-23 13:21:21,694 - INFO - 等待登录成功...
2026-08-23 13:21:21,704 - INFO - 检测到已跳转到电费页面: https://epay.nju.edu.cn/epay/h5/nju/electric/index
2026-08-23 13:21:21,704 - INFO - 尝试选择房间: 4幢/4A211
2026-08-23 13:21:21,710 - INFO - 房间列表已加载
2026-08-23 13:21:21,716 - INFO - 共找到 1 个房间
2026-08-23 13:21:21,730 - INFO - 找到匹配房间: 仙林校区 4幢 4A211 (索引 0)
2026-08-23 13:21:21,776 - INFO - 已点击房间 0 的 label
2026-08-23 13:21:21,781 - INFO - 已通过 Vue check(0) 同步房间选择状态
2026-08-23 13:21:21,781 - INFO - 房间选择完成: 4幢/4A211
2026-08-23 13:21:21,781 - INFO - 查找'去充值'按钮（第 1 次）...
2026-08-23 13:21:21,802 - INFO - 通过文本包含 '去充值' 找到充值按钮
2026-08-23 13:21:23,056 - INFO - 已点击充值按钮
2026-08-23 13:21:26,056 - INFO - 开始提取剩余电量信息...
2026-08-23 13:21:26,065 - WARNING - 未找到电量信息元素，尝试其他方法...
2026-08-23 13:21:26,072 - WARNING - 未找到i标签中的电量信息，尝试其他方法...
2026-08-23 13:21:26,074 - INFO - 在页面源码中查找电量信息...
2026-08-23 13:21:26,082 - WARNING - 未能提取到剩余电量信息
2026-08-23 13:21:26,083 - WARNING - 电量提取第 1 次失败，等待 5s 后重试
2026-08-23 13:21:31,083 - INFO - 开始提取剩余电量信息...
2026-08-23 13:21:31,089 - WARNING - 未找到电量信息元素，尝试其他方法...
2026-08-23 13:21:31,094 - WARNING - 未找到i标签中的电量信息，尝试其他方法...
2026-08-23 13:21:31,096 - INFO - 在页面源码中查找电量信息...
2026-08-23 13:21:31,101 - WARNING - 未能提取到剩余电量信息
2026-08-23 13:21:31,101 - WARNING - 电量提取第 2 次失败，等待 5s 后重试
2026-08-23 13:21:36,102 - INFO - 开始提取剩余电量信息...
2026-08-23 13:21:36,107 - WARNING - 未找到电量信息元素，尝试其他方法...
2026-08-23 13:21:36,112 - WARNING - 未找到i标签中的电量信息，尝试其他方法...
2026-08-23 13:21:36,114 - INFO - 在页面源码中查找电量信息...
2026-08-23 13:21:36,119 - WARNING - 未能提取到剩余电量信息
2026-08-23 13:21:36,119 - ERROR - 提取剩余电量失败（重试耗尽），认为本次监控流程未成功
2026-08-23 13:22:07,172 - INFO - Matplotlib 字体设置：使用回退字体列表，首选可用字体: Noto Sans CJK SC
2026-08-23 13:22:08,076 - INFO - 使用指定 ChromeDriver: /usr/bin/chromedriver
2026-08-23 13:22:08,232 - INFO - ddddocr 识别器初始化成功
2026-08-23 13:22:08,438 - INFO - captcha-recognizer 滑块识别模型初始化成功
2026-08-23 13:22:08,438 - INFO - 开始南京大学电费监控流程（自动无头模式）
2026-08-23 13:22:08,438 - INFO - 已初始化并清空验证码图片目录: /home/runner/work/nju_electric_monitor/nju_electric_monitor/src/../data/captcha_workflow
2026-08-23 13:22:08,438 - INFO - 正在打开页面: https://epay.nju.edu.cn/epay/h5/nju/electric/index
2026-08-23 13:22:19,491 - INFO - 等待登录表单加载...
2026-08-23 13:22:19,500 - INFO - 登录表单已加载
2026-08-23 13:22:19,500 - INFO - 开始填写登录表单...
2026-08-23 13:22:19,570 - INFO - 用户名填写完成
2026-08-23 13:22:19,631 - INFO - 密码填写完成
2026-08-23 13:22:19,663 - INFO - 未检测到任何验证方式
2026-08-23 13:22:19,663 - INFO - 登录前验证方式检测: none
2026-08-23 13:22:19,663 - INFO - 未检测到传统验证码，点击登录按钮...
2026-08-23 13:22:19,663 - INFO - 查找并点击登录按钮...
2026-08-23 13:22:19,682 - INFO - 通过 ID=login_submit 找到登录按钮
2026-08-23 13:22:19,726 - INFO - 已点击登录按钮
2026-08-23 13:22:26,751 - INFO - 检测到滑块验证（sliderDiv）
2026-08-23 13:22:26,751 - INFO - 登录后验证方式检测: slider
2026-08-23 13:22:26,751 - INFO - 开始处理滑块验证...
2026-08-23 13:22:28,263 - INFO - 滑块验证第 1/3 轮尝试
2026-08-23 13:22:28,622 - INFO - 滑块缺口 box=[184,87,225,125], confidence=0.955, 截图=278px, DOM=278px, 缩放=1.00x, 拖拽偏移=184px
2026-08-23 13:22:28,622 - INFO - 滑块拖拽尝试 1/2 (偏移=184px)
2026-08-23 13:22:46,932 - WARNING - 滑块拖拽第 1 次未通过验证
2026-08-23 13:22:47,932 - INFO - 滑块拖拽尝试 2/2 (偏移=184px)
2026-08-23 13:23:06,081 - WARNING - 滑块拖拽第 2 次未通过验证
2026-08-23 13:23:06,081 - ERROR - 滑块验证 2 次尝试均失败
2026-08-23 13:23:06,081 - WARNING - 第 1 轮滑块拖拽失败
2026-08-23 13:23:07,082 - INFO - 滑块验证第 2/3 轮尝试
2026-08-23 13:23:07,405 - INFO - 滑块缺口 box=[81,51,125,89], confidence=0.957, 截图=280px, DOM=280px, 缩放=1.00x, 拖拽偏移=81px
2026-08-23 13:23:07,405 - INFO - 滑块拖拽尝试 1/2 (偏移=81px)
2026-08-23 13:23:25,008 - INFO - 滑块验证通过（sliderDiv 元素不存在）
2026-08-23 13:23:25,008 - INFO - 滑块验证第 2 轮成功
2026-08-23 13:23:25,009 - INFO - 等待登录成功...
2026-08-23 13:23:25,018 - INFO - 检测到已跳转到电费页面: https://epay.nju.edu.cn/epay/h5/nju/electric/index
2026-08-23 13:23:25,018 - INFO - 尝试选择房间: 4幢/4A211
2026-08-23 13:23:25,025 - INFO - 房间列表已加载
2026-08-23 13:23:25,030 - INFO - 共找到 1 个房间
2026-08-23 13:23:25,045 - INFO - 找到匹配房间: 仙林校区 4幢 4A211 (索引 0)
2026-08-23 13:23:25,091 - INFO - 已点击房间 0 的 label
2026-08-23 13:23:25,096 - INFO - 已通过 Vue check(0) 同步房间选择状态
2026-08-23 13:23:25,096 - INFO - 房间选择完成: 4幢/4A211
2026-08-23 13:23:25,096 - INFO - 查找'去充值'按钮（第 1 次）...
2026-08-23 13:23:25,116 - INFO - 通过文本包含 '去充值' 找到充值按钮
2026-08-23 13:23:26,414 - INFO - 已点击充值按钮
2026-08-23 13:23:29,414 - INFO - 开始提取剩余电量信息...
2026-08-23 13:23:29,423 - WARNING - 未找到电量信息元素，尝试其他方法...
2026-08-23 13:23:29,430 - WARNING - 未找到i标签中的电量信息，尝试其他方法...
2026-08-23 13:23:29,432 - INFO - 在页面源码中查找电量信息...
2026-08-23 13:23:29,440 - WARNING - 未能提取到剩余电量信息
2026-08-23 13:23:29,440 - WARNING - 电量提取第 1 次失败，等待 5s 后重试
2026-08-23 13:23:34,440 - INFO - 开始提取剩余电量信息...
2026-08-23 13:23:34,447 - WARNING - 未找到电量信息元素，尝试其他方法...
2026-08-23 13:23:34,452 - WARNING - 未找到i标签中的电量信息，尝试其他方法...
2026-08-23 13:23:34,453 - INFO - 在页面源码中查找电量信息...
2026-08-23 13:23:34,459 - WARNING - 未能提取到剩余电量信息
2026-08-23 13:23:34,460 - WARNING - 电量提取第 2 次失败，等待 5s 后重试
2026-08-23 13:23:39,460 - INFO - 开始提取剩余电量信息...
2026-08-23 13:23:39,466 - WARNING - 未找到电量信息元素，尝试其他方法...
2026-08-23 13:23:39,471 - WARNING - 未找到i标签中的电量信息，尝试其他方法...
2026-08-23 13:23:39,473 - INFO - 在页面源码中查找电量信息...
2026-08-23 13:23:39,478 - WARNING - 未能提取到剩余电量信息
2026-08-23 13:23:39,478 - ERROR - 提取剩余电量失败（重试耗尽），认为本次监控流程未成功
