2026-08-11 10:30:16,281 - INFO - Matplotlib 字体设置：使用回退字体列表，首选可用字体: Noto Sans CJK SC
2026-08-11 10:30:18,441 - INFO - 使用指定 ChromeDriver: /usr/bin/chromedriver
2026-08-11 10:30:18,501 - INFO - ddddocr 识别器初始化成功
2026-08-11 10:30:18,658 - INFO - captcha-recognizer 滑块识别模型初始化成功
2026-08-11 10:30:18,658 - INFO - 开始南京大学电费监控流程（自动无头模式）
2026-08-11 10:30:18,658 - INFO - 已初始化并清空验证码图片目录: /home/runner/work/nju_electric_monitor/nju_electric_monitor/src/../data/captcha_workflow
2026-08-11 10:30:18,658 - INFO - 正在打开页面: https://epay.nju.edu.cn/epay/h5/nju/electric/index
2026-08-11 10:30:30,501 - INFO - 等待登录表单加载...
2026-08-11 10:30:30,511 - INFO - 登录表单已加载
2026-08-11 10:30:30,511 - INFO - 开始填写登录表单...
2026-08-11 10:30:30,595 - INFO - 用户名填写完成
2026-08-11 10:30:30,666 - INFO - 密码填写完成
2026-08-11 10:30:30,706 - INFO - 未检测到任何验证方式
2026-08-11 10:30:30,706 - INFO - 登录前验证方式检测: none
2026-08-11 10:30:30,706 - INFO - 未检测到传统验证码，点击登录按钮...
2026-08-11 10:30:30,706 - INFO - 查找并点击登录按钮...
2026-08-11 10:30:30,728 - INFO - 通过 ID=login_submit 找到登录按钮
2026-08-11 10:30:30,780 - INFO - 已点击登录按钮
2026-08-11 10:30:37,806 - INFO - 检测到滑块验证（sliderDiv）
2026-08-11 10:30:37,806 - INFO - 登录后验证方式检测: slider
2026-08-11 10:30:37,806 - INFO - 开始处理滑块验证...
2026-08-11 10:30:39,319 - INFO - 滑块验证第 1/3 轮尝试
2026-08-11 10:30:39,660 - INFO - 滑块缺口 box=[165,51,206,90], confidence=0.952, 截图=278px, DOM=278px, 缩放=1.00x, 拖拽偏移=165px
2026-08-11 10:30:39,660 - INFO - 滑块拖拽尝试 1/2 (偏移=165px)
2026-08-11 10:31:01,283 - INFO - 滑块验证通过（sliderDiv 元素不存在）
2026-08-11 10:31:01,283 - INFO - 滑块验证第 1 轮成功
2026-08-11 10:31:01,283 - INFO - 等待登录成功...
2026-08-11 10:31:01,292 - INFO - 检测到已跳转到电费页面: https://epay.nju.edu.cn/epay/h5/nju/electric/index
2026-08-11 10:31:01,293 - INFO - 尝试选择房间: 4幢/4A211
2026-08-11 10:31:01,301 - INFO - 房间列表已加载
2026-08-11 10:31:01,309 - INFO - 共找到 5 个房间
2026-08-11 10:31:01,326 - INFO - 找到匹配房间: 仙林校区 4幢 4A211 (索引 0)
2026-08-11 10:31:01,383 - INFO - 已点击房间 0 的 label
2026-08-11 10:31:01,388 - INFO - 已通过 Vue check(0) 同步房间选择状态
2026-08-11 10:31:01,389 - INFO - 房间选择完成: 4幢/4A211
2026-08-11 10:31:01,389 - INFO - 查找'去充值'按钮（第 1 次）...
2026-08-11 10:31:01,413 - INFO - 通过文本包含 '去充值' 找到充值按钮
2026-08-11 10:31:02,715 - INFO - 已点击充值按钮
2026-08-11 10:31:05,715 - INFO - 开始提取剩余电量信息...
2026-08-11 10:31:05,727 - WARNING - 未找到电量信息元素，尝试其他方法...
2026-08-11 10:31:05,735 - WARNING - 未找到i标签中的电量信息，尝试其他方法...
2026-08-11 10:31:05,737 - INFO - 在页面源码中查找电量信息...
2026-08-11 10:31:05,748 - WARNING - 未能提取到剩余电量信息
2026-08-11 10:31:05,748 - WARNING - 电量提取第 1 次失败，等待 5s 后重试
2026-08-11 10:31:10,748 - INFO - 开始提取剩余电量信息...
2026-08-11 10:31:10,755 - WARNING - 未找到电量信息元素，尝试其他方法...
2026-08-11 10:31:10,760 - WARNING - 未找到i标签中的电量信息，尝试其他方法...
2026-08-11 10:31:10,762 - INFO - 在页面源码中查找电量信息...
2026-08-11 10:31:10,769 - WARNING - 未能提取到剩余电量信息
2026-08-11 10:31:10,769 - WARNING - 电量提取第 2 次失败，等待 5s 后重试
2026-08-11 10:31:15,769 - INFO - 开始提取剩余电量信息...
2026-08-11 10:31:15,776 - WARNING - 未找到电量信息元素，尝试其他方法...
2026-08-11 10:31:15,781 - WARNING - 未找到i标签中的电量信息，尝试其他方法...
2026-08-11 10:31:15,782 - INFO - 在页面源码中查找电量信息...
2026-08-11 10:31:15,789 - WARNING - 未能提取到剩余电量信息
2026-08-11 10:31:15,789 - ERROR - 提取剩余电量失败（重试耗尽），认为本次监控流程未成功
2026-08-11 10:31:46,750 - INFO - Matplotlib 字体设置：使用回退字体列表，首选可用字体: Noto Sans CJK SC
2026-08-11 10:31:47,577 - INFO - 使用指定 ChromeDriver: /usr/bin/chromedriver
2026-08-11 10:31:47,677 - INFO - ddddocr 识别器初始化成功
2026-08-11 10:31:47,773 - INFO - captcha-recognizer 滑块识别模型初始化成功
2026-08-11 10:31:47,773 - INFO - 开始南京大学电费监控流程（自动无头模式）
2026-08-11 10:31:47,773 - INFO - 已初始化并清空验证码图片目录: /home/runner/work/nju_electric_monitor/nju_electric_monitor/src/../data/captcha_workflow
2026-08-11 10:31:47,773 - INFO - 正在打开页面: https://epay.nju.edu.cn/epay/h5/nju/electric/index
2026-08-11 10:31:59,670 - INFO - 等待登录表单加载...
2026-08-11 10:31:59,681 - INFO - 登录表单已加载
2026-08-11 10:31:59,681 - INFO - 开始填写登录表单...
2026-08-11 10:31:59,765 - INFO - 用户名填写完成
2026-08-11 10:31:59,838 - INFO - 密码填写完成
2026-08-11 10:31:59,877 - INFO - 未检测到任何验证方式
2026-08-11 10:31:59,877 - INFO - 登录前验证方式检测: none
2026-08-11 10:31:59,877 - INFO - 未检测到传统验证码，点击登录按钮...
2026-08-11 10:31:59,877 - INFO - 查找并点击登录按钮...
2026-08-11 10:31:59,898 - INFO - 通过 ID=login_submit 找到登录按钮
2026-08-11 10:31:59,949 - INFO - 已点击登录按钮
2026-08-11 10:32:06,975 - INFO - 检测到滑块验证（sliderDiv）
2026-08-11 10:32:06,975 - INFO - 登录后验证方式检测: slider
2026-08-11 10:32:06,975 - INFO - 开始处理滑块验证...
2026-08-11 10:32:08,489 - INFO - 滑块验证第 1/3 轮尝试
2026-08-11 10:32:08,844 - INFO - 滑块缺口 box=[124,67,166,105], confidence=0.945, 截图=278px, DOM=278px, 缩放=1.00x, 拖拽偏移=124px
2026-08-11 10:32:08,844 - INFO - 滑块拖拽尝试 1/2 (偏移=124px)
2026-08-11 10:32:28,308 - INFO - 滑块验证通过（sliderDiv 元素不存在）
2026-08-11 10:32:28,308 - INFO - 滑块验证第 1 轮成功
2026-08-11 10:32:28,308 - INFO - 等待登录成功...
2026-08-11 10:32:28,317 - INFO - 检测到已跳转到电费页面: https://epay.nju.edu.cn/epay/h5/nju/electric/index
2026-08-11 10:32:28,318 - INFO - 尝试选择房间: 4幢/4A211
2026-08-11 10:32:28,326 - INFO - 房间列表已加载
2026-08-11 10:32:28,334 - INFO - 共找到 5 个房间
2026-08-11 10:32:28,353 - INFO - 找到匹配房间: 仙林校区 4幢 4A211 (索引 0)
2026-08-11 10:32:28,412 - INFO - 已点击房间 0 的 label
2026-08-11 10:32:28,418 - INFO - 已通过 Vue check(0) 同步房间选择状态
2026-08-11 10:32:28,418 - INFO - 房间选择完成: 4幢/4A211
2026-08-11 10:32:28,418 - INFO - 查找'去充值'按钮（第 1 次）...
2026-08-11 10:32:28,443 - INFO - 通过文本包含 '去充值' 找到充值按钮
2026-08-11 10:32:29,767 - INFO - 已点击充值按钮
2026-08-11 10:32:32,768 - INFO - 开始提取剩余电量信息...
2026-08-11 10:32:32,779 - WARNING - 未找到电量信息元素，尝试其他方法...
2026-08-11 10:32:32,787 - WARNING - 未找到i标签中的电量信息，尝试其他方法...
2026-08-11 10:32:32,789 - INFO - 在页面源码中查找电量信息...
2026-08-11 10:32:32,800 - WARNING - 未能提取到剩余电量信息
2026-08-11 10:32:32,800 - WARNING - 电量提取第 1 次失败，等待 5s 后重试
2026-08-11 10:32:37,800 - INFO - 开始提取剩余电量信息...
2026-08-11 10:32:37,807 - WARNING - 未找到电量信息元素，尝试其他方法...
2026-08-11 10:32:37,813 - WARNING - 未找到i标签中的电量信息，尝试其他方法...
2026-08-11 10:32:37,815 - INFO - 在页面源码中查找电量信息...
2026-08-11 10:32:37,822 - WARNING - 未能提取到剩余电量信息
2026-08-11 10:32:37,822 - WARNING - 电量提取第 2 次失败，等待 5s 后重试
2026-08-11 10:32:42,822 - INFO - 开始提取剩余电量信息...
2026-08-11 10:32:42,829 - WARNING - 未找到电量信息元素，尝试其他方法...
2026-08-11 10:32:42,834 - WARNING - 未找到i标签中的电量信息，尝试其他方法...
2026-08-11 10:32:42,836 - INFO - 在页面源码中查找电量信息...
2026-08-11 10:32:42,843 - WARNING - 未能提取到剩余电量信息
2026-08-11 10:32:42,843 - ERROR - 提取剩余电量失败（重试耗尽），认为本次监控流程未成功
2026-08-11 10:33:13,834 - INFO - Matplotlib 字体设置：使用回退字体列表，首选可用字体: Noto Sans CJK SC
2026-08-11 10:33:14,650 - INFO - 使用指定 ChromeDriver: /usr/bin/chromedriver
2026-08-11 10:33:14,782 - INFO - ddddocr 识别器初始化成功
2026-08-11 10:33:14,919 - INFO - captcha-recognizer 滑块识别模型初始化成功
2026-08-11 10:33:14,919 - INFO - 开始南京大学电费监控流程（自动无头模式）
2026-08-11 10:33:14,919 - INFO - 已初始化并清空验证码图片目录: /home/runner/work/nju_electric_monitor/nju_electric_monitor/src/../data/captcha_workflow
2026-08-11 10:33:14,919 - INFO - 正在打开页面: https://epay.nju.edu.cn/epay/h5/nju/electric/index
2026-08-11 10:33:22,238 - INFO - 等待登录表单加载...
2026-08-11 10:33:22,851 - INFO - 登录表单已加载
2026-08-11 10:33:22,851 - INFO - 开始填写登录表单...
2026-08-11 10:33:22,940 - INFO - 用户名填写完成
2026-08-11 10:33:23,015 - INFO - 密码填写完成
2026-08-11 10:33:23,054 - INFO - 未检测到任何验证方式
2026-08-11 10:33:23,054 - INFO - 登录前验证方式检测: none
2026-08-11 10:33:23,054 - INFO - 未检测到传统验证码，点击登录按钮...
2026-08-11 10:33:23,054 - INFO - 查找并点击登录按钮...
2026-08-11 10:33:23,077 - INFO - 通过 ID=login_submit 找到登录按钮
2026-08-11 10:33:23,132 - INFO - 已点击登录按钮
2026-08-11 10:33:30,159 - INFO - 检测到滑块验证（sliderDiv）
2026-08-11 10:33:30,159 - INFO - 登录后验证方式检测: slider
2026-08-11 10:33:30,159 - INFO - 开始处理滑块验证...
2026-08-11 10:33:31,672 - INFO - 滑块验证第 1/3 轮尝试
2026-08-11 10:33:32,013 - INFO - 滑块缺口 box=[145,51,189,89], confidence=0.957, 截图=278px, DOM=278px, 缩放=1.00x, 拖拽偏移=145px
2026-08-11 10:33:32,013 - INFO - 滑块拖拽尝试 1/2 (偏移=145px)
2026-08-11 10:33:52,588 - INFO - 滑块验证通过（sliderDiv 元素不存在）
2026-08-11 10:33:52,588 - INFO - 滑块验证第 1 轮成功
2026-08-11 10:33:52,588 - INFO - 等待登录成功...
2026-08-11 10:33:52,598 - INFO - 检测到已跳转到电费页面: https://epay.nju.edu.cn/epay/h5/nju/electric/index
2026-08-11 10:33:52,598 - INFO - 尝试选择房间: 4幢/4A211
2026-08-11 10:33:52,606 - INFO - 房间列表已加载
2026-08-11 10:33:52,614 - INFO - 共找到 5 个房间
2026-08-11 10:33:52,632 - INFO - 找到匹配房间: 仙林校区 4幢 4A211 (索引 0)
2026-08-11 10:33:52,690 - INFO - 已点击房间 0 的 label
2026-08-11 10:33:52,697 - INFO - 已通过 Vue check(0) 同步房间选择状态
2026-08-11 10:33:52,697 - INFO - 房间选择完成: 4幢/4A211
2026-08-11 10:33:52,697 - INFO - 查找'去充值'按钮（第 1 次）...
2026-08-11 10:33:52,721 - INFO - 通过文本包含 '去充值' 找到充值按钮
2026-08-11 10:33:54,068 - INFO - 已点击充值按钮
2026-08-11 10:33:57,068 - INFO - 开始提取剩余电量信息...
2026-08-11 10:33:57,079 - WARNING - 未找到电量信息元素，尝试其他方法...
2026-08-11 10:33:57,087 - WARNING - 未找到i标签中的电量信息，尝试其他方法...
2026-08-11 10:33:57,089 - INFO - 在页面源码中查找电量信息...
2026-08-11 10:33:57,100 - WARNING - 未能提取到剩余电量信息
2026-08-11 10:33:57,100 - WARNING - 电量提取第 1 次失败，等待 5s 后重试
2026-08-11 10:34:02,100 - INFO - 开始提取剩余电量信息...
2026-08-11 10:34:02,108 - WARNING - 未找到电量信息元素，尝试其他方法...
2026-08-11 10:34:02,113 - WARNING - 未找到i标签中的电量信息，尝试其他方法...
2026-08-11 10:34:02,115 - INFO - 在页面源码中查找电量信息...
2026-08-11 10:34:02,122 - WARNING - 未能提取到剩余电量信息
2026-08-11 10:34:02,123 - WARNING - 电量提取第 2 次失败，等待 5s 后重试
2026-08-11 10:34:07,123 - INFO - 开始提取剩余电量信息...
2026-08-11 10:34:07,130 - WARNING - 未找到电量信息元素，尝试其他方法...
2026-08-11 10:34:07,135 - WARNING - 未找到i标签中的电量信息，尝试其他方法...
2026-08-11 10:34:07,137 - INFO - 在页面源码中查找电量信息...
2026-08-11 10:34:07,143 - WARNING - 未能提取到剩余电量信息
2026-08-11 10:34:07,143 - ERROR - 提取剩余电量失败（重试耗尽），认为本次监控流程未成功
