2026-08-20 07:27:31,518 - INFO - Matplotlib 字体设置：使用回退字体列表，首选可用字体: Noto Sans CJK SC
2026-08-20 07:27:33,438 - INFO - 使用指定 ChromeDriver: /usr/bin/chromedriver
2026-08-20 07:27:33,521 - INFO - ddddocr 识别器初始化成功
2026-08-20 07:27:33,710 - INFO - captcha-recognizer 滑块识别模型初始化成功
2026-08-20 07:27:33,710 - INFO - 开始南京大学电费监控流程（自动无头模式）
2026-08-20 07:27:33,710 - INFO - 已初始化并清空验证码图片目录: /home/runner/work/nju_electric_monitor/nju_electric_monitor/src/../data/captcha_workflow
2026-08-20 07:27:33,710 - INFO - 正在打开页面: https://epay.nju.edu.cn/epay/h5/nju/electric/index
2026-08-20 07:27:41,727 - INFO - 等待登录表单加载...
2026-08-20 07:27:41,752 - INFO - 登录表单已加载
2026-08-20 07:27:41,752 - INFO - 开始填写登录表单...
2026-08-20 07:27:41,833 - INFO - 用户名填写完成
2026-08-20 07:27:41,902 - INFO - 密码填写完成
2026-08-20 07:27:41,937 - INFO - 未检测到任何验证方式
2026-08-20 07:27:41,938 - INFO - 登录前验证方式检测: none
2026-08-20 07:27:41,938 - INFO - 未检测到传统验证码，点击登录按钮...
2026-08-20 07:27:41,938 - INFO - 查找并点击登录按钮...
2026-08-20 07:27:41,971 - INFO - 通过 ID=login_submit 找到登录按钮
2026-08-20 07:27:42,066 - INFO - 已点击登录按钮
2026-08-20 07:27:49,091 - INFO - 检测到滑块验证（sliderDiv）
2026-08-20 07:27:49,091 - INFO - 登录后验证方式检测: slider
2026-08-20 07:27:49,091 - INFO - 开始处理滑块验证...
2026-08-20 07:27:50,603 - INFO - 滑块验证第 1/3 轮尝试
2026-08-20 07:27:50,934 - INFO - 滑块缺口 box=[185,87,227,126], confidence=0.950, 截图=278px, DOM=278px, 缩放=1.00x, 拖拽偏移=185px
2026-08-20 07:27:50,935 - INFO - 滑块拖拽尝试 1/2 (偏移=185px)
2026-08-20 07:28:09,309 - WARNING - 滑块拖拽第 1 次未通过验证
2026-08-20 07:28:10,309 - INFO - 滑块拖拽尝试 2/2 (偏移=185px)
2026-08-20 07:28:28,586 - WARNING - 滑块拖拽第 2 次未通过验证
2026-08-20 07:28:28,586 - ERROR - 滑块验证 2 次尝试均失败
2026-08-20 07:28:28,586 - WARNING - 第 1 轮滑块拖拽失败
2026-08-20 07:28:29,587 - INFO - 滑块验证第 2/3 轮尝试
2026-08-20 07:28:29,912 - INFO - 滑块缺口 box=[176,10,217,49], confidence=0.943, 截图=280px, DOM=280px, 缩放=1.00x, 拖拽偏移=176px
2026-08-20 07:28:29,912 - INFO - 滑块拖拽尝试 1/2 (偏移=176px)
2026-08-20 07:28:47,944 - WARNING - 滑块拖拽第 1 次未通过验证
2026-08-20 07:28:48,945 - INFO - 滑块拖拽尝试 2/2 (偏移=176px)
2026-08-20 07:29:06,980 - WARNING - 滑块拖拽第 2 次未通过验证
2026-08-20 07:29:06,980 - ERROR - 滑块验证 2 次尝试均失败
2026-08-20 07:29:06,980 - WARNING - 第 2 轮滑块拖拽失败
2026-08-20 07:29:07,981 - INFO - 滑块验证第 3/3 轮尝试
2026-08-20 07:29:08,270 - INFO - 滑块缺口 box=[170,52,211,89], confidence=0.949, 截图=280px, DOM=280px, 缩放=1.00x, 拖拽偏移=170px
2026-08-20 07:29:08,271 - INFO - 滑块拖拽尝试 1/2 (偏移=170px)
2026-08-20 07:29:25,996 - WARNING - 滑块拖拽第 1 次未通过验证
2026-08-20 07:29:26,996 - INFO - 滑块拖拽尝试 2/2 (偏移=170px)
2026-08-20 07:29:44,518 - WARNING - 滑块拖拽第 2 次未通过验证
2026-08-20 07:29:44,518 - ERROR - 滑块验证 2 次尝试均失败
2026-08-20 07:29:44,518 - WARNING - 第 3 轮滑块拖拽失败
2026-08-20 07:29:44,518 - ERROR - 滑块验证 3 轮尝试均失败
2026-08-20 07:29:44,519 - ERROR - 验证码处理或登录过程失败
2026-08-20 07:30:15,501 - INFO - Matplotlib 字体设置：使用回退字体列表，首选可用字体: Noto Sans CJK SC
2026-08-20 07:30:16,366 - INFO - 使用指定 ChromeDriver: /usr/bin/chromedriver
2026-08-20 07:30:16,485 - INFO - ddddocr 识别器初始化成功
2026-08-20 07:30:16,662 - INFO - captcha-recognizer 滑块识别模型初始化成功
2026-08-20 07:30:16,662 - INFO - 开始南京大学电费监控流程（自动无头模式）
2026-08-20 07:30:16,662 - INFO - 已初始化并清空验证码图片目录: /home/runner/work/nju_electric_monitor/nju_electric_monitor/src/../data/captcha_workflow
2026-08-20 07:30:16,662 - INFO - 正在打开页面: https://epay.nju.edu.cn/epay/h5/nju/electric/index
2026-08-20 07:30:25,970 - INFO - 等待登录表单加载...
2026-08-20 07:30:25,978 - INFO - 登录表单已加载
2026-08-20 07:30:25,978 - INFO - 开始填写登录表单...
2026-08-20 07:30:26,047 - INFO - 用户名填写完成
2026-08-20 07:30:26,107 - INFO - 密码填写完成
2026-08-20 07:30:26,139 - INFO - 未检测到任何验证方式
2026-08-20 07:30:26,139 - INFO - 登录前验证方式检测: none
2026-08-20 07:30:26,139 - INFO - 未检测到传统验证码，点击登录按钮...
2026-08-20 07:30:26,139 - INFO - 查找并点击登录按钮...
2026-08-20 07:30:26,159 - INFO - 通过 ID=login_submit 找到登录按钮
2026-08-20 07:30:26,202 - INFO - 已点击登录按钮
2026-08-20 07:30:33,226 - INFO - 检测到滑块验证（sliderDiv）
2026-08-20 07:30:33,227 - INFO - 登录后验证方式检测: slider
2026-08-20 07:30:33,227 - INFO - 开始处理滑块验证...
2026-08-20 07:30:34,739 - INFO - 滑块验证第 1/3 轮尝试
2026-08-20 07:30:35,054 - INFO - 滑块缺口 box=[89,51,129,89], confidence=0.958, 截图=278px, DOM=278px, 缩放=1.00x, 拖拽偏移=89px
2026-08-20 07:30:35,054 - INFO - 滑块拖拽尝试 1/2 (偏移=89px)
2026-08-20 07:30:52,401 - INFO - 滑块验证通过（sliderDiv 元素不存在）
2026-08-20 07:30:52,401 - INFO - 滑块验证第 1 轮成功
2026-08-20 07:30:52,401 - INFO - 等待登录成功...
2026-08-20 07:30:52,411 - INFO - 检测到已跳转到电费页面: https://epay.nju.edu.cn/epay/h5/nju/electric/index
2026-08-20 07:30:52,411 - INFO - 尝试选择房间: 4幢/4A211
2026-08-20 07:30:52,417 - INFO - 房间列表已加载
2026-08-20 07:30:52,423 - INFO - 共找到 1 个房间
2026-08-20 07:30:52,436 - INFO - 找到匹配房间: 仙林校区 4幢 4A211 (索引 0)
2026-08-20 07:30:52,484 - INFO - 已点击房间 0 的 label
2026-08-20 07:30:52,489 - INFO - 已通过 Vue check(0) 同步房间选择状态
2026-08-20 07:30:52,489 - INFO - 房间选择完成: 4幢/4A211
2026-08-20 07:30:52,489 - INFO - 查找'去充值'按钮（第 1 次）...
2026-08-20 07:30:52,508 - INFO - 通过文本包含 '去充值' 找到充值按钮
2026-08-20 07:30:54,506 - INFO - 已点击充值按钮
2026-08-20 07:30:57,506 - INFO - 开始提取剩余电量信息...
2026-08-20 07:30:57,520 - INFO - 找到电量信息元素（已省略具体文本以保护隐私）
2026-08-20 07:30:57,520 - WARNING - 未在元素中找到标准格式的电量信息
2026-08-20 07:30:57,530 - INFO - 找到 i 标签中的电量信息（已省略具体文本）
2026-08-20 07:30:57,530 - WARNING - i标签中未找到标准格式的电量信息
2026-08-20 07:30:57,530 - WARNING - 未找到i标签中的电量信息
2026-08-20 07:30:57,533 - INFO - 在页面源码中查找电量信息...
2026-08-20 07:30:57,533 - INFO - 从页面源码中提取到剩余电量: 252.66 度
2026-08-20 07:30:57,541 - INFO - 数据已保存: 252.66 度
2026-08-20 07:30:57,783 - INFO - 电量变化曲线图已保存到: /home/runner/work/nju_electric_monitor/nju_electric_monitor/src/../data/electricity_trend.png
2026-08-20 07:30:58,026 - INFO - 最近20次电量变化曲线图已保存到: /home/runner/work/nju_electric_monitor/nju_electric_monitor/src/../data/recent_20_changes.png
2026-08-20 07:30:58,027 - INFO - 配置中已关闭邮件告警（enable_email_alert = false），不发送邮件
2026-08-20 07:30:58,027 - INFO - 监控流程完成
