2026-08-04 09:26:26,930 - INFO - Matplotlib 字体设置：使用回退字体列表，首选可用字体: Noto Sans CJK SC
2026-08-04 09:26:28,807 - INFO - 使用指定 ChromeDriver: /usr/bin/chromedriver
2026-08-04 09:26:28,877 - INFO - ddddocr 识别器初始化成功
2026-08-04 09:26:28,986 - INFO - captcha-recognizer 滑块识别模型初始化成功
2026-08-04 09:26:28,987 - INFO - 开始南京大学电费监控流程（自动无头模式）
2026-08-04 09:26:28,987 - INFO - 已初始化并清空验证码图片目录: /home/runner/work/nju_electric_monitor/nju_electric_monitor/src/../data/captcha_workflow
2026-08-04 09:26:28,987 - INFO - 正在打开页面: https://epay.nju.edu.cn/epay/h5/nju/electric/index
2026-08-04 09:26:39,968 - INFO - 等待登录表单加载...
2026-08-04 09:26:39,979 - INFO - 登录表单已加载
2026-08-04 09:26:39,979 - INFO - 开始填写登录表单...
2026-08-04 09:26:40,065 - INFO - 用户名填写完成
2026-08-04 09:26:40,137 - INFO - 密码填写完成
2026-08-04 09:26:40,175 - INFO - 未检测到任何验证方式
2026-08-04 09:26:40,175 - INFO - 登录前验证方式检测: none
2026-08-04 09:26:40,175 - INFO - 未检测到传统验证码，点击登录按钮...
2026-08-04 09:26:40,175 - INFO - 查找并点击登录按钮...
2026-08-04 09:26:40,196 - INFO - 通过 ID=login_submit 找到登录按钮
2026-08-04 09:26:40,247 - INFO - 已点击登录按钮
2026-08-04 09:26:47,273 - INFO - 检测到滑块验证（sliderDiv）
2026-08-04 09:26:47,273 - INFO - 登录后验证方式检测: slider
2026-08-04 09:26:47,273 - INFO - 开始处理滑块验证...
2026-08-04 09:26:48,786 - INFO - 滑块验证第 1/3 轮尝试
2026-08-04 09:26:49,125 - INFO - 滑块缺口 box=[121,87,162,125], confidence=0.955, 截图=278px, DOM=278px, 缩放=1.00x, 拖拽偏移=121px
2026-08-04 09:26:49,125 - INFO - 滑块拖拽尝试 1/2 (偏移=121px)
2026-08-04 09:27:08,245 - INFO - 滑块验证通过（sliderDiv 元素不存在）
2026-08-04 09:27:08,245 - INFO - 滑块验证第 1 轮成功
2026-08-04 09:27:08,245 - INFO - 等待登录成功...
2026-08-04 09:27:08,254 - INFO - 检测到已跳转到电费页面: https://epay.nju.edu.cn/epay/h5/nju/electric/index
2026-08-04 09:27:08,254 - INFO - 尝试选择房间: 4幢/4A211
2026-08-04 09:27:08,262 - INFO - 房间列表已加载
2026-08-04 09:27:08,270 - INFO - 共找到 5 个房间
2026-08-04 09:27:08,288 - INFO - 找到匹配房间: 仙林校区 4幢 4A211 (索引 0)
2026-08-04 09:27:08,345 - INFO - 已点击房间 0 的 label
2026-08-04 09:27:08,350 - INFO - 已通过 Vue check(0) 同步房间选择状态
2026-08-04 09:27:08,350 - INFO - 房间选择完成: 4幢/4A211
2026-08-04 09:27:08,350 - INFO - 查找'去充值'按钮（第 1 次）...
2026-08-04 09:27:08,395 - INFO - 通过文本包含 '去充值' 找到充值按钮
2026-08-04 09:27:09,636 - INFO - 已点击充值按钮
2026-08-04 09:27:12,637 - INFO - 开始提取剩余电量信息...
2026-08-04 09:27:12,648 - WARNING - 未找到电量信息元素，尝试其他方法...
2026-08-04 09:27:12,656 - WARNING - 未找到i标签中的电量信息，尝试其他方法...
2026-08-04 09:27:12,658 - INFO - 在页面源码中查找电量信息...
2026-08-04 09:27:12,668 - WARNING - 未能提取到剩余电量信息
2026-08-04 09:27:12,668 - WARNING - 电量提取第 1 次失败，等待 5s 后重试
2026-08-04 09:27:17,668 - INFO - 开始提取剩余电量信息...
2026-08-04 09:27:17,675 - WARNING - 未找到电量信息元素，尝试其他方法...
2026-08-04 09:27:17,681 - WARNING - 未找到i标签中的电量信息，尝试其他方法...
2026-08-04 09:27:17,682 - INFO - 在页面源码中查找电量信息...
2026-08-04 09:27:17,689 - WARNING - 未能提取到剩余电量信息
2026-08-04 09:27:17,689 - WARNING - 电量提取第 2 次失败，等待 5s 后重试
2026-08-04 09:27:22,689 - INFO - 开始提取剩余电量信息...
2026-08-04 09:27:22,696 - WARNING - 未找到电量信息元素，尝试其他方法...
2026-08-04 09:27:22,701 - WARNING - 未找到i标签中的电量信息，尝试其他方法...
2026-08-04 09:27:22,703 - INFO - 在页面源码中查找电量信息...
2026-08-04 09:27:22,709 - WARNING - 未能提取到剩余电量信息
2026-08-04 09:27:22,709 - ERROR - 提取剩余电量失败（重试耗尽），认为本次监控流程未成功
2026-08-04 09:27:53,638 - INFO - Matplotlib 字体设置：使用回退字体列表，首选可用字体: Noto Sans CJK SC
2026-08-04 09:27:54,476 - INFO - 使用指定 ChromeDriver: /usr/bin/chromedriver
2026-08-04 09:27:54,580 - INFO - ddddocr 识别器初始化成功
2026-08-04 09:27:54,703 - INFO - captcha-recognizer 滑块识别模型初始化成功
2026-08-04 09:27:54,704 - INFO - 开始南京大学电费监控流程（自动无头模式）
2026-08-04 09:27:54,704 - INFO - 已初始化并清空验证码图片目录: /home/runner/work/nju_electric_monitor/nju_electric_monitor/src/../data/captcha_workflow
2026-08-04 09:27:54,704 - INFO - 正在打开页面: https://epay.nju.edu.cn/epay/h5/nju/electric/index
2026-08-04 09:28:08,958 - INFO - 等待登录表单加载...
2026-08-04 09:28:08,969 - INFO - 登录表单已加载
2026-08-04 09:28:08,969 - INFO - 开始填写登录表单...
2026-08-04 09:28:09,053 - INFO - 用户名填写完成
2026-08-04 09:28:09,125 - INFO - 密码填写完成
2026-08-04 09:28:09,164 - INFO - 未检测到任何验证方式
2026-08-04 09:28:09,164 - INFO - 登录前验证方式检测: none
2026-08-04 09:28:09,164 - INFO - 未检测到传统验证码，点击登录按钮...
2026-08-04 09:28:09,164 - INFO - 查找并点击登录按钮...
2026-08-04 09:28:09,185 - INFO - 通过 ID=login_submit 找到登录按钮
2026-08-04 09:28:09,238 - INFO - 已点击登录按钮
2026-08-04 09:28:16,265 - INFO - 检测到滑块验证（sliderDiv）
2026-08-04 09:28:16,265 - INFO - 登录后验证方式检测: slider
2026-08-04 09:28:16,265 - INFO - 开始处理滑块验证...
2026-08-04 09:28:17,779 - INFO - 滑块验证第 1/3 轮尝试
2026-08-04 09:28:18,139 - INFO - 滑块缺口 box=[110,51,152,89], confidence=0.958, 截图=278px, DOM=278px, 缩放=1.00x, 拖拽偏移=110px
2026-08-04 09:28:18,140 - INFO - 滑块拖拽尝试 1/2 (偏移=110px)
2026-08-04 09:28:36,880 - INFO - 滑块验证通过（sliderDiv 元素不存在）
2026-08-04 09:28:36,880 - INFO - 滑块验证第 1 轮成功
2026-08-04 09:28:36,880 - INFO - 等待登录成功...
2026-08-04 09:28:36,889 - INFO - 检测到已跳转到电费页面: https://epay.nju.edu.cn/epay/h5/nju/electric/index
2026-08-04 09:28:36,889 - INFO - 尝试选择房间: 4幢/4A211
2026-08-04 09:28:36,897 - INFO - 房间列表已加载
2026-08-04 09:28:36,906 - INFO - 共找到 5 个房间
2026-08-04 09:28:36,925 - INFO - 找到匹配房间: 仙林校区 4幢 4A211 (索引 0)
2026-08-04 09:28:36,984 - INFO - 已点击房间 0 的 label
2026-08-04 09:28:36,989 - INFO - 已通过 Vue check(0) 同步房间选择状态
2026-08-04 09:28:36,989 - INFO - 房间选择完成: 4幢/4A211
2026-08-04 09:28:36,989 - INFO - 查找'去充值'按钮（第 1 次）...
2026-08-04 09:28:37,014 - INFO - 通过文本包含 '去充值' 找到充值按钮
2026-08-04 09:28:38,367 - INFO - 已点击充值按钮
2026-08-04 09:28:41,367 - INFO - 开始提取剩余电量信息...
2026-08-04 09:28:41,378 - WARNING - 未找到电量信息元素，尝试其他方法...
2026-08-04 09:28:41,386 - WARNING - 未找到i标签中的电量信息，尝试其他方法...
2026-08-04 09:28:41,388 - INFO - 在页面源码中查找电量信息...
2026-08-04 09:28:41,399 - WARNING - 未能提取到剩余电量信息
2026-08-04 09:28:41,399 - WARNING - 电量提取第 1 次失败，等待 5s 后重试
2026-08-04 09:28:46,399 - INFO - 开始提取剩余电量信息...
2026-08-04 09:28:46,406 - WARNING - 未找到电量信息元素，尝试其他方法...
2026-08-04 09:28:46,412 - WARNING - 未找到i标签中的电量信息，尝试其他方法...
2026-08-04 09:28:46,414 - INFO - 在页面源码中查找电量信息...
2026-08-04 09:28:46,421 - WARNING - 未能提取到剩余电量信息
2026-08-04 09:28:46,421 - WARNING - 电量提取第 2 次失败，等待 5s 后重试
2026-08-04 09:28:51,421 - INFO - 开始提取剩余电量信息...
2026-08-04 09:28:51,428 - WARNING - 未找到电量信息元素，尝试其他方法...
2026-08-04 09:28:51,434 - WARNING - 未找到i标签中的电量信息，尝试其他方法...
2026-08-04 09:28:51,435 - INFO - 在页面源码中查找电量信息...
2026-08-04 09:28:51,443 - WARNING - 未能提取到剩余电量信息
2026-08-04 09:28:51,443 - ERROR - 提取剩余电量失败（重试耗尽），认为本次监控流程未成功
2026-08-04 09:29:22,386 - INFO - Matplotlib 字体设置：使用回退字体列表，首选可用字体: Noto Sans CJK SC
2026-08-04 09:29:23,220 - INFO - 使用指定 ChromeDriver: /usr/bin/chromedriver
2026-08-04 09:29:23,305 - INFO - ddddocr 识别器初始化成功
2026-08-04 09:29:23,416 - INFO - captcha-recognizer 滑块识别模型初始化成功
2026-08-04 09:29:23,416 - INFO - 开始南京大学电费监控流程（自动无头模式）
2026-08-04 09:29:23,416 - INFO - 已初始化并清空验证码图片目录: /home/runner/work/nju_electric_monitor/nju_electric_monitor/src/../data/captcha_workflow
2026-08-04 09:29:23,416 - INFO - 正在打开页面: https://epay.nju.edu.cn/epay/h5/nju/electric/index
2026-08-04 09:29:34,311 - INFO - 等待登录表单加载...
2026-08-04 09:29:34,323 - INFO - 登录表单已加载
2026-08-04 09:29:34,323 - INFO - 开始填写登录表单...
2026-08-04 09:29:34,410 - INFO - 用户名填写完成
2026-08-04 09:29:34,484 - INFO - 密码填写完成
2026-08-04 09:29:34,524 - INFO - 未检测到任何验证方式
2026-08-04 09:29:34,525 - INFO - 登录前验证方式检测: none
2026-08-04 09:29:34,525 - INFO - 未检测到传统验证码，点击登录按钮...
2026-08-04 09:29:34,525 - INFO - 查找并点击登录按钮...
2026-08-04 09:29:34,546 - INFO - 通过 ID=login_submit 找到登录按钮
2026-08-04 09:29:34,598 - INFO - 已点击登录按钮
2026-08-04 09:29:41,624 - INFO - 检测到滑块验证（sliderDiv）
2026-08-04 09:29:41,624 - INFO - 登录后验证方式检测: slider
2026-08-04 09:29:41,624 - INFO - 开始处理滑块验证...
2026-08-04 09:29:43,137 - INFO - 滑块验证第 1/3 轮尝试
2026-08-04 09:29:43,477 - INFO - 滑块缺口 box=[143,67,185,105], confidence=0.947, 截图=278px, DOM=278px, 缩放=1.00x, 拖拽偏移=143px
2026-08-04 09:29:43,477 - INFO - 滑块拖拽尝试 1/2 (偏移=143px)
2026-08-04 09:30:03,671 - INFO - 滑块验证通过（sliderDiv 元素不存在）
2026-08-04 09:30:03,671 - INFO - 滑块验证第 1 轮成功
2026-08-04 09:30:03,671 - INFO - 等待登录成功...
2026-08-04 09:30:03,681 - INFO - 检测到已跳转到电费页面: https://epay.nju.edu.cn/epay/h5/nju/electric/index
2026-08-04 09:30:03,681 - INFO - 尝试选择房间: 4幢/4A211
2026-08-04 09:30:03,689 - INFO - 房间列表已加载
2026-08-04 09:30:03,697 - INFO - 共找到 5 个房间
2026-08-04 09:30:03,715 - INFO - 找到匹配房间: 仙林校区 4幢 4A211 (索引 0)
2026-08-04 09:30:03,773 - INFO - 已点击房间 0 的 label
2026-08-04 09:30:03,779 - INFO - 已通过 Vue check(0) 同步房间选择状态
2026-08-04 09:30:03,780 - INFO - 房间选择完成: 4幢/4A211
2026-08-04 09:30:03,780 - INFO - 查找'去充值'按钮（第 1 次）...
2026-08-04 09:30:03,804 - INFO - 通过文本包含 '去充值' 找到充值按钮
2026-08-04 09:30:05,188 - INFO - 已点击充值按钮
2026-08-04 09:30:08,188 - INFO - 开始提取剩余电量信息...
2026-08-04 09:30:08,199 - WARNING - 未找到电量信息元素，尝试其他方法...
2026-08-04 09:30:08,207 - WARNING - 未找到i标签中的电量信息，尝试其他方法...
2026-08-04 09:30:08,209 - INFO - 在页面源码中查找电量信息...
2026-08-04 09:30:08,220 - WARNING - 未能提取到剩余电量信息
2026-08-04 09:30:08,220 - WARNING - 电量提取第 1 次失败，等待 5s 后重试
2026-08-04 09:30:13,220 - INFO - 开始提取剩余电量信息...
2026-08-04 09:30:13,227 - WARNING - 未找到电量信息元素，尝试其他方法...
2026-08-04 09:30:13,233 - WARNING - 未找到i标签中的电量信息，尝试其他方法...
2026-08-04 09:30:13,235 - INFO - 在页面源码中查找电量信息...
2026-08-04 09:30:13,242 - WARNING - 未能提取到剩余电量信息
2026-08-04 09:30:13,242 - WARNING - 电量提取第 2 次失败，等待 5s 后重试
2026-08-04 09:30:18,242 - INFO - 开始提取剩余电量信息...
2026-08-04 09:30:18,249 - WARNING - 未找到电量信息元素，尝试其他方法...
2026-08-04 09:30:18,254 - WARNING - 未找到i标签中的电量信息，尝试其他方法...
2026-08-04 09:30:18,256 - INFO - 在页面源码中查找电量信息...
2026-08-04 09:30:18,263 - WARNING - 未能提取到剩余电量信息
2026-08-04 09:30:18,263 - ERROR - 提取剩余电量失败（重试耗尽），认为本次监控流程未成功
