2026-08-10 05:10:12,379 - INFO - Matplotlib 字体设置：使用回退字体列表，首选可用字体: Noto Sans CJK SC
2026-08-10 05:10:14,255 - INFO - 使用指定 ChromeDriver: /usr/bin/chromedriver
2026-08-10 05:10:14,347 - INFO - ddddocr 识别器初始化成功
2026-08-10 05:10:14,451 - INFO - captcha-recognizer 滑块识别模型初始化成功
2026-08-10 05:10:14,451 - INFO - 开始南京大学电费监控流程（自动无头模式）
2026-08-10 05:10:14,451 - INFO - 已初始化并清空验证码图片目录: /home/runner/work/nju_electric_monitor/nju_electric_monitor/src/../data/captcha_workflow
2026-08-10 05:10:14,451 - INFO - 正在打开页面: https://epay.nju.edu.cn/epay/h5/nju/electric/index
2026-08-10 05:15:42,096 - INFO - Matplotlib 字体设置：使用回退字体列表，首选可用字体: Noto Sans CJK SC
2026-08-10 05:15:42,933 - INFO - 使用指定 ChromeDriver: /usr/bin/chromedriver
2026-08-10 05:15:43,028 - INFO - ddddocr 识别器初始化成功
2026-08-10 05:15:43,146 - INFO - captcha-recognizer 滑块识别模型初始化成功
2026-08-10 05:15:43,146 - INFO - 开始南京大学电费监控流程（自动无头模式）
2026-08-10 05:15:43,146 - INFO - 已初始化并清空验证码图片目录: /home/runner/work/nju_electric_monitor/nju_electric_monitor/src/../data/captcha_workflow
2026-08-10 05:15:43,146 - INFO - 正在打开页面: https://epay.nju.edu.cn/epay/h5/nju/electric/index
2026-08-10 05:21:12,112 - INFO - Matplotlib 字体设置：使用回退字体列表，首选可用字体: Noto Sans CJK SC
2026-08-10 05:21:12,932 - INFO - 使用指定 ChromeDriver: /usr/bin/chromedriver
2026-08-10 05:21:13,041 - INFO - ddddocr 识别器初始化成功
2026-08-10 05:21:13,174 - INFO - captcha-recognizer 滑块识别模型初始化成功
2026-08-10 05:21:13,174 - INFO - 开始南京大学电费监控流程（自动无头模式）
2026-08-10 05:21:13,175 - INFO - 已初始化并清空验证码图片目录: /home/runner/work/nju_electric_monitor/nju_electric_monitor/src/../data/captcha_workflow
2026-08-10 05:21:13,175 - INFO - 正在打开页面: https://epay.nju.edu.cn/epay/h5/nju/electric/index
