2026-08-02 11:06:08,171 - WARNING - findfont: Font family ['Noto Sans CJK SC'] not found. Falling back to DejaVu Sans.
2026-08-02 11:06:08,172 - INFO - Matplotlib 字体设置：使用回退字体列表，首选可用字体: Noto Sans CJK SC
2026-08-02 11:06:09,976 - INFO - 使用指定 ChromeDriver: /usr/bin/chromedriver
2026-08-02 11:06:10,082 - INFO - ddddocr 识别器初始化成功
2026-08-02 11:06:10,214 - INFO - captcha-recognizer 滑块识别模型初始化成功
2026-08-02 11:06:10,214 - INFO - 开始南京大学电费监控流程（自动无头模式）
2026-08-02 11:06:10,214 - INFO - 已初始化并清空验证码图片目录: /home/runner/work/nju_electric_monitor/nju_electric_monitor/src/../data/captcha_workflow
2026-08-02 11:06:10,214 - INFO - 正在打开页面: https://epay.nju.edu.cn/epay/h5/nju/electric/index
2026-08-02 11:06:18,064 - INFO - 等待登录表单加载...
2026-08-02 11:06:18,075 - INFO - 登录表单已加载
2026-08-02 11:06:18,075 - INFO - 开始填写登录表单...
2026-08-02 11:06:18,165 - INFO - 用户名填写完成
2026-08-02 11:06:18,241 - INFO - 密码填写完成
2026-08-02 11:06:18,282 - INFO - 未检测到任何验证方式
2026-08-02 11:06:18,282 - INFO - 登录前验证方式检测: none
2026-08-02 11:06:18,282 - INFO - 未检测到传统验证码，点击登录按钮...
2026-08-02 11:06:18,282 - INFO - 查找并点击登录按钮...
2026-08-02 11:06:18,305 - INFO - 通过 ID=login_submit 找到登录按钮
2026-08-02 11:06:18,359 - INFO - 已点击登录按钮
2026-08-02 11:06:25,387 - INFO - 检测到滑块验证（sliderDiv）
2026-08-02 11:06:25,387 - INFO - 登录后验证方式检测: slider
2026-08-02 11:06:25,387 - INFO - 开始处理滑块验证...
2026-08-02 11:06:26,901 - INFO - 滑块验证第 1/3 轮尝试
2026-08-02 11:06:27,236 - INFO - 滑块缺口 box=[104,51,146,90], confidence=0.949, 截图=278px, DOM=278px, 缩放=1.00x, 拖拽偏移=104px
2026-08-02 11:06:27,236 - INFO - 滑块拖拽尝试 1/2 (偏移=104px)
2026-08-02 11:06:45,911 - INFO - 滑块验证通过（sliderDiv 元素不存在）
2026-08-02 11:06:45,911 - INFO - 滑块验证第 1 轮成功
2026-08-02 11:06:45,911 - INFO - 等待登录成功...
2026-08-02 11:06:45,922 - INFO - 检测到已跳转到电费页面: https://epay.nju.edu.cn/epay/h5/nju/electric/index
2026-08-02 11:06:45,922 - INFO - 尝试选择房间: 4幢/4A211
2026-08-02 11:06:45,930 - INFO - 房间列表已加载
2026-08-02 11:06:45,939 - INFO - 共找到 5 个房间
2026-08-02 11:06:45,959 - INFO - 找到匹配房间: 仙林校区 4幢 4A211 (索引 0)
2026-08-02 11:06:46,022 - INFO - 已点击房间 0 的 label
2026-08-02 11:06:46,027 - INFO - 已通过 Vue check(0) 同步房间选择状态
2026-08-02 11:06:46,028 - INFO - 房间选择完成: 4幢/4A211
2026-08-02 11:06:46,028 - INFO - 查找'去充值'按钮（第 1 次）...
2026-08-02 11:06:46,053 - INFO - 通过文本包含 '去充值' 找到充值按钮
2026-08-02 11:06:47,628 - INFO - 已点击充值按钮
2026-08-02 11:06:50,628 - INFO - 开始提取剩余电量信息...
2026-08-02 11:06:50,646 - INFO - 找到电量信息元素（已省略具体文本以保护隐私）
2026-08-02 11:06:50,646 - WARNING - 未在元素中找到标准格式的电量信息
2026-08-02 11:06:50,661 - INFO - 找到 i 标签中的电量信息（已省略具体文本）
2026-08-02 11:06:50,661 - WARNING - i标签中未找到标准格式的电量信息
2026-08-02 11:06:50,661 - WARNING - 未找到i标签中的电量信息
2026-08-02 11:06:50,664 - INFO - 在页面源码中查找电量信息...
2026-08-02 11:06:50,665 - INFO - 从页面源码中提取到剩余电量: 133.87 度
2026-08-02 11:06:50,673 - INFO - 数据已保存: 133.87 度
2026-08-02 11:06:50,700 - WARNING - findfont: Font family 'Noto Sans CJK SC' not found.
2026-08-02 11:06:50,701 - WARNING - findfont: Font family 'Noto Sans CJK SC' not found.
2026-08-02 11:06:50,717 - WARNING - findfont: Font family 'Noto Sans CJK SC' not found.
2026-08-02 11:06:50,717 - WARNING - findfont: Font family 'Noto Sans CJK SC' not found.
2026-08-02 11:06:50,723 - WARNING - findfont: Font family 'Noto Sans CJK SC' not found.
2026-08-02 11:06:50,725 - WARNING - findfont: Font family 'Noto Sans CJK SC' not found.
2026-08-02 11:06:50,726 - WARNING - findfont: Font family 'Noto Sans CJK SC' not found.
2026-08-02 11:06:50,728 - WARNING - findfont: Font family 'Noto Sans CJK SC' not found.
2026-08-02 11:06:50,736 - WARNING - findfont: Font family 'Noto Sans CJK SC' not found.
2026-08-02 11:06:50,740 - WARNING - findfont: Font family 'Noto Sans CJK SC' not found.
2026-08-02 11:06:50,743 - WARNING - findfont: Font family 'Noto Sans CJK SC' not found.
2026-08-02 11:06:50,744 - WARNING - findfont: Font family 'Noto Sans CJK SC' not found.
2026-08-02 11:06:50,744 - WARNING - findfont: Font family 'Noto Sans CJK SC' not found.
2026-08-02 11:06:50,751 - WARNING - findfont: Font family 'Noto Sans CJK SC' not found.
2026-08-02 11:06:50,752 - WARNING - findfont: Font family 'Noto Sans CJK SC' not found.
2026-08-02 11:06:50,759 - WARNING - findfont: Font family 'Noto Sans CJK SC' not found.
2026-08-02 11:06:50,765 - WARNING - findfont: Font family 'Noto Sans CJK SC' not found.
2026-08-02 11:06:50,766 - WARNING - findfont: Font family 'Noto Sans CJK SC' not found.
2026-08-02 11:06:50,771 - WARNING - findfont: Font family 'Noto Sans CJK SC' not found.
2026-08-02 11:06:50,774 - WARNING - findfont: Font family 'Noto Sans CJK SC' not found.
2026-08-02 11:06:50,778 - WARNING - findfont: Font family 'Noto Sans CJK SC' not found.
2026-08-02 11:06:50,779 - WARNING - findfont: Font family 'Noto Sans CJK SC' not found.
2026-08-02 11:06:50,779 - WARNING - findfont: Font family 'Noto Sans CJK SC' not found.
2026-08-02 11:06:50,789 - WARNING - findfont: Font family 'Noto Sans CJK SC' not found.
2026-08-02 11:06:50,789 - WARNING - findfont: Font family 'Noto Sans CJK SC' not found.
2026-08-02 11:06:50,791 - WARNING - findfont: Font family 'Noto Sans CJK SC' not found.
2026-08-02 11:06:50,791 - WARNING - findfont: Font family 'Noto Sans CJK SC' not found.
2026-08-02 11:06:50,817 - WARNING - findfont: Font family 'Noto Sans CJK SC' not found.
2026-08-02 11:06:50,817 - WARNING - findfont: Font family 'Noto Sans CJK SC' not found.
2026-08-02 11:06:50,818 - WARNING - findfont: Font family 'Noto Sans CJK SC' not found.
2026-08-02 11:06:50,831 - WARNING - findfont: Font family 'Noto Sans CJK SC' not found.
2026-08-02 11:06:50,831 - WARNING - findfont: Font family 'Noto Sans CJK SC' not found.
2026-08-02 11:06:50,834 - WARNING - findfont: Font family 'Noto Sans CJK SC' not found.
2026-08-02 11:06:50,835 - WARNING - findfont: Font family 'Noto Sans CJK SC' not found.
2026-08-02 11:06:50,904 - WARNING - findfont: Font family 'Noto Sans CJK SC' not found.
2026-08-02 11:06:50,904 - WARNING - findfont: Font family 'Noto Sans CJK SC' not found.
2026-08-02 11:06:50,906 - WARNING - findfont: Font family 'Noto Sans CJK SC' not found.
2026-08-02 11:06:50,906 - WARNING - findfont: Font family 'Noto Sans CJK SC' not found.
2026-08-02 11:06:50,933 - WARNING - findfont: Font family 'Noto Sans CJK SC' not found.
2026-08-02 11:06:50,933 - WARNING - findfont: Font family 'Noto Sans CJK SC' not found.
2026-08-02 11:06:50,934 - WARNING - findfont: Font family 'Noto Sans CJK SC' not found.
2026-08-02 11:06:50,947 - WARNING - findfont: Font family 'Noto Sans CJK SC' not found.
2026-08-02 11:06:50,947 - WARNING - findfont: Font family 'Noto Sans CJK SC' not found.
2026-08-02 11:06:50,950 - WARNING - findfont: Font family 'Noto Sans CJK SC' not found.
2026-08-02 11:06:50,951 - WARNING - findfont: Font family 'Noto Sans CJK SC' not found.
2026-08-02 11:06:50,953 - INFO - 电量变化曲线图已保存到: /home/runner/work/nju_electric_monitor/nju_electric_monitor/src/../data/electricity_trend.png
2026-08-02 11:06:51,227 - INFO - 最近20次电量变化曲线图已保存到: /home/runner/work/nju_electric_monitor/nju_electric_monitor/src/../data/recent_20_changes.png
2026-08-02 11:06:51,227 - INFO - 配置中已关闭邮件告警（enable_email_alert = false），不发送邮件
2026-08-02 11:06:51,227 - INFO - 监控流程完成
