2026-08-10 03:00:50,807 - INFO - Matplotlib 字体设置：使用回退字体列表，首选可用字体: Noto Sans CJK SC
2026-08-10 03:00:51,631 - INFO - 使用指定 ChromeDriver: /usr/bin/chromedriver
2026-08-10 03:00:51,676 - INFO - ddddocr 识别器初始化成功
2026-08-10 03:00:51,760 - INFO - captcha-recognizer 滑块识别模型初始化成功
2026-08-10 03:00:51,760 - INFO - 开始南京大学电费监控流程（自动无头模式）
2026-08-10 03:00:51,760 - INFO - 已初始化并清空验证码图片目录: /home/runner/work/nju_electric_monitor/nju_electric_monitor/src/../data/captcha_workflow
2026-08-10 03:00:51,760 - INFO - 正在打开页面: https://epay.nju.edu.cn/epay/h5/nju/electric/index
2026-08-10 03:01:01,092 - INFO - 等待登录表单加载...
2026-08-10 03:01:01,101 - INFO - 登录表单已加载
2026-08-10 03:01:01,101 - INFO - 开始填写登录表单...
2026-08-10 03:01:01,178 - INFO - 用户名填写完成
2026-08-10 03:01:01,240 - INFO - 密码填写完成
2026-08-10 03:01:01,273 - INFO - 未检测到任何验证方式
2026-08-10 03:01:01,273 - INFO - 登录前验证方式检测: none
2026-08-10 03:01:01,273 - INFO - 未检测到传统验证码，点击登录按钮...
2026-08-10 03:01:01,273 - INFO - 查找并点击登录按钮...
2026-08-10 03:01:01,290 - INFO - 通过 ID=login_submit 找到登录按钮
2026-08-10 03:01:01,332 - INFO - 已点击登录按钮
2026-08-10 03:01:08,355 - INFO - 检测到滑块验证（sliderDiv）
2026-08-10 03:01:08,355 - INFO - 登录后验证方式检测: slider
2026-08-10 03:01:08,355 - INFO - 开始处理滑块验证...
2026-08-10 03:01:09,867 - INFO - 滑块验证第 1/3 轮尝试
2026-08-10 03:01:10,092 - INFO - 滑块缺口 box=[107,87,149,126], confidence=0.948, 截图=278px, DOM=278px, 缩放=1.00x, 拖拽偏移=107px
2026-08-10 03:01:10,092 - INFO - 滑块拖拽尝试 1/2 (偏移=107px)
2026-08-10 03:01:28,726 - INFO - 滑块验证通过（sliderDiv 元素不存在）
2026-08-10 03:01:28,726 - INFO - 滑块验证第 1 轮成功
2026-08-10 03:01:28,726 - INFO - 等待登录成功...
2026-08-10 03:01:28,735 - INFO - 检测到已跳转到电费页面: https://epay.nju.edu.cn/epay/h5/nju/electric/index
2026-08-10 03:01:28,735 - INFO - 尝试选择房间: 4幢/4A211
2026-08-10 03:01:28,741 - INFO - 房间列表已加载
2026-08-10 03:01:28,749 - INFO - 共找到 5 个房间
2026-08-10 03:01:28,765 - INFO - 找到匹配房间: 仙林校区 4幢 4A211 (索引 0)
2026-08-10 03:01:28,814 - INFO - 已点击房间 0 的 label
2026-08-10 03:01:28,818 - INFO - 已通过 Vue check(0) 同步房间选择状态
2026-08-10 03:01:28,818 - INFO - 房间选择完成: 4幢/4A211
2026-08-10 03:01:28,818 - INFO - 查找'去充值'按钮（第 1 次）...
2026-08-10 03:01:28,837 - INFO - 通过文本包含 '去充值' 找到充值按钮
2026-08-10 03:01:30,023 - INFO - 已点击充值按钮
2026-08-10 03:01:33,023 - INFO - 开始提取剩余电量信息...
2026-08-10 03:01:33,033 - WARNING - 未找到电量信息元素，尝试其他方法...
2026-08-10 03:01:33,040 - WARNING - 未找到i标签中的电量信息，尝试其他方法...
2026-08-10 03:01:33,042 - INFO - 在页面源码中查找电量信息...
2026-08-10 03:01:33,052 - WARNING - 未能提取到剩余电量信息
2026-08-10 03:01:33,052 - WARNING - 电量提取第 1 次失败，等待 5s 后重试
2026-08-10 03:01:38,052 - INFO - 开始提取剩余电量信息...
2026-08-10 03:01:38,058 - WARNING - 未找到电量信息元素，尝试其他方法...
2026-08-10 03:01:38,063 - WARNING - 未找到i标签中的电量信息，尝试其他方法...
2026-08-10 03:01:38,064 - INFO - 在页面源码中查找电量信息...
2026-08-10 03:01:38,070 - WARNING - 未能提取到剩余电量信息
2026-08-10 03:01:38,070 - WARNING - 电量提取第 2 次失败，等待 5s 后重试
2026-08-10 03:01:43,071 - INFO - 开始提取剩余电量信息...
2026-08-10 03:01:43,076 - WARNING - 未找到电量信息元素，尝试其他方法...
2026-08-10 03:01:43,081 - WARNING - 未找到i标签中的电量信息，尝试其他方法...
2026-08-10 03:01:43,083 - INFO - 在页面源码中查找电量信息...
2026-08-10 03:01:43,089 - WARNING - 未能提取到剩余电量信息
2026-08-10 03:01:43,089 - ERROR - 提取剩余电量失败（重试耗尽），认为本次监控流程未成功
