2026-08-25 22:03:25,945 - INFO - Matplotlib 字体设置：使用回退字体列表，首选可用字体: Noto Sans CJK SC
2026-08-25 22:03:27,785 - INFO - 使用指定 ChromeDriver: /usr/bin/chromedriver
2026-08-25 22:03:27,913 - INFO - ddddocr 识别器初始化成功
2026-08-25 22:03:28,040 - INFO - captcha-recognizer 滑块识别模型初始化成功
2026-08-25 22:03:28,040 - INFO - 开始南京大学电费监控流程（自动无头模式）
2026-08-25 22:03:28,040 - INFO - 已初始化并清空验证码图片目录: /home/runner/work/nju_electric_monitor/nju_electric_monitor/src/../data/captcha_workflow
2026-08-25 22:03:28,040 - INFO - 正在打开页面: https://epay.nju.edu.cn/epay/h5/nju/electric/index
2026-08-25 22:03:39,329 - INFO - 等待登录表单加载...
2026-08-25 22:03:39,337 - INFO - 登录表单已加载
2026-08-25 22:03:39,337 - INFO - 开始填写登录表单...
2026-08-25 22:03:39,404 - INFO - 用户名填写完成
2026-08-25 22:03:39,464 - INFO - 密码填写完成
2026-08-25 22:03:39,495 - INFO - 未检测到任何验证方式
2026-08-25 22:03:39,495 - INFO - 登录前验证方式检测: none
2026-08-25 22:03:39,495 - INFO - 未检测到传统验证码，点击登录按钮...
2026-08-25 22:03:39,495 - INFO - 查找并点击登录按钮...
2026-08-25 22:03:39,513 - INFO - 通过 ID=login_submit 找到登录按钮
2026-08-25 22:03:39,556 - INFO - 已点击登录按钮
2026-08-25 22:03:46,580 - INFO - 检测到滑块验证（sliderDiv）
2026-08-25 22:03:46,580 - INFO - 登录后验证方式检测: slider
2026-08-25 22:03:46,580 - INFO - 开始处理滑块验证...
2026-08-25 22:03:48,091 - INFO - 滑块验证第 1/3 轮尝试
2026-08-25 22:03:48,405 - INFO - 滑块缺口 box=[180,9,221,50], confidence=0.946, 截图=278px, DOM=278px, 缩放=1.00x, 拖拽偏移=180px
2026-08-25 22:03:48,405 - INFO - 滑块拖拽尝试 1/2 (偏移=180px)
2026-08-25 22:04:06,402 - WARNING - 滑块拖拽第 1 次未通过验证
2026-08-25 22:04:07,402 - INFO - 滑块拖拽尝试 2/2 (偏移=180px)
2026-08-25 22:04:25,423 - WARNING - 滑块拖拽第 2 次未通过验证
2026-08-25 22:04:25,423 - ERROR - 滑块验证 2 次尝试均失败
2026-08-25 22:04:25,423 - WARNING - 第 1 轮滑块拖拽失败
2026-08-25 22:04:26,423 - INFO - 滑块验证第 2/3 轮尝试
2026-08-25 22:04:26,729 - INFO - 滑块缺口 box=[160,52,203,90], confidence=0.949, 截图=280px, DOM=280px, 缩放=1.00x, 拖拽偏移=160px
2026-08-25 22:04:26,730 - INFO - 滑块拖拽尝试 1/2 (偏移=160px)
2026-08-25 22:04:49,152 - INFO - 滑块验证通过（sliderDiv 元素不存在）
2026-08-25 22:04:49,152 - INFO - 滑块验证第 2 轮成功
2026-08-25 22:04:49,152 - INFO - 等待登录成功...
2026-08-25 22:04:49,161 - INFO - 检测到已跳转到电费页面: https://epay.nju.edu.cn/epay/h5/nju/electric/index
2026-08-25 22:04:49,161 - INFO - 尝试选择房间: 4幢/4A211
2026-08-25 22:04:49,168 - INFO - 房间列表已加载
2026-08-25 22:04:49,173 - INFO - 共找到 1 个房间
2026-08-25 22:04:49,187 - INFO - 找到匹配房间: 仙林校区 4幢 4A211 (索引 0)
2026-08-25 22:04:49,234 - INFO - 已点击房间 0 的 label
2026-08-25 22:04:49,239 - INFO - 已通过 Vue check(0) 同步房间选择状态
2026-08-25 22:04:49,239 - INFO - 房间选择完成: 4幢/4A211
2026-08-25 22:04:49,239 - INFO - 查找'去充值'按钮（第 1 次）...
2026-08-25 22:04:49,259 - INFO - 通过文本包含 '去充值' 找到充值按钮
2026-08-25 22:04:51,101 - INFO - 已点击充值按钮
2026-08-25 22:04:54,101 - INFO - 开始提取剩余电量信息...
2026-08-25 22:04:54,115 - INFO - 找到电量信息元素（已省略具体文本以保护隐私）
2026-08-25 22:04:54,115 - WARNING - 未在元素中找到标准格式的电量信息
2026-08-25 22:04:54,125 - INFO - 找到 i 标签中的电量信息（已省略具体文本）
2026-08-25 22:04:54,125 - WARNING - i标签中未找到标准格式的电量信息
2026-08-25 22:04:54,125 - WARNING - 未找到i标签中的电量信息
2026-08-25 22:04:54,128 - INFO - 在页面源码中查找电量信息...
2026-08-25 22:04:54,129 - INFO - 从页面源码中提取到剩余电量: 163.98 度
2026-08-25 22:04:54,138 - INFO - 数据已保存: 163.98 度
2026-08-25 22:04:54,384 - INFO - 电量变化曲线图已保存到: /home/runner/work/nju_electric_monitor/nju_electric_monitor/src/../data/electricity_trend.png
2026-08-25 22:04:54,616 - INFO - 最近20次电量变化曲线图已保存到: /home/runner/work/nju_electric_monitor/nju_electric_monitor/src/../data/recent_20_changes.png
2026-08-25 22:04:54,616 - INFO - 配置中已关闭邮件告警（enable_email_alert = false），不发送邮件
2026-08-25 22:04:54,616 - INFO - 监控流程完成
