2026-08-09 19:19:47,411 - INFO - Matplotlib 字体设置：使用回退字体列表，首选可用字体: Noto Sans CJK SC
2026-08-09 19:19:48,512 - INFO - 使用指定 ChromeDriver: /usr/bin/chromedriver
2026-08-09 19:19:48,556 - INFO - ddddocr 识别器初始化成功
2026-08-09 19:19:48,647 - INFO - captcha-recognizer 滑块识别模型初始化成功
2026-08-09 19:19:48,647 - INFO - 开始南京大学电费监控流程（自动无头模式）
2026-08-09 19:19:48,647 - INFO - 已初始化并清空验证码图片目录: /home/runner/work/nju_electric_monitor/nju_electric_monitor/src/../data/captcha_workflow
2026-08-09 19:19:48,647 - INFO - 正在打开页面: https://epay.nju.edu.cn/epay/h5/nju/electric/index
2026-08-09 19:19:59,820 - INFO - 等待登录表单加载...
2026-08-09 19:19:59,830 - INFO - 登录表单已加载
2026-08-09 19:19:59,830 - INFO - 开始填写登录表单...
2026-08-09 19:19:59,902 - INFO - 用户名填写完成
2026-08-09 19:19:59,960 - INFO - 密码填写完成
2026-08-09 19:19:59,991 - INFO - 未检测到任何验证方式
2026-08-09 19:19:59,991 - INFO - 登录前验证方式检测: none
2026-08-09 19:19:59,991 - INFO - 未检测到传统验证码，点击登录按钮...
2026-08-09 19:19:59,991 - INFO - 查找并点击登录按钮...
2026-08-09 19:20:00,008 - INFO - 通过 ID=login_submit 找到登录按钮
2026-08-09 19:20:00,048 - INFO - 已点击登录按钮
2026-08-09 19:20:07,071 - INFO - 检测到滑块验证（sliderDiv）
2026-08-09 19:20:07,071 - INFO - 登录后验证方式检测: slider
2026-08-09 19:20:07,071 - INFO - 开始处理滑块验证...
2026-08-09 19:20:08,584 - INFO - 滑块验证第 1/3 轮尝试
2026-08-09 19:20:08,894 - INFO - 滑块缺口 box=[129,87,173,125], confidence=0.953, 截图=278px, DOM=278px, 缩放=1.00x, 拖拽偏移=129px
2026-08-09 19:20:08,894 - INFO - 滑块拖拽尝试 1/2 (偏移=129px)
2026-08-09 19:20:28,505 - INFO - 滑块验证通过（sliderDiv 元素不存在）
2026-08-09 19:20:28,505 - INFO - 滑块验证第 1 轮成功
2026-08-09 19:20:28,506 - INFO - 等待登录成功...
2026-08-09 19:20:28,514 - INFO - 检测到已跳转到电费页面: https://epay.nju.edu.cn/epay/h5/nju/electric/index
2026-08-09 19:20:28,514 - INFO - 尝试选择房间: 4幢/4A211
2026-08-09 19:20:28,521 - INFO - 房间列表已加载
2026-08-09 19:20:28,528 - INFO - 共找到 5 个房间
2026-08-09 19:20:28,544 - INFO - 找到匹配房间: 仙林校区 4幢 4A211 (索引 0)
2026-08-09 19:20:28,591 - INFO - 已点击房间 0 的 label
2026-08-09 19:20:28,596 - INFO - 已通过 Vue check(0) 同步房间选择状态
2026-08-09 19:20:28,596 - INFO - 房间选择完成: 4幢/4A211
2026-08-09 19:20:28,596 - INFO - 查找'去充值'按钮（第 1 次）...
2026-08-09 19:20:28,615 - INFO - 通过文本包含 '去充值' 找到充值按钮
2026-08-09 19:20:30,104 - INFO - 已点击充值按钮
2026-08-09 19:20:33,105 - INFO - 开始提取剩余电量信息...
2026-08-09 19:20:33,119 - INFO - 找到电量信息元素（已省略具体文本以保护隐私）
2026-08-09 19:20:33,119 - WARNING - 未在元素中找到标准格式的电量信息
2026-08-09 19:20:33,130 - INFO - 找到 i 标签中的电量信息（已省略具体文本）
2026-08-09 19:20:33,130 - WARNING - i标签中未找到标准格式的电量信息
2026-08-09 19:20:33,131 - WARNING - 未找到i标签中的电量信息
2026-08-09 19:20:33,133 - INFO - 在页面源码中查找电量信息...
2026-08-09 19:20:33,133 - INFO - 从页面源码中提取到剩余电量: 78.27 度
2026-08-09 19:20:33,141 - INFO - 数据已保存: 78.27 度
2026-08-09 19:20:33,299 - INFO - 电量变化曲线图已保存到: /home/runner/work/nju_electric_monitor/nju_electric_monitor/src/../data/electricity_trend.png
2026-08-09 19:20:33,471 - INFO - 最近20次电量变化曲线图已保存到: /home/runner/work/nju_electric_monitor/nju_electric_monitor/src/../data/recent_20_changes.png
2026-08-09 19:20:33,471 - INFO - 配置中已关闭邮件告警（enable_email_alert = false），不发送邮件
2026-08-09 19:20:33,471 - INFO - 监控流程完成
