Wrapper start: 2026-08-04T17:26:25.467704+08:00

=== ENVIRONMENT SUMMARY ===
Environment variable keys (count=131):
- ACCEPT_EULA
- ACTIONS_ORCHESTRATION_ID
- ACTIONS_RUNNER_ACTION_ARCHIVE_CACHE
- ACTIONS_RUNNER_RETURN_JOB_RESULT_FOR_HOSTED
- AGENT_TOOLSDIRECTORY
- ANDROID_HOME
- ANDROID_NDK
- ANDROID_NDK_HOME
- ANDROID_NDK_LATEST_HOME
- ANDROID_NDK_ROOT
NJU_USERNAME set: yes
NJU_PASSWORD set: yes

=== DISK USAGE (df -h) ===
Filesystem      Size  Used Avail Use% Mounted on
/dev/root       145G   60G   85G  42% /
tmpfs           7.9G   84K  7.9G   1% /dev/shm
tmpfs           3.2G  2.6M  3.2G   1% /run
tmpfs           5.0M     0  5.0M   0% /run/lock
efivarfs        128M   32K  128M   1% /sys/firmware/efi/efivars
/dev/sda16      881M   64M  756M   8% /boot
/dev/sda15      105M  6.2M   99M   6% /boot/efi
tmpfs           1.6G   12K  1.6G   1% /run/user/1001


=== KEY DIR SIZES ===
684K	/home/runner/work/nju_electric_monitor/nju_electric_monitor/src/../logs

0	/home/runner/work/nju_electric_monitor/nju_electric_monitor/src/../data

101M	/home/runner/work/nju_electric_monitor/nju_electric_monitor/src/../models


=== CONFIG_WORKFLOW SUMMARY ===
{
  "username": "",
  "password": "",
  "auto_login": true,
  "headless_mode": true,
  "captcha_retry_count": 4,
  "save_captcha_images": true,
  "log_level": "INFO",
  "test_mode": false,
  "enable_email_alert": false,
  "alert_threshold_warn": 15,
  "alert_threshold_high": 10,
  "alert_threshold_critical": 5,
  "room": ""
}

=== FONT DIAGNOSTICS ===
Found system fonts (ttf) count: 59
- /usr/share/fonts/truetype/liberation/LiberationMono-Italic.ttf
- /usr/share/fonts/truetype/liberation/LiberationSans-Bold.ttf
- /usr/share/fonts/truetype/liberation/LiberationMono-Bold.ttf
- /usr/share/fonts/truetype/dejavu/DejaVuSans-Bold.ttf
- /usr/share/fonts/truetype/lato/Lato-Italic.ttf
- /usr/share/fonts/truetype/dejavu/DejaVuSansMono.ttf
- /usr/share/fonts/opentype/noto/NotoSerifCJK-Regular.ttc
- /usr/share/fonts/truetype/dejavu/DejaVuSerif-Italic.ttf
- /usr/share/fonts/truetype/lato/Lato-HairlineItalic.ttf
- /usr/share/fonts/truetype/lato/Lato-Regular.ttf
- /usr/share/fonts/truetype/wqy/wqy-zenhei.ttc
- /usr/share/fonts/truetype/dejavu/DejaVuSerifCondensed-Italic.ttf
- /usr/share/fonts/truetype/dejavu/DejaVuSerif-Bold.ttf
- /usr/share/fonts/truetype/lato/Lato-BlackItalic.ttf
- /usr/share/fonts/truetype/lato/Lato-Medium.ttf
- /usr/share/fonts/truetype/liberation/LiberationSans-Regular.ttf
- /usr/share/fonts/truetype/dejavu/DejaVuSerifCondensed.ttf
- /usr/share/fonts/truetype/lato/Lato-Bold.ttf
- /usr/share/fonts/truetype/lato/Lato-Light.ttf
- /usr/share/fonts/truetype/dejavu/DejaVuSerif.ttf
- /usr/share/fonts/truetype/dejavu/DejaVuMathTeXGyre.ttf
- /usr/share/fonts/truetype/liberation/LiberationSerif-Bold.ttf
- /usr/share/fonts/truetype/lato/Lato-Heavy.ttf
- /usr/share/fonts/opentype/noto/NotoSansCJK-Regular.ttc
- /usr/share/fonts/truetype/dejavu/DejaVuSans-ExtraLight.ttf
- /usr/share/fonts/truetype/wqy/wqy-microhei.ttc
- /usr/share/fonts/truetype/dejavu/DejaVuSansMono-Oblique.ttf
- /usr/share/fonts/truetype/lato/Lato-BoldItalic.ttf
- /usr/share/fonts/truetype/lato/Lato-SemiboldItalic.ttf
- /usr/share/fonts/truetype/lato/Lato-HeavyItalic.ttf
- /usr/share/fonts/truetype/lato/Lato-Thin.ttf
- /usr/share/fonts/opentype/noto/NotoSerifCJK-Bold.ttc
- /usr/share/fonts/truetype/liberation/LiberationSans-Italic.ttf
- /usr/share/fonts/truetype/lato/Lato-Semibold.ttf
- /usr/share/fonts/truetype/dejavu/DejaVuSansCondensed-Bold.ttf
- /usr/share/fonts/truetype/liberation/LiberationSans-BoldItalic.ttf
- /usr/share/fonts/truetype/liberation/LiberationMono-Regular.ttf
- /usr/share/fonts/truetype/liberation/LiberationSerif-BoldItalic.ttf
- /usr/share/fonts/truetype/liberation/LiberationSerif-Regular.ttf
- /usr/share/fonts/truetype/lato/Lato-MediumItalic.ttf
- /usr/share/fonts/truetype/lato/Lato-Hairline.ttf
- /usr/share/fonts/truetype/liberation/LiberationSerif-Italic.ttf
- /usr/share/fonts/truetype/dejavu/DejaVuSans-Oblique.ttf
- /usr/share/fonts/truetype/lato/Lato-Black.ttf
- /usr/share/fonts/truetype/noto/NotoColorEmoji.ttf
- /usr/share/fonts/truetype/lato/Lato-LightItalic.ttf
- /usr/share/fonts/truetype/dejavu/DejaVuSansCondensed-Oblique.ttf
- /usr/share/fonts/truetype/dejavu/DejaVuSansMono-BoldOblique.ttf
- /usr/share/fonts/truetype/dejavu/DejaVuSansCondensed.ttf
- /usr/share/fonts/truetype/dejavu/DejaVuSans-BoldOblique.ttf

FontManager samples (name -> path):
DejaVu Sans -> /opt/hostedtoolcache/Python/3.11.15/x64/lib/python3.11/site-packages/matplotlib/mpl-data/fonts/ttf/DejaVuSans.ttf
STIXSizeFiveSym -> /opt/hostedtoolcache/Python/3.11.15/x64/lib/python3.11/site-packages/matplotlib/mpl-data/fonts/ttf/STIXSizFiveSymReg.ttf
STIXSizeFourSym -> /opt/hostedtoolcache/Python/3.11.15/x64/lib/python3.11/site-packages/matplotlib/mpl-data/fonts/ttf/STIXSizFourSymBol.ttf
cmss10 -> /opt/hostedtoolcache/Python/3.11.15/x64/lib/python3.11/site-packages/matplotlib/mpl-data/fonts/ttf/cmss10.ttf
STIXSizeOneSym -> /opt/hostedtoolcache/Python/3.11.15/x64/lib/python3.11/site-packages/matplotlib/mpl-data/fonts/ttf/STIXSizOneSymReg.ttf
STIXNonUnicode -> /opt/hostedtoolcache/Python/3.11.15/x64/lib/python3.11/site-packages/matplotlib/mpl-data/fonts/ttf/STIXNonUniBolIta.ttf
cmex10 -> /opt/hostedtoolcache/Python/3.11.15/x64/lib/python3.11/site-packages/matplotlib/mpl-data/fonts/ttf/cmex10.ttf
Last Resort High-Efficiency -> /opt/hostedtoolcache/Python/3.11.15/x64/lib/python3.11/site-packages/matplotlib/mpl-data/fonts/ttf/LastResortHE-Regular.ttf
STIXNonUnicode -> /opt/hostedtoolcache/Python/3.11.15/x64/lib/python3.11/site-packages/matplotlib/mpl-data/fonts/ttf/STIXNonUniIta.ttf
DejaVu Sans -> /opt/hostedtoolcache/Python/3.11.15/x64/lib/python3.11/site-packages/matplotlib/mpl-data/fonts/ttf/DejaVuSans-BoldOblique.ttf
DejaVu Serif -> /opt/hostedtoolcache/Python/3.11.15/x64/lib/python3.11/site-packages/matplotlib/mpl-data/fonts/ttf/DejaVuSerif-Italic.ttf
STIXSizeThreeSym -> /opt/hostedtoolcache/Python/3.11.15/x64/lib/python3.11/site-packages/matplotlib/mpl-data/fonts/ttf/STIXSizThreeSymBol.ttf
DejaVu Serif -> /opt/hostedtoolcache/Python/3.11.15/x64/lib/python3.11/site-packages/matplotlib/mpl-data/fonts/ttf/DejaVuSerif-Bold.ttf
STIXSizeTwoSym -> /opt/hostedtoolcache/Python/3.11.15/x64/lib/python3.11/site-packages/matplotlib/mpl-data/fonts/ttf/STIXSizTwoSymReg.ttf
DejaVu Serif -> /opt/hostedtoolcache/Python/3.11.15/x64/lib/python3.11/site-packages/matplotlib/mpl-data/fonts/ttf/DejaVuSerif.ttf
DejaVu Sans Display -> /opt/hostedtoolcache/Python/3.11.15/x64/lib/python3.11/site-packages/matplotlib/mpl-data/fonts/ttf/DejaVuSansDisplay.ttf
STIXNonUnicode -> /opt/hostedtoolcache/Python/3.11.15/x64/lib/python3.11/site-packages/matplotlib/mpl-data/fonts/ttf/STIXNonUni.ttf
STIXGeneral -> /opt/hostedtoolcache/Python/3.11.15/x64/lib/python3.11/site-packages/matplotlib/mpl-data/fonts/ttf/STIXGeneralBol.ttf
cmsy10 -> /opt/hostedtoolcache/Python/3.11.15/x64/lib/python3.11/site-packages/matplotlib/mpl-data/fonts/ttf/cmsy10.ttf
STIXSizeTwoSym -> /opt/hostedtoolcache/Python/3.11.15/x64/lib/python3.11/site-packages/matplotlib/mpl-data/fonts/ttf/STIXSizTwoSymBol.ttf
DejaVu Serif Display -> /opt/hostedtoolcache/Python/3.11.15/x64/lib/python3.11/site-packages/matplotlib/mpl-data/fonts/ttf/DejaVuSerifDisplay.ttf
STIXGeneral -> /opt/hostedtoolcache/Python/3.11.15/x64/lib/python3.11/site-packages/matplotlib/mpl-data/fonts/ttf/STIXGeneralBolIta.ttf
STIXSizeThreeSym -> /opt/hostedtoolcache/Python/3.11.15/x64/lib/python3.11/site-packages/matplotlib/mpl-data/fonts/ttf/STIXSizThreeSymReg.ttf
cmmi10 -> /opt/hostedtoolcache/Python/3.11.15/x64/lib/python3.11/site-packages/matplotlib/mpl-data/fonts/ttf/cmmi10.ttf
STIXSizeFourSym -> /opt/hostedtoolcache/Python/3.11.15/x64/lib/python3.11/site-packages/matplotlib/mpl-data/fonts/ttf/STIXSizFourSymReg.ttf
cmtt10 -> /opt/hostedtoolcache/Python/3.11.15/x64/lib/python3.11/site-packages/matplotlib/mpl-data/fonts/ttf/cmtt10.ttf
cmb10 -> /opt/hostedtoolcache/Python/3.11.15/x64/lib/python3.11/site-packages/matplotlib/mpl-data/fonts/ttf/cmb10.ttf
STIXGeneral -> /opt/hostedtoolcache/Python/3.11.15/x64/lib/python3.11/site-packages/matplotlib/mpl-data/fonts/ttf/STIXGeneral.ttf
DejaVu Sans Mono -> /opt/hostedtoolcache/Python/3.11.15/x64/lib/python3.11/site-packages/matplotlib/mpl-data/fonts/ttf/DejaVuSansMono-BoldOblique.ttf
DejaVu Serif -> /opt/hostedtoolcache/Python/3.11.15/x64/lib/python3.11/site-packages/matplotlib/mpl-data/fonts/ttf/DejaVuSerif-BoldItalic.ttf
DejaVu Sans -> /opt/hostedtoolcache/Python/3.11.15/x64/lib/python3.11/site-packages/matplotlib/mpl-data/fonts/ttf/DejaVuSans-Oblique.ttf
DejaVu Sans Mono -> /opt/hostedtoolcache/Python/3.11.15/x64/lib/python3.11/site-packages/matplotlib/mpl-data/fonts/ttf/DejaVuSansMono.ttf
STIXNonUnicode -> /opt/hostedtoolcache/Python/3.11.15/x64/lib/python3.11/site-packages/matplotlib/mpl-data/fonts/ttf/STIXNonUniBol.ttf
cmr10 -> /opt/hostedtoolcache/Python/3.11.15/x64/lib/python3.11/site-packages/matplotlib/mpl-data/fonts/ttf/cmr10.ttf
DejaVu Sans -> /opt/hostedtoolcache/Python/3.11.15/x64/lib/python3.11/site-packages/matplotlib/mpl-data/fonts/ttf/DejaVuSans-Bold.ttf
STIXSizeOneSym -> /opt/hostedtoolcache/Python/3.11.15/x64/lib/python3.11/site-packages/matplotlib/mpl-data/fonts/ttf/STIXSizOneSymBol.ttf
cmti10 -> /opt/hostedtoolcache/Python/3.11.15/x64/lib/python3.11/site-packages/matplotlib/mpl-data/fonts/ttf/cmti10.ttf
DejaVu Sans Mono -> /opt/hostedtoolcache/Python/3.11.15/x64/lib/python3.11/site-packages/matplotlib/mpl-data/fonts/ttf/DejaVuSansMono-Bold.ttf
STIXGeneral -> /opt/hostedtoolcache/Python/3.11.15/x64/lib/python3.11/site-packages/matplotlib/mpl-data/fonts/ttf/STIXGeneralItalic.ttf
DejaVu Sans Mono -> /opt/hostedtoolcache/Python/3.11.15/x64/lib/python3.11/site-packages/matplotlib/mpl-data/fonts/ttf/DejaVuSansMono-Oblique.ttf
Liberation Mono -> /usr/share/fonts/truetype/liberation/LiberationMono-Italic.ttf
Liberation Sans -> /usr/share/fonts/truetype/liberation/LiberationSans-Bold.ttf
Liberation Mono -> /usr/share/fonts/truetype/liberation/LiberationMono-Bold.ttf
DejaVu Sans -> /usr/share/fonts/truetype/dejavu/DejaVuSans-Bold.ttf
Lato -> /usr/share/fonts/truetype/lato/Lato-Italic.ttf
DejaVu Sans Mono -> /usr/share/fonts/truetype/dejavu/DejaVuSansMono.ttf
Noto Serif CJK JP -> /usr/share/fonts/opentype/noto/NotoSerifCJK-Regular.ttc
Noto Serif CJK KR -> /usr/share/fonts/opentype/noto/NotoSerifCJK-Regular.ttc
Noto Serif CJK SC -> /usr/share/fonts/opentype/noto/NotoSerifCJK-Regular.ttc
Noto Serif CJK TC -> /usr/share/fonts/opentype/noto/NotoSerifCJK-Regular.ttc

Preferred font find results:
findfont('Microsoft YaHei') failed: Failed to find font Microsoft YaHei:style=normal:variant=normal:weight=normal:stretch=normal:size=10.0, and fallback to the default font was disabled
findfont('Segoe UI') failed: Failed to find font Segoe UI:style=normal:variant=normal:weight=normal:stretch=normal:size=10.0, and fallback to the default font was disabled
findfont('Arial Unicode MS') failed: Failed to find font Arial Unicode MS:style=normal:variant=normal:weight=normal:stretch=normal:size=10.0, and fallback to the default font was disabled
findfont('Noto Sans CJK SC') -> /usr/share/fonts/opentype/noto/NotoSansCJK-Regular.ttc
findfont('WenQuanYi Micro Hei') -> /usr/share/fonts/truetype/wqy/wqy-microhei.ttc
findfont('WenQuanYi Zen Hei') -> /usr/share/fonts/truetype/wqy/wqy-zenhei.ttc
findfont('DejaVu Sans') -> /opt/hostedtoolcache/Python/3.11.15/x64/lib/python3.11/site-packages/matplotlib/mpl-data/fonts/ttf/DejaVuSans.ttf

fc-list output sample (truncated to 10000 chars):
Liberation Mono - /usr/share/fonts/truetype/liberation/LiberationMono-Bold.ttf
Liberation Serif - /usr/share/fonts/truetype/liberation/LiberationSerif-BoldItalic.ttf
Lato,Lato Hairline - /usr/share/fonts/truetype/lato/Lato-Hairline.ttf
Lato,Lato Heavy - /usr/share/fonts/truetype/lato/Lato-Heavy.ttf
DejaVu Serif,DejaVu Serif Condensed - /usr/share/fonts/truetype/dejavu/DejaVuSerifCondensed-Italic.ttf
Lato,Lato Medium - /usr/share/fonts/truetype/lato/Lato-Medium.ttf
Lato,Lato Light - /usr/share/fonts/truetype/lato/Lato-LightItalic.ttf
WenQuanYi Zen Hei Sharp,文泉驛點陣正黑,文泉驿点阵正黑 - /usr/share/fonts/truetype/wqy/wqy-zenhei.ttc
WenQuanYi Micro Hei Mono,文泉驛等寬微米黑,文泉驿等宽微米黑 - /usr/share/fonts/truetype/wqy/wqy-microhei.ttc
Noto Sans Mono CJK KR - /usr/share/fonts/opentype/noto/NotoSansCJK-Bold.ttc
DejaVu Serif - /usr/share/fonts/truetype/dejavu/DejaVuSerif-Bold.ttf
Noto Sans Mono CJK JP - /usr/share/fonts/opentype/noto/NotoSansCJK-Bold.ttc
Noto Sans Mono CJK HK - /usr/share/fonts/opentype/noto/NotoSansCJK-Bold.ttc
Noto Serif CJK SC - /usr/share/fonts/opentype/noto/NotoSerifCJK-Regular.ttc
DejaVu Math TeX Gyre - /usr/share/fonts/truetype/dejavu/DejaVuMathTeXGyre.ttf
Liberation Sans - /usr/share/fonts/truetype/liberation/LiberationSans-Regular.ttf
Lato - /usr/share/fonts/truetype/lato/Lato-Italic.ttf
Liberation Sans - /usr/share/fonts/truetype/liberation/LiberationSans-Bold.ttf
Noto Serif CJK TC - /usr/share/fonts/opentype/noto/NotoSerifCJK-Regular.ttc
Noto Sans Mono CJK SC - /usr/share/fonts/opentype/noto/NotoSansCJK-Bold.ttc
Liberation Mono - /usr/share/fonts/truetype/liberation/LiberationMono-Italic.ttf
Noto Sans Mono CJK TC - /usr/share/fonts/opentype/noto/NotoSansCJK-Bold.ttc
DejaVu Sans,DejaVu Sans Condensed - /usr/share/fonts/truetype/dejavu/DejaVuSansCondensed.ttf
DejaVu Serif,DejaVu Serif Condensed - /usr/share/fonts/truetype/dejavu/DejaVuSerifCondensed.ttf
Liberation Serif - /usr/share/fonts/truetype/liberation/LiberationSerif-Italic.ttf
Lato,Lato Heavy - /usr/share/fonts/truetype/lato/Lato-HeavyItalic.ttf
Lato - /usr/share/fonts/truetype/lato/Lato-BoldItalic.ttf
Noto Serif CJK JP - /usr/share/fonts/opentype/noto/NotoSerifCJK-Regular.ttc
Lato,Lato Medium - /usr/share/fonts/truetype/lato/Lato-MediumItalic.ttf
Noto Serif CJK HK - /usr/share/fonts/opentype/noto/NotoSerifCJK-Regular.ttc
DejaVu Serif - /usr/share/fonts/truetype/dejavu/DejaVuSerif-Italic.ttf
DejaVu Sans - /usr/share/fonts/truetype/dejavu/DejaVuSans.ttf
Noto Serif CJK KR - /usr/share/fonts/opentype/noto/NotoSerifCJK-Regular.ttc
Lato,Lato Semibold - /usr/share/fonts/truetype/lato/Lato-SemiboldItalic.ttf
Lato,Lato Thin - /usr/share/fonts/truetype/lato/Lato-ThinItalic.ttf
DejaVu Sans,DejaVu Sans Condensed - /usr/share/fonts/truetype/dejavu/DejaVuSansCondensed-BoldOblique.ttf
Noto Sans CJK JP - /usr/share/fonts/opentype/noto/NotoSansCJK-Regular.ttc
Liberation Sans - /usr/share/fonts/truetype/liberation/LiberationSans-Italic.ttf
Noto Sans CJK HK - /usr/share/fonts/opentype/noto/NotoSansCJK-Regular.ttc
Lato,Lato Black - /usr/share/fonts/truetype/lato/Lato-BlackItalic.ttf
Lato,Lato Thin - /usr/share/fonts/truetype/lato/Lato-Thin.ttf
DejaVu Sans,DejaVu Sans Condensed - /usr/share/fonts/truetype/dejavu/DejaVuSansCondensed-Oblique.ttf
Noto Sans CJK KR - /usr/share/fonts/opentype/noto/NotoSansCJK-Regular.ttc
Lato,Lato Light - /usr/share/fonts/truetype/lato/Lato-Light.ttf
Noto Sans CJK TC - /usr/share/fonts/opentype/noto/NotoSansCJK-Regular.ttc
DejaVu Sans,DejaVu Sans Condensed - /usr/share/fonts/truetype/dejavu/DejaVuSansCondensed-Bold.ttf
DejaVu Sans Mono - /usr/share/fonts/truetype/dejavu/DejaVuSansMono-Oblique.ttf
Lato,Lato Hairline - /usr/share/fonts/truetype/lato/Lato-HairlineItalic.ttf
Noto Sans CJK SC - /usr/share/fonts/opentype/noto/NotoSansCJK-Regular.ttc
WenQuanYi Zen Hei,文泉驛正黑,文泉驿正黑 - /usr/share/fonts/truetype/wqy/wqy-zenhei.ttc
Lato,Lato Black - /usr/share/fonts/truetype/lato/Lato-Black.ttf
Lato - /usr/share/fonts/truetype/lato/Lato-Regular.ttf
DejaVu Sans - /usr/share/fonts/truetype/dejavu/DejaVuSans-BoldOblique.ttf
Liberation Mono - /usr/share/fonts/truetype/liberation/LiberationMono-BoldItalic.ttf
Noto Sans Mono CJK KR - /usr/share/fonts/opentype/noto/NotoSansCJK-Regular.ttc
Liberation Mono - /usr/share/fonts/truetype/liberation/LiberationMono-Regular.ttf
Noto Sans Mono CJK HK - /usr/share/fonts/opentype/noto/NotoSansCJK-Regular.ttc
DejaVu Sans,DejaVu Sans Light - /usr/share/fonts/truetype/dejavu/DejaVuSans-ExtraLight.ttf
DejaVu Serif - /usr/share/fonts/truetype/dejavu/DejaVuSerif.ttf
Noto Sans Mono CJK JP - /usr/share/fonts/opentype/noto/NotoSansCJK-Regular.ttc
Noto Serif CJK JP - /usr/share/fonts/opentype/noto/NotoSerifCJK-Bold.ttc
Noto Serif CJK HK - /usr/share/fonts/opentype/noto/NotoSerifCJK-Bold.ttc
Noto Serif CJK KR - /usr/share/fonts/opentype/noto/NotoSerifCJK-Bold.ttc
Noto Serif CJK TC - /usr/share/fonts/opentype/noto/NotoSerifCJK-Bold.ttc
Lato - /usr/share/fonts/truetype/lato/Lato-Bold.ttf
Noto Sans CJK SC - /usr/share/fonts/opentype/noto/NotoSansCJK-Bold.ttc
Noto Sans Mono CJK TC - /usr/share/fonts/opentype/noto/NotoSansCJK-Regular.ttc
Noto Sans CJK TC - /usr/share/fonts/opentype/noto/NotoSansCJK-Bold.ttc
Noto Serif CJK SC - /usr/share/fonts/opentype/noto/NotoSerifCJK-Bold.ttc
DejaVu Sans Mono - /usr/share/fonts/truetype/dejavu/DejaVuSansMono-Bold.ttf
DejaVu Serif - /usr/share/fonts/truetype/dejavu/DejaVuSerif-BoldItalic.ttf
WenQuanYi Zen Hei Mono,文泉驛等寬正黑,文泉驿等宽正黑 - /usr/share/fonts/truetype/wqy/wqy-zenhei.ttc
DejaVu Sans Mono - /usr/share/fonts/truetype/dejavu/DejaVuSansMono.ttf
Noto Sans CJK JP - /usr/share/fonts/opentype/noto/NotoSansCJK-Bold.ttc
Noto Sans CJK HK - /usr/share/fonts/opentype/noto/NotoSansCJK-Bold.ttc
Noto Sans CJK KR - /usr/share/fonts/opentype/noto/NotoSansCJK-Bold.ttc
WenQuanYi Micro Hei,文泉驛微米黑,文泉驿微米黑 - /usr/share/fonts/truetype/wqy/wqy-microhei.ttc
Noto Sans Mono CJK SC - /usr/share/fonts/opentype/noto/NotoSansCJK-Regular.ttc
Noto Color Emoji - /usr/share/fonts/truetype/noto/NotoColorEmoji.ttf
DejaVu Sans Mono - /usr/share/fonts/truetype/dejavu/DejaVuSansMono-BoldOblique.ttf
Liberation Sans - /usr/share/fonts/truetype/liberation/LiberationSans-BoldItalic.ttf
Liberation Serif - /usr/share/fonts/truetype/liberation/LiberationSerif-Regular.ttf
Lato,Lato Semibold - /usr/share/fonts/truetype/lato/Lato-Semibold.ttf
DejaVu Sans - /usr/share/fonts/truetype/dejavu/DejaVuSans-Oblique.ttf
DejaVu Serif,DejaVu Serif Condensed - /usr/share/fonts/truetype/dejavu/DejaVuSerifCondensed-Bold.ttf
DejaVu Sans - /usr/share/fonts/truetype/dejavu/DejaVuSans-Bold.ttf
Liberation Serif - /usr/share/fonts/truetype/liberation/LiberationSerif-Bold.ttf
DejaVu Serif,DejaVu Serif Condensed - /usr/share/fonts/truetype/dejavu/DejaVuSerifCondensed-BoldItalic.ttf

Running workflow script: /home/runner/work/nju_electric_monitor/nju_electric_monitor/src/nju_electric_monitor_workflow.py
[0;93m2026-08-04 09:26:26.232588512 [W:onnxruntime:Default, device_discovery.cc:134 GetPciBusId] Skipping pci_bus_id for PCI path at "/sys/devices/LNXSYSTM:00/LNXSYBUS:00/ACPI0004:00/MSFT1000:00/5620e0c7-8062-4dce-aeb7-520c7ef76171" because filename "5620e0c7-8062-4dce-aeb7-520c7ef76171" did not match expected pattern of [0-9a-f]+:[0-9a-f]+:[0-9a-f]+[.][0-9a-f]+[m
2026-08-04 09:26:26,930 - INFO - Matplotlib 字体设置：使用回退字体列表，首选可用字体: Noto Sans CJK SC
2026-08-04 09:26:28,807 - INFO - 使用指定 ChromeDriver: /usr/bin/chromedriver
2026-08-04 09:26:28,877 - INFO - ddddocr 识别器初始化成功
2026-08-04 09:26:28,986 - INFO - captcha-recognizer 滑块识别模型初始化成功
2026-08-04 09:26:28,987 - INFO - 开始南京大学电费监控流程（自动无头模式）
2026-08-04 09:26:28,987 - INFO - 已初始化并清空验证码图片目录: /home/runner/work/nju_electric_monitor/nju_electric_monitor/src/../data/captcha_workflow
2026-08-04 09:26:28,987 - INFO - 正在打开页面: https://epay.nju.edu.cn/epay/h5/nju/electric/index
2026-08-04 09:26:39,968 - INFO - 等待登录表单加载...
2026-08-04 09:26:39,979 - INFO - 登录表单已加载
2026-08-04 09:26:39,979 - INFO - 开始填写登录表单...
2026-08-04 09:26:40,065 - INFO - 用户名填写完成
2026-08-04 09:26:40,137 - INFO - 密码填写完成
2026-08-04 09:26:40,175 - INFO - 未检测到任何验证方式
2026-08-04 09:26:40,175 - INFO - 登录前验证方式检测: none
2026-08-04 09:26:40,175 - INFO - 未检测到传统验证码，点击登录按钮...
2026-08-04 09:26:40,175 - INFO - 查找并点击登录按钮...
2026-08-04 09:26:40,196 - INFO - 通过 ID=login_submit 找到登录按钮
2026-08-04 09:26:40,247 - INFO - 已点击登录按钮
2026-08-04 09:26:47,273 - INFO - 检测到滑块验证（sliderDiv）
2026-08-04 09:26:47,273 - INFO - 登录后验证方式检测: slider
2026-08-04 09:26:47,273 - INFO - 开始处理滑块验证...
2026-08-04 09:26:48,786 - INFO - 滑块验证第 1/3 轮尝试
2026-08-04 09:26:49,125 - INFO - 滑块缺口 box=[121,87,162,125], confidence=0.955, 截图=278px, DOM=278px, 缩放=1.00x, 拖拽偏移=121px
2026-08-04 09:26:49,125 - INFO - 滑块拖拽尝试 1/2 (偏移=121px)
2026-08-04 09:27:08,245 - INFO - 滑块验证通过（sliderDiv 元素不存在）
2026-08-04 09:27:08,245 - INFO - 滑块验证第 1 轮成功
2026-08-04 09:27:08,245 - INFO - 等待登录成功...
2026-08-04 09:27:08,254 - INFO - 检测到已跳转到电费页面: https://epay.nju.edu.cn/epay/h5/nju/electric/index
2026-08-04 09:27:08,254 - INFO - 尝试选择房间: 4幢/4A211
2026-08-04 09:27:08,262 - INFO - 房间列表已加载
2026-08-04 09:27:08,270 - INFO - 共找到 5 个房间
2026-08-04 09:27:08,288 - INFO - 找到匹配房间: 仙林校区 4幢 4A211 (索引 0)
2026-08-04 09:27:08,345 - INFO - 已点击房间 0 的 label
2026-08-04 09:27:08,350 - INFO - 已通过 Vue check(0) 同步房间选择状态
2026-08-04 09:27:08,350 - INFO - 房间选择完成: 4幢/4A211
2026-08-04 09:27:08,350 - INFO - 查找'去充值'按钮（第 1 次）...
2026-08-04 09:27:08,395 - INFO - 通过文本包含 '去充值' 找到充值按钮
2026-08-04 09:27:09,636 - INFO - 已点击充值按钮
2026-08-04 09:27:12,637 - INFO - 开始提取剩余电量信息...
2026-08-04 09:27:12,648 - WARNING - 未找到电量信息元素，尝试其他方法...
2026-08-04 09:27:12,656 - WARNING - 未找到i标签中的电量信息，尝试其他方法...
2026-08-04 09:27:12,658 - INFO - 在页面源码中查找电量信息...
2026-08-04 09:27:12,668 - WARNING - 未能提取到剩余电量信息
2026-08-04 09:27:12,668 - WARNING - 电量提取第 1 次失败，等待 5s 后重试
2026-08-04 09:27:17,668 - INFO - 开始提取剩余电量信息...
2026-08-04 09:27:17,675 - WARNING - 未找到电量信息元素，尝试其他方法...
2026-08-04 09:27:17,681 - WARNING - 未找到i标签中的电量信息，尝试其他方法...
2026-08-04 09:27:17,682 - INFO - 在页面源码中查找电量信息...
2026-08-04 09:27:17,689 - WARNING - 未能提取到剩余电量信息
2026-08-04 09:27:17,689 - WARNING - 电量提取第 2 次失败，等待 5s 后重试
2026-08-04 09:27:22,689 - INFO - 开始提取剩余电量信息...
2026-08-04 09:27:22,696 - WARNING - 未找到电量信息元素，尝试其他方法...
2026-08-04 09:27:22,701 - WARNING - 未找到i标签中的电量信息，尝试其他方法...
2026-08-04 09:27:22,703 - INFO - 在页面源码中查找电量信息...
2026-08-04 09:27:22,709 - WARNING - 未能提取到剩余电量信息
2026-08-04 09:27:22,709 - ERROR - 提取剩余电量失败（重试耗尽），认为本次监控流程未成功
监控流程失败，未能成功获取电量数据
Workflow script exited with code 1

=== 第 2 次重试（2026-08-04T17:27:22.930565+08:00）===
[0;93m2026-08-04 09:27:53.137406397 [W:onnxruntime:Default, device_discovery.cc:134 GetPciBusId] Skipping pci_bus_id for PCI path at "/sys/devices/LNXSYSTM:00/LNXSYBUS:00/ACPI0004:00/MSFT1000:00/5620e0c7-8062-4dce-aeb7-520c7ef76171" because filename "5620e0c7-8062-4dce-aeb7-520c7ef76171" did not match expected pattern of [0-9a-f]+:[0-9a-f]+:[0-9a-f]+[.][0-9a-f]+[m
2026-08-04 09:27:53,638 - INFO - Matplotlib 字体设置：使用回退字体列表，首选可用字体: Noto Sans CJK SC
2026-08-04 09:27:54,476 - INFO - 使用指定 ChromeDriver: /usr/bin/chromedriver
2026-08-04 09:27:54,580 - INFO - ddddocr 识别器初始化成功
2026-08-04 09:27:54,703 - INFO - captcha-recognizer 滑块识别模型初始化成功
2026-08-04 09:27:54,704 - INFO - 开始南京大学电费监控流程（自动无头模式）
2026-08-04 09:27:54,704 - INFO - 已初始化并清空验证码图片目录: /home/runner/work/nju_electric_monitor/nju_electric_monitor/src/../data/captcha_workflow
2026-08-04 09:27:54,704 - INFO - 正在打开页面: https://epay.nju.edu.cn/epay/h5/nju/electric/index
2026-08-04 09:28:08,958 - INFO - 等待登录表单加载...
2026-08-04 09:28:08,969 - INFO - 登录表单已加载
2026-08-04 09:28:08,969 - INFO - 开始填写登录表单...
2026-08-04 09:28:09,053 - INFO - 用户名填写完成
2026-08-04 09:28:09,125 - INFO - 密码填写完成
2026-08-04 09:28:09,164 - INFO - 未检测到任何验证方式
2026-08-04 09:28:09,164 - INFO - 登录前验证方式检测: none
2026-08-04 09:28:09,164 - INFO - 未检测到传统验证码，点击登录按钮...
2026-08-04 09:28:09,164 - INFO - 查找并点击登录按钮...
2026-08-04 09:28:09,185 - INFO - 通过 ID=login_submit 找到登录按钮
2026-08-04 09:28:09,238 - INFO - 已点击登录按钮
2026-08-04 09:28:16,265 - INFO - 检测到滑块验证（sliderDiv）
2026-08-04 09:28:16,265 - INFO - 登录后验证方式检测: slider
2026-08-04 09:28:16,265 - INFO - 开始处理滑块验证...
2026-08-04 09:28:17,779 - INFO - 滑块验证第 1/3 轮尝试
2026-08-04 09:28:18,139 - INFO - 滑块缺口 box=[110,51,152,89], confidence=0.958, 截图=278px, DOM=278px, 缩放=1.00x, 拖拽偏移=110px
2026-08-04 09:28:18,140 - INFO - 滑块拖拽尝试 1/2 (偏移=110px)
2026-08-04 09:28:36,880 - INFO - 滑块验证通过（sliderDiv 元素不存在）
2026-08-04 09:28:36,880 - INFO - 滑块验证第 1 轮成功
2026-08-04 09:28:36,880 - INFO - 等待登录成功...
2026-08-04 09:28:36,889 - INFO - 检测到已跳转到电费页面: https://epay.nju.edu.cn/epay/h5/nju/electric/index
2026-08-04 09:28:36,889 - INFO - 尝试选择房间: 4幢/4A211
2026-08-04 09:28:36,897 - INFO - 房间列表已加载
2026-08-04 09:28:36,906 - INFO - 共找到 5 个房间
2026-08-04 09:28:36,925 - INFO - 找到匹配房间: 仙林校区 4幢 4A211 (索引 0)
2026-08-04 09:28:36,984 - INFO - 已点击房间 0 的 label
2026-08-04 09:28:36,989 - INFO - 已通过 Vue check(0) 同步房间选择状态
2026-08-04 09:28:36,989 - INFO - 房间选择完成: 4幢/4A211
2026-08-04 09:28:36,989 - INFO - 查找'去充值'按钮（第 1 次）...
2026-08-04 09:28:37,014 - INFO - 通过文本包含 '去充值' 找到充值按钮
2026-08-04 09:28:38,367 - INFO - 已点击充值按钮
2026-08-04 09:28:41,367 - INFO - 开始提取剩余电量信息...
2026-08-04 09:28:41,378 - WARNING - 未找到电量信息元素，尝试其他方法...
2026-08-04 09:28:41,386 - WARNING - 未找到i标签中的电量信息，尝试其他方法...
2026-08-04 09:28:41,388 - INFO - 在页面源码中查找电量信息...
2026-08-04 09:28:41,399 - WARNING - 未能提取到剩余电量信息
2026-08-04 09:28:41,399 - WARNING - 电量提取第 1 次失败，等待 5s 后重试
2026-08-04 09:28:46,399 - INFO - 开始提取剩余电量信息...
2026-08-04 09:28:46,406 - WARNING - 未找到电量信息元素，尝试其他方法...
2026-08-04 09:28:46,412 - WARNING - 未找到i标签中的电量信息，尝试其他方法...
2026-08-04 09:28:46,414 - INFO - 在页面源码中查找电量信息...
2026-08-04 09:28:46,421 - WARNING - 未能提取到剩余电量信息
2026-08-04 09:28:46,421 - WARNING - 电量提取第 2 次失败，等待 5s 后重试
2026-08-04 09:28:51,421 - INFO - 开始提取剩余电量信息...
2026-08-04 09:28:51,428 - WARNING - 未找到电量信息元素，尝试其他方法...
2026-08-04 09:28:51,434 - WARNING - 未找到i标签中的电量信息，尝试其他方法...
2026-08-04 09:28:51,435 - INFO - 在页面源码中查找电量信息...
2026-08-04 09:28:51,443 - WARNING - 未能提取到剩余电量信息
2026-08-04 09:28:51,443 - ERROR - 提取剩余电量失败（重试耗尽），认为本次监控流程未成功
监控流程失败，未能成功获取电量数据
Workflow script exited with code 1

=== 第 3 次重试（2026-08-04T17:28:51.655060+08:00）===
[0;93m2026-08-04 09:29:21.863274534 [W:onnxruntime:Default, device_discovery.cc:134 GetPciBusId] Skipping pci_bus_id for PCI path at "/sys/devices/LNXSYSTM:00/LNXSYBUS:00/ACPI0004:00/MSFT1000:00/5620e0c7-8062-4dce-aeb7-520c7ef76171" because filename "5620e0c7-8062-4dce-aeb7-520c7ef76171" did not match expected pattern of [0-9a-f]+:[0-9a-f]+:[0-9a-f]+[.][0-9a-f]+[m
2026-08-04 09:29:22,386 - INFO - Matplotlib 字体设置：使用回退字体列表，首选可用字体: Noto Sans CJK SC
2026-08-04 09:29:23,220 - INFO - 使用指定 ChromeDriver: /usr/bin/chromedriver
2026-08-04 09:29:23,305 - INFO - ddddocr 识别器初始化成功
2026-08-04 09:29:23,416 - INFO - captcha-recognizer 滑块识别模型初始化成功
2026-08-04 09:29:23,416 - INFO - 开始南京大学电费监控流程（自动无头模式）
2026-08-04 09:29:23,416 - INFO - 已初始化并清空验证码图片目录: /home/runner/work/nju_electric_monitor/nju_electric_monitor/src/../data/captcha_workflow
2026-08-04 09:29:23,416 - INFO - 正在打开页面: https://epay.nju.edu.cn/epay/h5/nju/electric/index
2026-08-04 09:29:34,311 - INFO - 等待登录表单加载...
2026-08-04 09:29:34,323 - INFO - 登录表单已加载
2026-08-04 09:29:34,323 - INFO - 开始填写登录表单...
2026-08-04 09:29:34,410 - INFO - 用户名填写完成
2026-08-04 09:29:34,484 - INFO - 密码填写完成
2026-08-04 09:29:34,524 - INFO - 未检测到任何验证方式
2026-08-04 09:29:34,525 - INFO - 登录前验证方式检测: none
2026-08-04 09:29:34,525 - INFO - 未检测到传统验证码，点击登录按钮...
2026-08-04 09:29:34,525 - INFO - 查找并点击登录按钮...
2026-08-04 09:29:34,546 - INFO - 通过 ID=login_submit 找到登录按钮
2026-08-04 09:29:34,598 - INFO - 已点击登录按钮
2026-08-04 09:29:41,624 - INFO - 检测到滑块验证（sliderDiv）
2026-08-04 09:29:41,624 - INFO - 登录后验证方式检测: slider
2026-08-04 09:29:41,624 - INFO - 开始处理滑块验证...
2026-08-04 09:29:43,137 - INFO - 滑块验证第 1/3 轮尝试
2026-08-04 09:29:43,477 - INFO - 滑块缺口 box=[143,67,185,105], confidence=0.947, 截图=278px, DOM=278px, 缩放=1.00x, 拖拽偏移=143px
2026-08-04 09:29:43,477 - INFO - 滑块拖拽尝试 1/2 (偏移=143px)
2026-08-04 09:30:03,671 - INFO - 滑块验证通过（sliderDiv 元素不存在）
2026-08-04 09:30:03,671 - INFO - 滑块验证第 1 轮成功
2026-08-04 09:30:03,671 - INFO - 等待登录成功...
2026-08-04 09:30:03,681 - INFO - 检测到已跳转到电费页面: https://epay.nju.edu.cn/epay/h5/nju/electric/index
2026-08-04 09:30:03,681 - INFO - 尝试选择房间: 4幢/4A211
2026-08-04 09:30:03,689 - INFO - 房间列表已加载
2026-08-04 09:30:03,697 - INFO - 共找到 5 个房间
2026-08-04 09:30:03,715 - INFO - 找到匹配房间: 仙林校区 4幢 4A211 (索引 0)
2026-08-04 09:30:03,773 - INFO - 已点击房间 0 的 label
2026-08-04 09:30:03,779 - INFO - 已通过 Vue check(0) 同步房间选择状态
2026-08-04 09:30:03,780 - INFO - 房间选择完成: 4幢/4A211
2026-08-04 09:30:03,780 - INFO - 查找'去充值'按钮（第 1 次）...
2026-08-04 09:30:03,804 - INFO - 通过文本包含 '去充值' 找到充值按钮
2026-08-04 09:30:05,188 - INFO - 已点击充值按钮
2026-08-04 09:30:08,188 - INFO - 开始提取剩余电量信息...
2026-08-04 09:30:08,199 - WARNING - 未找到电量信息元素，尝试其他方法...
2026-08-04 09:30:08,207 - WARNING - 未找到i标签中的电量信息，尝试其他方法...
2026-08-04 09:30:08,209 - INFO - 在页面源码中查找电量信息...
2026-08-04 09:30:08,220 - WARNING - 未能提取到剩余电量信息
2026-08-04 09:30:08,220 - WARNING - 电量提取第 1 次失败，等待 5s 后重试
2026-08-04 09:30:13,220 - INFO - 开始提取剩余电量信息...
2026-08-04 09:30:13,227 - WARNING - 未找到电量信息元素，尝试其他方法...
2026-08-04 09:30:13,233 - WARNING - 未找到i标签中的电量信息，尝试其他方法...
2026-08-04 09:30:13,235 - INFO - 在页面源码中查找电量信息...
2026-08-04 09:30:13,242 - WARNING - 未能提取到剩余电量信息
2026-08-04 09:30:13,242 - WARNING - 电量提取第 2 次失败，等待 5s 后重试
2026-08-04 09:30:18,242 - INFO - 开始提取剩余电量信息...
2026-08-04 09:30:18,249 - WARNING - 未找到电量信息元素，尝试其他方法...
2026-08-04 09:30:18,254 - WARNING - 未找到i标签中的电量信息，尝试其他方法...
2026-08-04 09:30:18,256 - INFO - 在页面源码中查找电量信息...
2026-08-04 09:30:18,263 - WARNING - 未能提取到剩余电量信息
2026-08-04 09:30:18,263 - ERROR - 提取剩余电量失败（重试耗尽），认为本次监控流程未成功
监控流程失败，未能成功获取电量数据
Workflow script exited with code 1
所有 3 次尝试均失败（最后退出码: 1）
Wrapper end: 2026-08-04T17:30:18.478643+08:00
